Archive member included to satisfy reference by file (symbol)

/home/llsjjz/gnu_toolchain/xpack-arm-none-eabi-gcc-15.2.1-1.1/bin/../lib/gcc/arm-none-eabi/15.2.1/thumb/v7e-m+fp/hard/libgcc.a(_aeabi_uldivmod.o)
                              cmake/stm32cubemx/CMakeFiles/STM32_Drivers.dir/__/__/Drivers/STM32F4xx_HAL_Driver/Src/stm32f4xx_hal_rcc.c.obj (__aeabi_uldivmod)
/home/llsjjz/gnu_toolchain/xpack-arm-none-eabi-gcc-15.2.1-1.1/bin/../lib/gcc/arm-none-eabi/15.2.1/thumb/v7e-m+fp/hard/libgcc.a(_udivmoddi4.o)
                              /home/llsjjz/gnu_toolchain/xpack-arm-none-eabi-gcc-15.2.1-1.1/bin/../lib/gcc/arm-none-eabi/15.2.1/thumb/v7e-m+fp/hard/libgcc.a(_aeabi_uldivmod.o) (__udivmoddi4)
/home/llsjjz/gnu_toolchain/xpack-arm-none-eabi-gcc-15.2.1-1.1/bin/../lib/gcc/arm-none-eabi/15.2.1/thumb/v7e-m+fp/hard/libgcc.a(_dvmd_tls.o)
                              /home/llsjjz/gnu_toolchain/xpack-arm-none-eabi-gcc-15.2.1-1.1/bin/../lib/gcc/arm-none-eabi/15.2.1/thumb/v7e-m+fp/hard/libgcc.a(_aeabi_uldivmod.o) (__aeabi_ldiv0)
/home/llsjjz/gnu_toolchain/xpack-arm-none-eabi-gcc-15.2.1-1.1/bin/../lib/gcc/arm-none-eabi/15.2.1/../../../../arm-none-eabi/lib/thumb/v7e-m+fp/hard/libg_nano.a(libc_a-atexit.o)
                              /home/llsjjz/gnu_toolchain/xpack-arm-none-eabi-gcc-15.2.1-1.1/bin/../lib/gcc/arm-none-eabi/15.2.1/../../../../arm-none-eabi/lib/thumb/v7e-m+fp/hard/crt0.o (atexit)
/home/llsjjz/gnu_toolchain/xpack-arm-none-eabi-gcc-15.2.1-1.1/bin/../lib/gcc/arm-none-eabi/15.2.1/../../../../arm-none-eabi/lib/thumb/v7e-m+fp/hard/libg_nano.a(libc_a-exit.o)
                              /home/llsjjz/gnu_toolchain/xpack-arm-none-eabi-gcc-15.2.1-1.1/bin/../lib/gcc/arm-none-eabi/15.2.1/../../../../arm-none-eabi/lib/thumb/v7e-m+fp/hard/crt0.o (exit)
/home/llsjjz/gnu_toolchain/xpack-arm-none-eabi-gcc-15.2.1-1.1/bin/../lib/gcc/arm-none-eabi/15.2.1/../../../../arm-none-eabi/lib/thumb/v7e-m+fp/hard/libg_nano.a(libc_a-findfp.o)
                              /home/llsjjz/gnu_toolchain/xpack-arm-none-eabi-gcc-15.2.1-1.1/bin/../lib/gcc/arm-none-eabi/15.2.1/../../../../arm-none-eabi/lib/thumb/v7e-m+fp/hard/libg_nano.a(libc_a-exit.o) (__stdio_exit_handler)
/home/llsjjz/gnu_toolchain/xpack-arm-none-eabi-gcc-15.2.1-1.1/bin/../lib/gcc/arm-none-eabi/15.2.1/../../../../arm-none-eabi/lib/thumb/v7e-m+fp/hard/libg_nano.a(libc_a-fwalk.o)
                              /home/llsjjz/gnu_toolchain/xpack-arm-none-eabi-gcc-15.2.1-1.1/bin/../lib/gcc/arm-none-eabi/15.2.1/../../../../arm-none-eabi/lib/thumb/v7e-m+fp/hard/libg_nano.a(libc_a-findfp.o) (_fwalk_sglue)
/home/llsjjz/gnu_toolchain/xpack-arm-none-eabi-gcc-15.2.1-1.1/bin/../lib/gcc/arm-none-eabi/15.2.1/../../../../arm-none-eabi/lib/thumb/v7e-m+fp/hard/libg_nano.a(libc_a-stdio.o)
                              /home/llsjjz/gnu_toolchain/xpack-arm-none-eabi-gcc-15.2.1-1.1/bin/../lib/gcc/arm-none-eabi/15.2.1/../../../../arm-none-eabi/lib/thumb/v7e-m+fp/hard/libg_nano.a(libc_a-findfp.o) (__sread)
/home/llsjjz/gnu_toolchain/xpack-arm-none-eabi-gcc-15.2.1-1.1/bin/../lib/gcc/arm-none-eabi/15.2.1/../../../../arm-none-eabi/lib/thumb/v7e-m+fp/hard/libg_nano.a(libc_a-memset.o)
                              /home/llsjjz/gnu_toolchain/xpack-arm-none-eabi-gcc-15.2.1-1.1/bin/../lib/gcc/arm-none-eabi/15.2.1/../../../../arm-none-eabi/lib/thumb/v7e-m+fp/hard/crt0.o (memset)
/home/llsjjz/gnu_toolchain/xpack-arm-none-eabi-gcc-15.2.1-1.1/bin/../lib/gcc/arm-none-eabi/15.2.1/../../../../arm-none-eabi/lib/thumb/v7e-m+fp/hard/libg_nano.a(libc_a-closer.o)
                              /home/llsjjz/gnu_toolchain/xpack-arm-none-eabi-gcc-15.2.1-1.1/bin/../lib/gcc/arm-none-eabi/15.2.1/../../../../arm-none-eabi/lib/thumb/v7e-m+fp/hard/libg_nano.a(libc_a-stdio.o) (_close_r)
/home/llsjjz/gnu_toolchain/xpack-arm-none-eabi-gcc-15.2.1-1.1/bin/../lib/gcc/arm-none-eabi/15.2.1/../../../../arm-none-eabi/lib/thumb/v7e-m+fp/hard/libg_nano.a(libc_a-reent.o)
                              /home/llsjjz/gnu_toolchain/xpack-arm-none-eabi-gcc-15.2.1-1.1/bin/../lib/gcc/arm-none-eabi/15.2.1/../../../../arm-none-eabi/lib/thumb/v7e-m+fp/hard/libg_nano.a(libc_a-closer.o) (errno)
/home/llsjjz/gnu_toolchain/xpack-arm-none-eabi-gcc-15.2.1-1.1/bin/../lib/gcc/arm-none-eabi/15.2.1/../../../../arm-none-eabi/lib/thumb/v7e-m+fp/hard/libg_nano.a(libc_a-impure.o)
                              /home/llsjjz/gnu_toolchain/xpack-arm-none-eabi-gcc-15.2.1-1.1/bin/../lib/gcc/arm-none-eabi/15.2.1/../../../../arm-none-eabi/lib/thumb/v7e-m+fp/hard/libg_nano.a(libc_a-reent.o) (_impure_ptr)
/home/llsjjz/gnu_toolchain/xpack-arm-none-eabi-gcc-15.2.1-1.1/bin/../lib/gcc/arm-none-eabi/15.2.1/../../../../arm-none-eabi/lib/thumb/v7e-m+fp/hard/libg_nano.a(libc_a-lseekr.o)
                              /home/llsjjz/gnu_toolchain/xpack-arm-none-eabi-gcc-15.2.1-1.1/bin/../lib/gcc/arm-none-eabi/15.2.1/../../../../arm-none-eabi/lib/thumb/v7e-m+fp/hard/libg_nano.a(libc_a-stdio.o) (_lseek_r)
[...]
Memory Configuration

Name             Origin             Length             Attributes
RAM              0x20000000         0x00020000         xrw
CCMRAM           0x10000000         0x00010000         xrw
FLASH            0x08000000         0x00100000         xr
*default*        0x00000000         0xffffffff

Linker script and memory map

LOAD /home/llsjjz/gnu_toolchain/xpack-arm-none-eabi-gcc-15.2.1-1.1/bin/../lib/gcc/arm-none-eabi/15.2.1/thumb/v7e-m+fp/hard/crti.o
LOAD /home/llsjjz/gnu_toolchain/xpack-arm-none-eabi-gcc-15.2.1-1.1/bin/../lib/gcc/arm-none-eabi/15.2.1/thumb/v7e-m+fp/hard/crtbegin.o
LOAD /home/llsjjz/gnu_toolchain/xpack-arm-none-eabi-gcc-15.2.1-1.1/bin/../lib/gcc/arm-none-eabi/15.2.1/../../../../arm-none-eabi/lib/thumb/v7e-m+fp/hard/crt0.o
LOAD cmake/stm32cubemx/CMakeFiles/STM32_Drivers.dir/__/__/Core/Src/system_stm32f4xx.c.obj
LOAD cmake/stm32cubemx/CMakeFiles/STM32_Drivers.dir/__/__/Drivers/STM32F4xx_HAL_Driver/Src/stm32f4xx_hal_can.c.obj
LOAD cmake/stm32cubemx/CMakeFiles/STM32_Drivers.dir/__/__/Drivers/STM32F4xx_HAL_Driver/Src/stm32f4xx_hal_rcc.c.obj
LOAD cmake/stm32cubemx/CMakeFiles/STM32_Drivers.dir/__/__/Drivers/STM32F4xx_HAL_Driver/Src/stm32f4xx_hal_rcc_ex.c.obj
LOAD cmake/stm32cubemx/CMakeFiles/STM32_Drivers.dir/__/__/Drivers/STM32F4xx_HAL_Driver/Src/stm32f4xx_hal_flash.c.obj
LOAD cmake/stm32cubemx/CMakeFiles/STM32_Drivers.dir/__/__/Drivers/STM32F4xx_HAL_Driver/Src/stm32f4xx_hal_flash_ex.c.obj
LOAD cmake/stm32cubemx/CMakeFiles/STM32_Drivers.dir/__/__/Drivers/STM32F4xx_HAL_Driver/Src/stm32f4xx_hal_flash_ramfunc.c.obj
LOAD cmake/stm32cubemx/CMakeFiles/STM32_Drivers.dir/__/__/Drivers/STM32F4xx_HAL_Driver/Src/stm32f4xx_hal_gpio.c.obj
LOAD cmake/stm32cubemx/CMakeFiles/STM32_Drivers.dir/__/__/Drivers/STM32F4xx_HAL_Driver/Src/stm32f4xx_hal_dma_ex.c.obj
LOAD cmake/stm32cubemx/CMakeFiles/STM32_Drivers.dir/__/__/Drivers/STM32F4xx_HAL_Driver/Src/stm32f4xx_hal_dma.c.obj
LOAD cmake/stm32cubemx/CMakeFiles/STM32_Drivers.dir/__/__/Drivers/STM32F4xx_HAL_Driver/Src/stm32f4xx_hal_pwr.c.obj
LOAD cmake/stm32cubemx/CMakeFiles/STM32_Drivers.dir/__/__/Drivers/STM32F4xx_HAL_Driver/Src/stm32f4xx_hal_pwr_ex.c.obj
LOAD cmake/stm32cubemx/CMakeFiles/STM32_Drivers.dir/__/__/Drivers/STM32F4xx_HAL_Driver/Src/stm32f4xx_hal_cortex.c.obj
LOAD cmake/stm32cubemx/CMakeFiles/STM32_Drivers.dir/__/__/Drivers/STM32F4xx_HAL_Driver/Src/stm32f4xx_hal.c.obj
LOAD cmake/stm32cubemx/CMakeFiles/STM32_Drivers.dir/__/__/Drivers/STM32F4xx_HAL_Driver/Src/stm32f4xx_hal_exti.c.obj
LOAD cmake/stm32cubemx/CMakeFiles/STM32_Drivers.dir/__/__/Drivers/STM32F4xx_HAL_Driver/Src/stm32f4xx_hal_uart.c.obj
LOAD CMakeFiles/stm32f407IGH6_26_9_20_0.dir/Core/Src/main.c.obj
LOAD CMakeFiles/stm32f407IGH6_26_9_20_0.dir/Core/Src/gpio.c.obj
LOAD CMakeFiles/stm32f407IGH6_26_9_20_0.dir/Core/Src/can.c.obj
LOAD CMakeFiles/stm32f407IGH6_26_9_20_0.dir/Core/Src/usart.c.obj
LOAD CMakeFiles/stm32f407IGH6_26_9_20_0.dir/Core/Src/stm32f4xx_it.c.obj
LOAD CMakeFiles/stm32f407IGH6_26_9_20_0.dir/Core/Src/stm32f4xx_hal_msp.c.obj
LOAD CMakeFiles/stm32f407IGH6_26_9_20_0.dir/Core/Src/sysmem.c.obj
LOAD CMakeFiles/stm32f407IGH6_26_9_20_0.dir/Core/Src/syscalls.c.obj
LOAD CMakeFiles/stm32f407IGH6_26_9_20_0.dir/startup_stm32f407xx.s.obj
LOAD CMakeFiles/stm32f407IGH6_26_9_20_0.dir/func/Src/func_main.c.obj
LOAD CMakeFiles/stm32f407IGH6_26_9_20_0.dir/func/Src/func_can.c.obj
LOAD /home/llsjjz/gnu_toolchain/xpack-arm-none-eabi-gcc-15.2.1-1.1/bin/../lib/gcc/arm-none-eabi/15.2.1/../../../../arm-none-eabi/lib/thumb/v7e-m+fp/hard/libm.a
START GROUP
LOAD /home/llsjjz/gnu_toolchain/xpack-arm-none-eabi-gcc-15.2.1-1.1/bin/../lib/gcc/arm-none-eabi/15.2.1/thumb/v7e-m+fp/hard/libgcc.a
LOAD /home/llsjjz/gnu_toolchain/xpack-arm-none-eabi-gcc-15.2.1-1.1/bin/../lib/gcc/arm-none-eabi/15.2.1/../../../../arm-none-eabi/lib/thumb/v7e-m+fp/hard/libg_nano.a
LOAD /home/llsjjz/gnu_toolchain/xpack-arm-none-eabi-gcc-15.2.1-1.1/bin/../lib/gcc/arm-none-eabi/15.2.1/../../../../arm-none-eabi/lib/thumb/v7e-m+fp/hard/libc_nano.a
END GROUP
START GROUP
LOAD /home/llsjjz/gnu_toolchain/xpack-arm-none-eabi-gcc-15.2.1-1.1/bin/../lib/gcc/arm-none-eabi/15.2.1/thumb/v7e-m+fp/hard/libgcc.a
LOAD /home/llsjjz/gnu_toolchain/xpack-arm-none-eabi-gcc-15.2.1-1.1/bin/../lib/gcc/arm-none-eabi/15.2.1/../../../../arm-none-eabi/lib/thumb/v7e-m+fp/hard/libc_nano.a
END GROUP
LOAD /home/llsjjz/gnu_toolchain/xpack-arm-none-eabi-gcc-15.2.1-1.1/bin/../lib/gcc/arm-none-eabi/15.2.1/thumb/v7e-m+fp/hard/crtend.o
LOAD /home/llsjjz/gnu_toolchain/xpack-arm-none-eabi-gcc-15.2.1-1.1/bin/../lib/gcc/arm-none-eabi/15.2.1/thumb/v7e-m+fp/hard/crtn.o
                0x20020000                        _estack = (ORIGIN (RAM) + LENGTH (RAM))
                0x2001fc00                        _sstack = (_estack - _Min_Stack_Size)
                0x00000200                        _Min_Heap_Size = 0x200
                0x00000400                        _Min_Stack_Size = 0x400

.isr_vector     0x08000000      0x188
                0x08000000                        . = ALIGN (0x4)
 *(.isr_vector)
 .isr_vector    0x08000000      0x188 CMakeFiles/stm32f407IGH6_26_9_20_0.dir/startup_stm32f407xx.s.obj
                0x08000000                g_pfnVectors
                0x08000188                        . = ALIGN (0x4)

.text           0x08000188     0x3598
                0x08000188                        . = ALIGN (0x4)
 *(.text)
 .text          0x08000188       0x30 /home/llsjjz/gnu_toolchain/xpack-arm-none-eabi-gcc-15.2.1-1.1/bin/../lib/gcc/arm-none-eabi/15.2.1/thumb/v7e-m+fp/hard/libgcc.a(_aeabi_uldivmod.o)
                0x08000188                __aeabi_uldivmod
 .text          0x080001b8        0x4 /home/llsjjz/gnu_toolchain/xpack-arm-none-eabi-gcc-15.2.1-1.1/bin/../lib/gcc/arm-none-eabi/15.2.1/thumb/v7e-m+fp/hard/libgcc.a(_dvmd_tls.o)
                0x080001b8                __aeabi_ldiv0
                0x080001b8                __aeabi_idiv0
 *(.text*)
 .text.__do_global_dtors_aux
                0x080001bc       0x28 /home/llsjjz/gnu_toolchain/xpack-arm-none-eabi-gcc-15.2.1-1.1/bin/../lib/gcc/arm-none-eabi/15.2.1/thumb/v7e-m+fp/hard/crtbegin.o
 .text.frame_dummy
                0x080001e4       0x1c /home/llsjjz/gnu_toolchain/xpack-arm-none-eabi-gcc-15.2.1-1.1/bin/../lib/gcc/arm-none-eabi/15.2.1/thumb/v7e-m+fp/hard/crtbegin.o
 .text.SystemInit
                0x08000200       0x20 cmake/stm32cubemx/CMakeFiles/STM32_Drivers.dir/__/__/Core/Src/system_stm32f4xx.c.obj
                0x08000200                SystemInit
 .text.HAL_CAN_Init
                0x08000220      0x1f6 cmake/stm32cubemx/CMakeFiles/STM32_Drivers.dir/__/__/Drivers/STM32F4xx_HAL_Driver/Src/stm32f4xx_hal_can.c.obj
                0x08000220                HAL_CAN_Init
 *fill*         0x08000416        0x2 
 .text.HAL_CAN_ConfigFilter
                0x08000418      0x1b8 cmake/stm32cubemx/CMakeFiles/STM32_Drivers.dir/__/__/Drivers/STM32F4xx_HAL_Driver/Src/stm32f4xx_hal_can.c.obj
                0x08000418                HAL_CAN_ConfigFilter
 .text.HAL_CAN_Start
                0x080005d0       0x88 cmake/stm32cubemx/CMakeFiles/STM32_Drivers.dir/__/__/Drivers/STM32F4xx_HAL_Driver/Src/stm32f4xx_hal_can.c.obj
                0x080005d0                HAL_CAN_Start
 .text.HAL_CAN_GetRxMessage
                0x08000658      0x242 cmake/stm32cubemx/CMakeFiles/STM32_Drivers.dir/__/__/Drivers/STM32F4xx_HAL_Driver/Src/stm32f4xx_hal_can.c.obj
                0x08000658                HAL_CAN_GetRxMessage
 .text.HAL_CAN_ActivateNotification
                0x0800089a       0x4a cmake/stm32cubemx/CMakeFiles/STM32_Drivers.dir/__/__/Drivers/STM32F4xx_HAL_Driver/Src/stm32f4xx_hal_can.c.obj
                0x0800089a                HAL_CAN_ActivateNotification
 .text.HAL_CAN_IRQHandler
                0x080008e4      0x36e cmake/stm32cubemx/CMakeFiles/STM32_Drivers.dir/__/__/Drivers/STM32F4xx_HAL_Driver/Src/stm32f4xx_hal_can.c.obj
                0x080008e4                HAL_CAN_IRQHandler
 .text.HAL_CAN_TxMailbox0CompleteCallback
                0x08000c52       0x12 cmake/stm32cubemx/CMakeFiles/STM32_Drivers.dir/__/__/Drivers/STM32F4xx_HAL_Driver/Src/stm32f4xx_hal_can.c.obj
                0x08000c52                HAL_CAN_TxMailbox0CompleteCallback
 .text.HAL_CAN_TxMailbox1CompleteCallback
                0x08000c64       0x12 cmake/stm32cubemx/CMakeFiles/STM32_Drivers.dir/__/__/Drivers/STM32F4xx_HAL_Driver/Src/stm32f4xx_hal_can.c.obj
                0x08000c64                HAL_CAN_TxMailbox1CompleteCallback
 .text.HAL_CAN_TxMailbox2CompleteCallback
                0x08000c76       0x12 cmake/stm32cubemx/CMakeFiles/STM32_Drivers.dir/__/__/Drivers/STM32F4xx_HAL_Driver/Src/stm32f4xx_hal_can.c.obj
                0x08000c76                HAL_CAN_TxMailbox2CompleteCallback
 .text.HAL_CAN_TxMailbox0AbortCallback
                0x08000c88       0x12 cmake/stm32cubemx/CMakeFiles/STM32_Drivers.dir/__/__/Drivers/STM32F4xx_HAL_Driver/Src/stm32f4xx_hal_can.c.obj
                0x08000c88                HAL_CAN_TxMailbox0AbortCallback
 .text.HAL_CAN_TxMailbox1AbortCallback
                0x08000c9a       0x12 cmake/stm32cubemx/CMakeFiles/STM32_Drivers.dir/__/__/Drivers/STM32F4xx_HAL_Driver/Src/stm32f4xx_hal_can.c.obj
                0x08000c9a                HAL_CAN_TxMailbox1AbortCallback
 .text.HAL_CAN_TxMailbox2AbortCallback
                0x08000cac       0x12 cmake/stm32cubemx/CMakeFiles/STM32_Drivers.dir/__/__/Drivers/STM32F4xx_HAL_Driver/Src/stm32f4xx_hal_can.c.obj
                0x08000cac                HAL_CAN_TxMailbox2AbortCallback
 .text.HAL_CAN_RxFifo0FullCallback
                0x08000cbe       0x12 cmake/stm32cubemx/CMakeFiles/STM32_Drivers.dir/__/__/Drivers/STM32F4xx_HAL_Driver/Src/stm32f4xx_hal_can.c.obj
                0x08000cbe                HAL_CAN_RxFifo0FullCallback
 .text.HAL_CAN_RxFifo1MsgPendingCallback
                0x08000cd0       0x12 cmake/stm32cubemx/CMakeFiles/STM32_Drivers.dir/__/__/Drivers/STM32F4xx_HAL_Driver/Src/stm32f4xx_hal_can.c.obj
                0x08000cd0                HAL_CAN_RxFifo1MsgPendingCallback
 .text.HAL_CAN_RxFifo1FullCallback
                0x08000ce2       0x12 cmake/stm32cubemx/CMakeFiles/STM32_Drivers.dir/__/__/Drivers/STM32F4xx_HAL_Driver/Src/stm32f4xx_hal_can.c.obj
                0x08000ce2                HAL_CAN_RxFifo1FullCallback
 .text.HAL_CAN_SleepCallback
                0x08000cf4       0x12 cmake/stm32cubemx/CMakeFiles/STM32_Drivers.dir/__/__/Drivers/STM32F4xx_HAL_Driver/Src/stm32f4xx_hal_can.c.obj
                0x08000cf4                HAL_CAN_SleepCallback
 .text.HAL_CAN_WakeUpFromRxMsgCallback
                0x08000d06       0x12 cmake/stm32cubemx/CMakeFiles/STM32_Drivers.dir/__/__/Drivers/STM32F4xx_HAL_Driver/Src/stm32f4xx_hal_can.c.obj
                0x08000d06                HAL_CAN_WakeUpFromRxMsgCallback
 .text.HAL_CAN_ErrorCallback
                0x08000d18       0x12 cmake/stm32cubemx/CMakeFiles/STM32_Drivers.dir/__/__/Drivers/STM32F4xx_HAL_Driver/Src/stm32f4xx_hal_can.c.obj
                0x08000d18                HAL_CAN_ErrorCallback
 *fill*         0x08000d2a        0x2 
 .text.HAL_RCC_OscConfig
                0x08000d2c      0x4f0 cmake/stm32cubemx/CMakeFiles/STM32_Drivers.dir/__/__/Drivers/STM32F4xx_HAL_Driver/Src/stm32f4xx_hal_rcc.c.obj
                0x08000d2c                HAL_RCC_OscConfig
 .text.HAL_RCC_ClockConfig
                0x0800121c      0x1cc cmake/stm32cubemx/CMakeFiles/STM32_Drivers.dir/__/__/Drivers/STM32F4xx_HAL_Driver/Src/stm32f4xx_hal_rcc.c.obj
                0x0800121c                HAL_RCC_ClockConfig
 .text.HAL_RCC_GetSysClockFreq
                0x080013e8      0x188 cmake/stm32cubemx/CMakeFiles/STM32_Drivers.dir/__/__/Drivers/STM32F4xx_HAL_Driver/Src/stm32f4xx_hal_rcc.c.obj
                0x080013e8                HAL_RCC_GetSysClockFreq
 .text.HAL_RCC_GetHCLKFreq
                0x08001570       0x14 cmake/stm32cubemx/CMakeFiles/STM32_Drivers.dir/__/__/Drivers/STM32F4xx_HAL_Driver/Src/stm32f4xx_hal_rcc.c.obj
                0x08001570                HAL_RCC_GetHCLKFreq
 .text.HAL_RCC_GetPCLK1Freq
                0x08001584       0x28 cmake/stm32cubemx/CMakeFiles/STM32_Drivers.dir/__/__/Drivers/STM32F4xx_HAL_Driver/Src/stm32f4xx_hal_rcc.c.obj
                0x08001584                HAL_RCC_GetPCLK1Freq
 .text.HAL_RCC_GetPCLK2Freq
                0x080015ac       0x28 cmake/stm32cubemx/CMakeFiles/STM32_Drivers.dir/__/__/Drivers/STM32F4xx_HAL_Driver/Src/stm32f4xx_hal_rcc.c.obj
                0x080015ac                HAL_RCC_GetPCLK2Freq
 .text.HAL_GPIO_Init
                0x080015d4      0x334 cmake/stm32cubemx/CMakeFiles/STM32_Drivers.dir/__/__/Drivers/STM32F4xx_HAL_Driver/Src/stm32f4xx_hal_gpio.c.obj
                0x080015d4                HAL_GPIO_Init
 .text.HAL_DMA_Abort
                0x08001908       0xe0 cmake/stm32cubemx/CMakeFiles/STM32_Drivers.dir/__/__/Drivers/STM32F4xx_HAL_Driver/Src/stm32f4xx_hal_dma.c.obj
                0x08001908                HAL_DMA_Abort
 .text.HAL_DMA_Abort_IT
                0x080019e8       0x42 cmake/stm32cubemx/CMakeFiles/STM32_Drivers.dir/__/__/Drivers/STM32F4xx_HAL_Driver/Src/stm32f4xx_hal_dma.c.obj
                0x080019e8                HAL_DMA_Abort_IT
 *fill*         0x08001a2a        0x2 
 .text.__NVIC_SetPriorityGrouping
                0x08001a2c       0x48 cmake/stm32cubemx/CMakeFiles/STM32_Drivers.dir/__/__/Drivers/STM32F4xx_HAL_Driver/Src/stm32f4xx_hal_cortex.c.obj
 .text.__NVIC_GetPriorityGrouping
                0x08001a74       0x1c cmake/stm32cubemx/CMakeFiles/STM32_Drivers.dir/__/__/Drivers/STM32F4xx_HAL_Driver/Src/stm32f4xx_hal_cortex.c.obj
 .text.__NVIC_EnableIRQ
                0x08001a90       0x38 cmake/stm32cubemx/CMakeFiles/STM32_Drivers.dir/__/__/Drivers/STM32F4xx_HAL_Driver/Src/stm32f4xx_hal_cortex.c.obj
 .text.__NVIC_SetPriority
                0x08001ac8       0x54 cmake/stm32cubemx/CMakeFiles/STM32_Drivers.dir/__/__/Drivers/STM32F4xx_HAL_Driver/Src/stm32f4xx_hal_cortex.c.obj
 .text.NVIC_EncodePriority
                0x08001b1c       0x6e cmake/stm32cubemx/CMakeFiles/STM32_Drivers.dir/__/__/Drivers/STM32F4xx_HAL_Driver/Src/stm32f4xx_hal_cortex.c.obj
 *fill*         0x08001b8a        0x2 
 .text.SysTick_Config
                0x08001b8c       0x44 cmake/stm32cubemx/CMakeFiles/STM32_Drivers.dir/__/__/Drivers/STM32F4xx_HAL_Driver/Src/stm32f4xx_hal_cortex.c.obj
 .text.HAL_NVIC_SetPriorityGrouping
                0x08001bd0       0x16 cmake/stm32cubemx/CMakeFiles/STM32_Drivers.dir/__/__/Drivers/STM32F4xx_HAL_Driver/Src/stm32f4xx_hal_cortex.c.obj
                0x08001bd0                HAL_NVIC_SetPriorityGrouping
 .text.HAL_NVIC_SetPriority
                0x08001be6       0x38 cmake/stm32cubemx/CMakeFiles/STM32_Drivers.dir/__/__/Drivers/STM32F4xx_HAL_Driver/Src/stm32f4xx_hal_cortex.c.obj
                0x08001be6                HAL_NVIC_SetPriority
 .text.HAL_NVIC_EnableIRQ
                0x08001c1e       0x1c cmake/stm32cubemx/CMakeFiles/STM32_Drivers.dir/__/__/Drivers/STM32F4xx_HAL_Driver/Src/stm32f4xx_hal_cortex.c.obj
                0x08001c1e                HAL_NVIC_EnableIRQ
 .text.HAL_SYSTICK_Config
                0x08001c3a       0x18 cmake/stm32cubemx/CMakeFiles/STM32_Drivers.dir/__/__/Drivers/STM32F4xx_HAL_Driver/Src/stm32f4xx_hal_cortex.c.obj
                0x08001c3a                HAL_SYSTICK_Config
 *fill*         0x08001c52        0x2 
 .text.HAL_Init
                0x08001c54       0x44 cmake/stm32cubemx/CMakeFiles/STM32_Drivers.dir/__/__/Drivers/STM32F4xx_HAL_Driver/Src/stm32f4xx_hal.c.obj
                0x08001c54                HAL_Init
 .text.HAL_InitTick
                0x08001c98       0x60 cmake/stm32cubemx/CMakeFiles/STM32_Drivers.dir/__/__/Drivers/STM32F4xx_HAL_Driver/Src/stm32f4xx_hal.c.obj
                0x08001c98                HAL_InitTick
 .text.HAL_IncTick
                0x08001cf8       0x24 cmake/stm32cubemx/CMakeFiles/STM32_Drivers.dir/__/__/Drivers/STM32F4xx_HAL_Driver/Src/stm32f4xx_hal.c.obj
                0x08001cf8                HAL_IncTick
 .text.HAL_GetTick
                0x08001d1c       0x14 cmake/stm32cubemx/CMakeFiles/STM32_Drivers.dir/__/__/Drivers/STM32F4xx_HAL_Driver/Src/stm32f4xx_hal.c.obj
                0x08001d1c                HAL_GetTick
 .text.HAL_Delay
                0x08001d30       0x48 cmake/stm32cubemx/CMakeFiles/STM32_Drivers.dir/__/__/Drivers/STM32F4xx_HAL_Driver/Src/stm32f4xx_hal.c.obj
                0x08001d30                HAL_Delay
 .text.HAL_UART_Init
                0x08001d78       0xa0 cmake/stm32cubemx/CMakeFiles/STM32_Drivers.dir/__/__/Drivers/STM32F4xx_HAL_Driver/Src/stm32f4xx_hal_uart.c.obj
                0x08001d78                HAL_UART_Init
 .text.HAL_UART_IRQHandler
                0x08001e18      0x550 cmake/stm32cubemx/CMakeFiles/STM32_Drivers.dir/__/__/Drivers/STM32F4xx_HAL_Driver/Src/stm32f4xx_hal_uart.c.obj
                0x08001e18                HAL_UART_IRQHandler
 .text.HAL_UART_TxCpltCallback
                0x08002368       0x12 cmake/stm32cubemx/CMakeFiles/STM32_Drivers.dir/__/__/Drivers/STM32F4xx_HAL_Driver/Src/stm32f4xx_hal_uart.c.obj
                0x08002368                HAL_UART_TxCpltCallback
 .text.HAL_UART_RxCpltCallback
                0x0800237a       0x12 cmake/stm32cubemx/CMakeFiles/STM32_Drivers.dir/__/__/Drivers/STM32F4xx_HAL_Driver/Src/stm32f4xx_hal_uart.c.obj
                0x0800237a                HAL_UART_RxCpltCallback
 .text.HAL_UART_ErrorCallback
                0x0800238c       0x12 cmake/stm32cubemx/CMakeFiles/STM32_Drivers.dir/__/__/Drivers/STM32F4xx_HAL_Driver/Src/stm32f4xx_hal_uart.c.obj
                0x0800238c                HAL_UART_ErrorCallback
 .text.HAL_UARTEx_RxEventCallback
                0x0800239e       0x16 cmake/stm32cubemx/CMakeFiles/STM32_Drivers.dir/__/__/Drivers/STM32F4xx_HAL_Driver/Src/stm32f4xx_hal_uart.c.obj
                0x0800239e                HAL_UARTEx_RxEventCallback
 .text.UART_EndRxTransfer
                0x080023b4       0xc4 cmake/stm32cubemx/CMakeFiles/STM32_Drivers.dir/__/__/Drivers/STM32F4xx_HAL_Driver/Src/stm32f4xx_hal_uart.c.obj
 .text.UART_DMAAbortOnError
                0x08002478       0x22 cmake/stm32cubemx/CMakeFiles/STM32_Drivers.dir/__/__/Drivers/STM32F4xx_HAL_Driver/Src/stm32f4xx_hal_uart.c.obj
 .text.UART_Transmit_IT
                0x0800249a       0x9e cmake/stm32cubemx/CMakeFiles/STM32_Drivers.dir/__/__/Drivers/STM32F4xx_HAL_Driver/Src/stm32f4xx_hal_uart.c.obj
 .text.UART_EndTransmit_IT
                0x08002538       0x30 cmake/stm32cubemx/CMakeFiles/STM32_Drivers.dir/__/__/Drivers/STM32F4xx_HAL_Driver/Src/stm32f4xx_hal_uart.c.obj
 .text.UART_Receive_IT
                0x08002568      0x17c cmake/stm32cubemx/CMakeFiles/STM32_Drivers.dir/__/__/Drivers/STM32F4xx_HAL_Driver/Src/stm32f4xx_hal_uart.c.obj
 .text.UART_SetConfig
                0x080026e4      0x4e8 cmake/stm32cubemx/CMakeFiles/STM32_Drivers.dir/__/__/Drivers/STM32F4xx_HAL_Driver/Src/stm32f4xx_hal_uart.c.obj
 .text.main     0x08002bcc       0x22 CMakeFiles/stm32f407IGH6_26_9_20_0.dir/Core/Src/main.c.obj
                0x08002bcc                main
 *fill*         0x08002bee        0x2 
 .text.SystemClock_Config
                0x08002bf0       0xd4 CMakeFiles/stm32f407IGH6_26_9_20_0.dir/Core/Src/main.c.obj
                0x08002bf0                SystemClock_Config
 .text.Error_Handler
                0x08002cc4        0xc CMakeFiles/stm32f407IGH6_26_9_20_0.dir/Core/Src/main.c.obj
                0x08002cc4                Error_Handler
 .text.MX_GPIO_Init
                0x08002cd0       0xa0 CMakeFiles/stm32f407IGH6_26_9_20_0.dir/Core/Src/gpio.c.obj
                0x08002cd0                MX_GPIO_Init
 .text.MX_CAN1_Init
                0x08002d70       0x6c CMakeFiles/stm32f407IGH6_26_9_20_0.dir/Core/Src/can.c.obj
                0x08002d70                MX_CAN1_Init
 .text.HAL_CAN_MspInit
                0x08002ddc       0xa0 CMakeFiles/stm32f407IGH6_26_9_20_0.dir/Core/Src/can.c.obj
                0x08002ddc                HAL_CAN_MspInit
 .text.MX_USART1_UART_Init
                0x08002e7c       0x54 CMakeFiles/stm32f407IGH6_26_9_20_0.dir/Core/Src/usart.c.obj
                0x08002e7c                MX_USART1_UART_Init
 .text.HAL_UART_MspInit
                0x08002ed0       0xe0 CMakeFiles/stm32f407IGH6_26_9_20_0.dir/Core/Src/usart.c.obj
                0x08002ed0                HAL_UART_MspInit
 .text.NMI_Handler
                0x08002fb0        0x8 CMakeFiles/stm32f407IGH6_26_9_20_0.dir/Core/Src/stm32f4xx_it.c.obj
                0x08002fb0                NMI_Handler
 .text.HardFault_Handler
                0x08002fb8        0x8 CMakeFiles/stm32f407IGH6_26_9_20_0.dir/Core/Src/stm32f4xx_it.c.obj
                0x08002fb8                HardFault_Handler
 .text.MemManage_Handler
                0x08002fc0        0x8 CMakeFiles/stm32f407IGH6_26_9_20_0.dir/Core/Src/stm32f4xx_it.c.obj
                0x08002fc0                MemManage_Handler
 .text.BusFault_Handler
                0x08002fc8        0x8 CMakeFiles/stm32f407IGH6_26_9_20_0.dir/Core/Src/stm32f4xx_it.c.obj
                0x08002fc8                BusFault_Handler
 .text.UsageFault_Handler
                0x08002fd0        0x8 CMakeFiles/stm32f407IGH6_26_9_20_0.dir/Core/Src/stm32f4xx_it.c.obj
                0x08002fd0                UsageFault_Handler
 .text.SVC_Handler
                0x08002fd8        0xc CMakeFiles/stm32f407IGH6_26_9_20_0.dir/Core/Src/stm32f4xx_it.c.obj
                0x08002fd8                SVC_Handler
 .text.DebugMon_Handler
                0x08002fe4        0xc CMakeFiles/stm32f407IGH6_26_9_20_0.dir/Core/Src/stm32f4xx_it.c.obj
                0x08002fe4                DebugMon_Handler
 .text.PendSV_Handler
                0x08002ff0        0xc CMakeFiles/stm32f407IGH6_26_9_20_0.dir/Core/Src/stm32f4xx_it.c.obj
                0x08002ff0                PendSV_Handler
 .text.SysTick_Handler
                0x08002ffc        0xc CMakeFiles/stm32f407IGH6_26_9_20_0.dir/Core/Src/stm32f4xx_it.c.obj
                0x08002ffc                SysTick_Handler
 .text.CAN1_RX0_IRQHandler
                0x08003008       0x14 CMakeFiles/stm32f407IGH6_26_9_20_0.dir/Core/Src/stm32f4xx_it.c.obj
                0x08003008                CAN1_RX0_IRQHandler
 .text.USART1_IRQHandler
                0x0800301c       0x14 CMakeFiles/stm32f407IGH6_26_9_20_0.dir/Core/Src/stm32f4xx_it.c.obj
                0x0800301c                USART1_IRQHandler
 .text.HAL_MspInit
                0x08003030       0x4c CMakeFiles/stm32f407IGH6_26_9_20_0.dir/Core/Src/stm32f4xx_hal_msp.c.obj
                0x08003030                HAL_MspInit
 .text.Reset_Handler
                0x0800307c       0x50 CMakeFiles/stm32f407IGH6_26_9_20_0.dir/startup_stm32f407xx.s.obj
                0x0800307c                Reset_Handler
 .text.Default_Handler
                0x080030cc        0x2 CMakeFiles/stm32f407IGH6_26_9_20_0.dir/startup_stm32f407xx.s.obj
                0x080030cc                RTC_Alarm_IRQHandler
                0x080030cc                HASH_RNG_IRQHandler
                0x080030cc                EXTI2_IRQHandler
                0x080030cc                TIM8_CC_IRQHandler
                0x080030cc                TIM1_CC_IRQHandler
                0x080030cc                DMA2_Stream5_IRQHandler
                0x080030cc                DMA1_Stream5_IRQHandler
                0x080030cc                PVD_IRQHandler
                0x080030cc                SDIO_IRQHandler
                0x080030cc                TAMP_STAMP_IRQHandler
                0x080030cc                CAN2_RX1_IRQHandler
                0x080030cc                EXTI3_IRQHandler
                0x080030cc                TIM8_TRG_COM_TIM14_IRQHandler
                0x080030cc                TIM1_UP_TIM10_IRQHandler
                0x080030cc                TIM8_UP_TIM13_IRQHandler
                0x080030cc                I2C3_ER_IRQHandler
                0x080030cc                EXTI0_IRQHandler
                0x080030cc                I2C2_EV_IRQHandler
                0x080030cc                DMA1_Stream2_IRQHandler
                0x080030cc                FPU_IRQHandler
                0x080030cc                OTG_HS_WKUP_IRQHandler
                0x080030cc                CAN2_SCE_IRQHandler
                0x080030cc                DMA2_Stream2_IRQHandler
                0x080030cc                SPI1_IRQHandler
                0x080030cc                TIM6_DAC_IRQHandler
                0x080030cc                TIM1_BRK_TIM9_IRQHandler
                0x080030cc                DCMI_IRQHandler
                0x080030cc                CAN2_RX0_IRQHandler
                0x080030cc                DMA2_Stream3_IRQHandler
                0x080030cc                USART6_IRQHandler
                0x080030cc                USART3_IRQHandler
                0x080030cc                CAN1_RX1_IRQHandler
                0x080030cc                UART5_IRQHandler
                0x080030cc                DMA2_Stream0_IRQHandler
                0x080030cc                TIM4_IRQHandler
                0x080030cc                I2C1_EV_IRQHandler
                0x080030cc                DMA1_Stream6_IRQHandler
                0x080030cc                DMA1_Stream1_IRQHandler
                0x080030cc                UART4_IRQHandler
                0x080030cc                TIM3_IRQHandler
                0x080030cc                RCC_IRQHandler
                0x080030cc                TIM8_BRK_TIM12_IRQHandler
                0x080030cc                Default_Handler
                0x080030cc                EXTI15_10_IRQHandler
                0x080030cc                ADC_IRQHandler
                0x080030cc                DMA1_Stream7_IRQHandler
                0x080030cc                TIM7_IRQHandler
                0x080030cc                CAN2_TX_IRQHandler
                0x080030cc                TIM5_IRQHandler
                0x080030cc                DMA2_Stream7_IRQHandler
                0x080030cc                I2C3_EV_IRQHandler
                0x080030cc                EXTI9_5_IRQHandler
                0x080030cc                RTC_WKUP_IRQHandler
                0x080030cc                ETH_WKUP_IRQHandler
                0x080030cc                SPI2_IRQHandler
                0x080030cc                OTG_HS_EP1_IN_IRQHandler
                0x080030cc                DMA1_Stream0_IRQHandler
                0x080030cc                CAN1_TX_IRQHandler
                0x080030cc                EXTI4_IRQHandler
                0x080030cc                FSMC_IRQHandler
                0x080030cc                ETH_IRQHandler
                0x080030cc                OTG_HS_EP1_OUT_IRQHandler
                0x080030cc                WWDG_IRQHandler
                0x080030cc                TIM2_IRQHandler
                0x080030cc                OTG_FS_WKUP_IRQHandler
                0x080030cc                TIM1_TRG_COM_TIM11_IRQHandler
                0x080030cc                OTG_HS_IRQHandler
                0x080030cc                EXTI1_IRQHandler
                0x080030cc                USART2_IRQHandler
                0x080030cc                I2C2_ER_IRQHandler
                0x080030cc                DMA2_Stream1_IRQHandler
                0x080030cc                CAN1_SCE_IRQHandler
                0x080030cc                FLASH_IRQHandler
                0x080030cc                DMA2_Stream4_IRQHandler
                0x080030cc                OTG_FS_IRQHandler
                0x080030cc                SPI3_IRQHandler
                0x080030cc                DMA1_Stream4_IRQHandler
                0x080030cc                I2C1_ER_IRQHandler
                0x080030cc                DMA2_Stream6_IRQHandler
                0x080030cc                DMA1_Stream3_IRQHandler
 .text.func_main_init
                0x080030ce        0xc CMakeFiles/stm32f407IGH6_26_9_20_0.dir/func/Src/func_main.c.obj
                0x080030ce                func_main_init
 .text.func_main_run
                0x080030da        0xe CMakeFiles/stm32f407IGH6_26_9_20_0.dir/func/Src/func_main.c.obj
                0x080030da                func_main_run
 .text.uint_to_float
                0x080030e8       0x62 CMakeFiles/stm32f407IGH6_26_9_20_0.dir/func/Src/func_can.c.obj
 *fill*         0x0800314a        0x2 
 .text.func_can_init
                0x0800314c       0x70 CMakeFiles/stm32f407IGH6_26_9_20_0.dir/func/Src/func_can.c.obj
                0x0800314c                func_can_init
 .text.HAL_CAN_RxFifo0MsgPendingCallback
                0x080031bc      0x1d4 CMakeFiles/stm32f407IGH6_26_9_20_0.dir/func/Src/func_can.c.obj
                0x080031bc                HAL_CAN_RxFifo0MsgPendingCallback
 .text.__udivmoddi4
                0x08003390      0x320 /home/llsjjz/gnu_toolchain/xpack-arm-none-eabi-gcc-15.2.1-1.1/bin/../lib/gcc/arm-none-eabi/15.2.1/thumb/v7e-m+fp/hard/libgcc.a(_udivmoddi4.o)
                0x08003390                __udivmoddi4
 .text.memset   0x080036b0       0x10 /home/llsjjz/gnu_toolchain/xpack-arm-none-eabi-gcc-15.2.1-1.1/bin/../lib/gcc/arm-none-eabi/15.2.1/../../../../arm-none-eabi/lib/thumb/v7e-m+fp/hard/libg_nano.a(libc_a-memset.o)
                0x080036b0                memset
 .text.__libc_init_array
                0x080036c0       0x48 /home/llsjjz/gnu_toolchain/xpack-arm-none-eabi-gcc-15.2.1-1.1/bin/../lib/gcc/arm-none-eabi/15.2.1/../../../../arm-none-eabi/lib/thumb/v7e-m+fp/hard/libg_nano.a(libc_a-init.o)
                0x080036c0                __libc_init_array
 *(.glue_7)
 .glue_7        0x08003708        0x0 linker stubs
 *(.glue_7t)
 .glue_7t       0x08003708        0x0 linker stubs
 *(.eh_frame)
 .eh_frame      0x08003708        0x0 /home/llsjjz/gnu_toolchain/xpack-arm-none-eabi-gcc-15.2.1-1.1/bin/../lib/gcc/arm-none-eabi/15.2.1/thumb/v7e-m+fp/hard/crtbegin.o
 *(.init)
 .init          0x08003708        0x4 /home/llsjjz/gnu_toolchain/xpack-arm-none-eabi-gcc-15.2.1-1.1/bin/../lib/gcc/arm-none-eabi/15.2.1/thumb/v7e-m+fp/hard/crti.o
                0x08003708                _init
 .init          0x0800370c        0x8 /home/llsjjz/gnu_toolchain/xpack-arm-none-eabi-gcc-15.2.1-1.1/bin/../lib/gcc/arm-none-eabi/15.2.1/thumb/v7e-m+fp/hard/crtn.o
 *(.fini)
 .fini          0x08003714        0x4 /home/llsjjz/gnu_toolchain/xpack-arm-none-eabi-gcc-15.2.1-1.1/bin/../lib/gcc/arm-none-eabi/15.2.1/thumb/v7e-m+fp/hard/crti.o
                0x08003714                _fini
 .fini          0x08003718        0x8 /home/llsjjz/gnu_toolchain/xpack-arm-none-eabi-gcc-15.2.1-1.1/bin/../lib/gcc/arm-none-eabi/15.2.1/thumb/v7e-m+fp/hard/crtn.o
                0x08003720                        . = ALIGN (0x4)
                0x08003720                        _etext = .

.vfp11_veneer   0x08003720        0x0
 .vfp11_veneer  0x08003720        0x0 linker stubs

.v4_bx          0x08003720        0x0
 .v4_bx         0x08003720        0x0 linker stubs

.iplt           0x08003720        0x0
 .iplt          0x08003720        0x0 /home/llsjjz/gnu_toolchain/xpack-arm-none-eabi-gcc-15.2.1-1.1/bin/../lib/gcc/arm-none-eabi/15.2.1/thumb/v7e-m+fp/hard/crtbegin.o

.rodata         0x08003720       0x18
                0x08003720                        . = ALIGN (0x4)
 *(.rodata)
 *(.rodata*)
 .rodata.AHBPrescTable
                0x08003720       0x10 cmake/stm32cubemx/CMakeFiles/STM32_Drivers.dir/__/__/Core/Src/system_stm32f4xx.c.obj
                0x08003720                AHBPrescTable
 .rodata.APBPrescTable
                0x08003730        0x8 cmake/stm32cubemx/CMakeFiles/STM32_Drivers.dir/__/__/Core/Src/system_stm32f4xx.c.obj
                0x08003730                APBPrescTable
                0x08003738                        . = ALIGN (0x4)

.ARM.extab      0x08003738        0x0
                0x08003738                        . = ALIGN (0x4)
 *(.ARM.extab* .gnu.linkonce.armextab.*)
                0x08003738                        . = ALIGN (0x4)

.ARM            0x08003738        0x8
                0x08003738                        . = ALIGN (0x4)
                0x08003738                        __exidx_start = .
 *(.ARM.exidx*)
 .ARM.exidx.text.__udivmoddi4
                0x08003738        0x8 /home/llsjjz/gnu_toolchain/xpack-arm-none-eabi-gcc-15.2.1-1.1/bin/../lib/gcc/arm-none-eabi/15.2.1/thumb/v7e-m+fp/hard/libgcc.a(_udivmoddi4.o)
                0x08003740                        __exidx_end = .
                0x08003740                        . = ALIGN (0x4)

.preinit_array  0x08003740        0x0
                0x08003740                        . = ALIGN (0x4)
                0x08003740                        PROVIDE (__preinit_array_start = .)
 *(.preinit_array*)
                0x08003740                        PROVIDE (__preinit_array_end = .)
                0x08003740                        . = ALIGN (0x4)

.init_array     0x08003740        0x4
                0x08003740                        . = ALIGN (0x4)
                0x08003740                        PROVIDE (__init_array_start = .)
 *(SORT_BY_NAME(.init_array.*))
 *(.init_array*)
 .init_array    0x08003740        0x4 /home/llsjjz/gnu_toolchain/xpack-arm-none-eabi-gcc-15.2.1-1.1/bin/../lib/gcc/arm-none-eabi/15.2.1/thumb/v7e-m+fp/hard/crtbegin.o
                0x08003744                        PROVIDE (__init_array_end = .)
                0x08003744                        . = ALIGN (0x4)

.fini_array     0x08003744        0x4
                0x08003744                        . = ALIGN (0x4)
                0x08003744                        PROVIDE (__fini_array_start = .)
 *(SORT_BY_NAME(.fini_array.*))
 *(.fini_array*)
 .fini_array    0x08003744        0x4 /home/llsjjz/gnu_toolchain/xpack-arm-none-eabi-gcc-15.2.1-1.1/bin/../lib/gcc/arm-none-eabi/15.2.1/thumb/v7e-m+fp/hard/crtbegin.o
                0x08003748                        PROVIDE (__fini_array_end = .)
                0x08003748                        . = ALIGN (0x4)
                0x08003748                        _siccmram = LOADADDR (.ccmram)

.rel.dyn        0x08003748        0x0
 .rel.iplt      0x08003748        0x0 /home/llsjjz/gnu_toolchain/xpack-arm-none-eabi-gcc-15.2.1-1.1/bin/../lib/gcc/arm-none-eabi/15.2.1/thumb/v7e-m+fp/hard/crtbegin.o

.ccmram         0x10000000        0x0 load address 0x08003748
                0x10000000                        . = ALIGN (0x4)
                0x10000000                        _sccmram = .
 *(.ccmram)
 *(.ccmram*)
                0x10000000                        . = ALIGN (0x4)
                0x10000000                        _eccmram = .
                0x08003748                        _sidata = LOADADDR (.data)

.data           0x20000000        0xc load address 0x08003748
                0x20000000                        . = ALIGN (0x4)
                0x20000000                        _sdata = .
 *(.data)
 *(.data*)
 .data.SystemCoreClock
                0x20000000        0x4 cmake/stm32cubemx/CMakeFiles/STM32_Drivers.dir/__/__/Core/Src/system_stm32f4xx.c.obj
                0x20000000                SystemCoreClock
 .data.uwTickPrio
                0x20000004        0x4 cmake/stm32cubemx/CMakeFiles/STM32_Drivers.dir/__/__/Drivers/STM32F4xx_HAL_Driver/Src/stm32f4xx_hal.c.obj
                0x20000004                uwTickPrio
 .data.uwTickFreq
                0x20000008        0x1 cmake/stm32cubemx/CMakeFiles/STM32_Drivers.dir/__/__/Drivers/STM32F4xx_HAL_Driver/Src/stm32f4xx_hal.c.obj
                0x20000008                uwTickFreq
 *(.RamFunc)
 *(.RamFunc*)
                0x2000000c                        . = ALIGN (0x4)
 *fill*         0x20000009        0x3 

.igot.plt       0x2000000c        0x0 load address 0x08003754
 .igot.plt      0x2000000c        0x0 /home/llsjjz/gnu_toolchain/xpack-arm-none-eabi-gcc-15.2.1-1.1/bin/../lib/gcc/arm-none-eabi/15.2.1/thumb/v7e-m+fp/hard/crtbegin.o

.tdata          0x2000000c        0x0 load address 0x08003754
 *(.tdata .tdata.* .gnu.linkonce.td.*)
                0x2000000c                        . = ALIGN (0x4)
                0x2000000c                        _edata = .
                [!provide]                        PROVIDE (__data_end = .)
                [!provide]                        PROVIDE (__tdata_end = .)
                [!provide]                        PROVIDE (__tdata_start = ADDR (.tdata))
                [!provide]                        PROVIDE (__tdata_size = (__tdata_end - __tdata_start))
                [!provide]                        PROVIDE (__data_start = ADDR (.data))
                [!provide]                        PROVIDE (__data_size = (__data_end - __data_start))
                [!provide]                        PROVIDE (__tdata_source = LOADADDR (.tdata))
                [!provide]                        PROVIDE (__tdata_source_end = (LOADADDR (.tdata) + SIZEOF (.tdata)))
                [!provide]                        PROVIDE (__tdata_source_size = (__tdata_source_end - __tdata_source))
                [!provide]                        PROVIDE (__data_source = LOADADDR (.data))
                [!provide]                        PROVIDE (__data_source_end = __tdata_source_end)
                [!provide]                        PROVIDE (__data_source_size = (__data_source_end - __data_source))

.tbss           0x2000000c        0x0 load address 0x08003754
                0x2000000c                        _sbss = .
                0x2000000c                        __bss_start__ = _sbss
 *(.tbss .tbss.*)
                0x2000000c                        . = ALIGN (0x4)
                [!provide]                        PROVIDE (__tbss_end = .)
                [!provide]                        PROVIDE (__tbss_start = ADDR (.tbss))
                [!provide]                        PROVIDE (__tbss_size = (__tbss_end - __tbss_start))
                [!provide]                        PROVIDE (__tbss_offset = (ADDR (.tbss) - ADDR (.tdata)))
                [!provide]                        PROVIDE (__tls_base = __tdata_start)
                [!provide]                        PROVIDE (__tls_end = __tbss_end)
                [!provide]                        PROVIDE (__tls_size = (__tls_end - __tls_base))
                [!provide]                        PROVIDE (__tls_align = MAX (ALIGNOF (.tdata), ALIGNOF (.tbss)))
                [!provide]                        PROVIDE (__tls_size_align = (((__tls_size + __tls_align) - 0x1) & ~ ((__tls_align - 0x1))))
                [!provide]                        PROVIDE (__arm32_tls_tcb_offset = MAX (0x8, __tls_align))
                [!provide]                        PROVIDE (__arm64_tls_tcb_offset = MAX (0x10, __tls_align))

.bss            0x2000000c       0xf0 load address 0x08003754
 *(.bss)
 *(.bss*)
 .bss.completed.1
                0x2000000c        0x1 /home/llsjjz/gnu_toolchain/xpack-arm-none-eabi-gcc-15.2.1-1.1/bin/../lib/gcc/arm-none-eabi/15.2.1/thumb/v7e-m+fp/hard/crtbegin.o
 *fill*         0x2000000d        0x3 
 .bss.object.0  0x20000010       0x18 /home/llsjjz/gnu_toolchain/xpack-arm-none-eabi-gcc-15.2.1-1.1/bin/../lib/gcc/arm-none-eabi/15.2.1/thumb/v7e-m+fp/hard/crtbegin.o
 .bss.uwTick    0x20000028        0x4 cmake/stm32cubemx/CMakeFiles/STM32_Drivers.dir/__/__/Drivers/STM32F4xx_HAL_Driver/Src/stm32f4xx_hal.c.obj
                0x20000028                uwTick
 .bss.hcan1     0x2000002c       0x28 CMakeFiles/stm32f407IGH6_26_9_20_0.dir/Core/Src/can.c.obj
                0x2000002c                hcan1
 .bss.huart1    0x20000054       0x48 CMakeFiles/stm32f407IGH6_26_9_20_0.dir/Core/Src/usart.c.obj
                0x20000054                huart1
 .bss.motor_info
                0x2000009c       0x60 CMakeFiles/stm32f407IGH6_26_9_20_0.dir/func/Src/func_can.c.obj
                0x2000009c                motor_info
 *(COMMON)
                0x200000fc                        . = ALIGN (0x4)
                0x200000fc                        _ebss = .
                0x200000fc                        __bss_end__ = _ebss
                [!provide]                        PROVIDE (__bss_end = .)
                [!provide]                        PROVIDE (__non_tls_bss_start = ADDR (.bss))
                [!provide]                        PROVIDE (__bss_start = __tbss_start)
                [!provide]                        PROVIDE (__bss_size = (__bss_end - __bss_start))

._user_heap_stack
                0x200000fc      0x604 load address 0x08003754
                0x20000100                        . = ALIGN (0x8)
 *fill*         0x200000fc        0x4 
                [!provide]                        PROVIDE (end = .)
                0x20000100                        PROVIDE (_end = .)
                0x20000300                        . = (. + _Min_Heap_Size)
 *fill*         0x20000100      0x200 
                0x20000700                        . = (. + _Min_Stack_Size)
 *fill*         0x20000300      0x400 
                0x20000700                        . = ALIGN (0x8)

/DISCARD/
 libc.a:*(*)
 libm.a:*(*)
 libgcc.a:*(*)
OUTPUT(stm32f407IGH6_26_9_20_0.elf elf32-littlearm)
LOAD linker stubs

.ARM.attributes
                0x00000000       0x30
 .ARM.attributes
                0x00000000       0x22 /home/llsjjz/gnu_toolchain/xpack-arm-none-eabi-gcc-15.2.1-1.1/bin/../lib/gcc/arm-none-eabi/15.2.1/thumb/v7e-m+fp/hard/crti.o
 .ARM.attributes
                0x00000022       0x34 /home/llsjjz/gnu_toolchain/xpack-arm-none-eabi-gcc-15.2.1-1.1/bin/../lib/gcc/arm-none-eabi/15.2.1/thumb/v7e-m+fp/hard/crtbegin.o
 .ARM.attributes
                0x00000056       0x34 cmake/stm32cubemx/CMakeFiles/STM32_Drivers.dir/__/__/Core/Src/system_stm32f4xx.c.obj
 .ARM.attributes
                0x0000008a       0x34 cmake/stm32cubemx/CMakeFiles/STM32_Drivers.dir/__/__/Drivers/STM32F4xx_HAL_Driver/Src/stm32f4xx_hal_can.c.obj
 .ARM.attributes
                0x000000be       0x34 cmake/stm32cubemx/CMakeFiles/STM32_Drivers.dir/__/__/Drivers/STM32F4xx_HAL_Driver/Src/stm32f4xx_hal_rcc.c.obj
 .ARM.attributes
                0x000000f2       0x34 cmake/stm32cubemx/CMakeFiles/STM32_Drivers.dir/__/__/Drivers/STM32F4xx_HAL_Driver/Src/stm32f4xx_hal_gpio.c.obj
 .ARM.attributes
                0x00000126       0x34 cmake/stm32cubemx/CMakeFiles/STM32_Drivers.dir/__/__/Drivers/STM32F4xx_HAL_Driver/Src/stm32f4xx_hal_dma.c.obj
 .ARM.attributes
                0x0000015a       0x34 cmake/stm32cubemx/CMakeFiles/STM32_Drivers.dir/__/__/Drivers/STM32F4xx_HAL_Driver/Src/stm32f4xx_hal_cortex.c.obj
 .ARM.attributes
                0x0000018e       0x34 cmake/stm32cubemx/CMakeFiles/STM32_Drivers.dir/__/__/Drivers/STM32F4xx_HAL_Driver/Src/stm32f4xx_hal.c.obj
 .ARM.attributes
                0x000001c2       0x34 cmake/stm32cubemx/CMakeFiles/STM32_Drivers.dir/__/__/Drivers/STM32F4xx_HAL_Driver/Src/stm32f4xx_hal_uart.c.obj
 .ARM.attributes
                0x000001f6       0x34 CMakeFiles/stm32f407IGH6_26_9_20_0.dir/Core/Src/main.c.obj
 .ARM.attributes
                0x0000022a       0x34 CMakeFiles/stm32f407IGH6_26_9_20_0.dir/Core/Src/gpio.c.obj
 .ARM.attributes
                0x0000025e       0x34 CMakeFiles/stm32f407IGH6_26_9_20_0.dir/Core/Src/can.c.obj
 .ARM.attributes
                0x00000292       0x34 CMakeFiles/stm32f407IGH6_26_9_20_0.dir/Core/Src/usart.c.obj
 .ARM.attributes
                0x000002c6       0x34 CMakeFiles/stm32f407IGH6_26_9_20_0.dir/Core/Src/stm32f4xx_it.c.obj
 .ARM.attributes
                0x000002fa       0x34 CMakeFiles/stm32f407IGH6_26_9_20_0.dir/Core/Src/stm32f4xx_hal_msp.c.obj
 .ARM.attributes
                0x0000032e       0x21 CMakeFiles/stm32f407IGH6_26_9_20_0.dir/startup_stm32f407xx.s.obj
 .ARM.attributes
                0x0000034f       0x34 CMakeFiles/stm32f407IGH6_26_9_20_0.dir/func/Src/func_main.c.obj
 .ARM.attributes
                0x00000383       0x34 CMakeFiles/stm32f407IGH6_26_9_20_0.dir/func/Src/func_can.c.obj
 .ARM.attributes
                0x000003b7       0x22 /home/llsjjz/gnu_toolchain/xpack-arm-none-eabi-gcc-15.2.1-1.1/bin/../lib/gcc/arm-none-eabi/15.2.1/thumb/v7e-m+fp/hard/libgcc.a(_aeabi_uldivmod.o)
 .ARM.attributes
                0x000003d9       0x34 /home/llsjjz/gnu_toolchain/xpack-arm-none-eabi-gcc-15.2.1-1.1/bin/../lib/gcc/arm-none-eabi/15.2.1/thumb/v7e-m+fp/hard/libgcc.a(_udivmoddi4.o)
 .ARM.attributes
                0x0000040d       0x22 /home/llsjjz/gnu_toolchain/xpack-arm-none-eabi-gcc-15.2.1-1.1/bin/../lib/gcc/arm-none-eabi/15.2.1/thumb/v7e-m+fp/hard/libgcc.a(_dvmd_tls.o)
 .ARM.attributes
                0x0000042f       0x34 /home/llsjjz/gnu_toolchain/xpack-arm-none-eabi-gcc-15.2.1-1.1/bin/../lib/gcc/arm-none-eabi/15.2.1/../../../../arm-none-eabi/lib/thumb/v7e-m+fp/hard/libg_nano.a(libc_a-memset.o)
 .ARM.attributes
                0x00000463       0x34 /home/llsjjz/gnu_toolchain/xpack-arm-none-eabi-gcc-15.2.1-1.1/bin/../lib/gcc/arm-none-eabi/15.2.1/../../../../arm-none-eabi/lib/thumb/v7e-m+fp/hard/libg_nano.a(libc_a-init.o)
 .ARM.attributes
                0x00000497       0x22 /home/llsjjz/gnu_toolchain/xpack-arm-none-eabi-gcc-15.2.1-1.1/bin/../lib/gcc/arm-none-eabi/15.2.1/thumb/v7e-m+fp/hard/crtn.o

.comment        0x00000000       0x39
 .comment       0x00000000       0x39 /home/llsjjz/gnu_toolchain/xpack-arm-none-eabi-gcc-15.2.1-1.1/bin/../lib/gcc/arm-none-eabi/15.2.1/thumb/v7e-m+fp/hard/crtbegin.o
                                 0x3a (size before relaxing)
 .comment       0x00000039        0x0 cmake/stm32cubemx/CMakeFiles/STM32_Drivers.dir/__/__/Core/Src/system_stm32f4xx.c.obj
                                 0x3a (size before relaxing)
 .comment       0x00000039        0x0 cmake/stm32cubemx/CMakeFiles/STM32_Drivers.dir/__/__/Drivers/STM32F4xx_HAL_Driver/Src/stm32f4xx_hal_can.c.obj
                                 0x3a (size before relaxing)
 .comment       0x00000039        0x0 cmake/stm32cubemx/CMakeFiles/STM32_Drivers.dir/__/__/Drivers/STM32F4xx_HAL_Driver/Src/stm32f4xx_hal_rcc.c.obj
                                 0x3a (size before relaxing)
 .comment       0x00000039        0x0 cmake/stm32cubemx/CMakeFiles/STM32_Drivers.dir/__/__/Drivers/STM32F4xx_HAL_Driver/Src/stm32f4xx_hal_gpio.c.obj
                                 0x3a (size before relaxing)
 .comment       0x00000039        0x0 cmake/stm32cubemx/CMakeFiles/STM32_Drivers.dir/__/__/Drivers/STM32F4xx_HAL_Driver/Src/stm32f4xx_hal_dma.c.obj
                                 0x3a (size before relaxing)
 .comment       0x00000039        0x0 cmake/stm32cubemx/CMakeFiles/STM32_Drivers.dir/__/__/Drivers/STM32F4xx_HAL_Driver/Src/stm32f4xx_hal_cortex.c.obj
                                 0x3a (size before relaxing)
 .comment       0x00000039        0x0 cmake/stm32cubemx/CMakeFiles/STM32_Drivers.dir/__/__/Drivers/STM32F4xx_HAL_Driver/Src/stm32f4xx_hal.c.obj
                                 0x3a (size before relaxing)
 .comment       0x00000039        0x0 cmake/stm32cubemx/CMakeFiles/STM32_Drivers.dir/__/__/Drivers/STM32F4xx_HAL_Driver/Src/stm32f4xx_hal_uart.c.obj
                                 0x3a (size before relaxing)
 .comment       0x00000039        0x0 CMakeFiles/stm32f407IGH6_26_9_20_0.dir/Core/Src/main.c.obj
                                 0x3a (size before relaxing)
 .comment       0x00000039        0x0 CMakeFiles/stm32f407IGH6_26_9_20_0.dir/Core/Src/gpio.c.obj
                                 0x3a (size before relaxing)
 .comment       0x00000039        0x0 CMakeFiles/stm32f407IGH6_26_9_20_0.dir/Core/Src/can.c.obj
                                 0x3a (size before relaxing)
 .comment       0x00000039        0x0 CMakeFiles/stm32f407IGH6_26_9_20_0.dir/Core/Src/usart.c.obj
                                 0x3a (size before relaxing)
 .comment       0x00000039        0x0 CMakeFiles/stm32f407IGH6_26_9_20_0.dir/Core/Src/stm32f4xx_it.c.obj
                                 0x3a (size before relaxing)
 .comment       0x00000039        0x0 CMakeFiles/stm32f407IGH6_26_9_20_0.dir/Core/Src/stm32f4xx_hal_msp.c.obj
                                 0x3a (size before relaxing)
 .comment       0x00000039        0x0 CMakeFiles/stm32f407IGH6_26_9_20_0.dir/func/Src/func_main.c.obj
                                 0x3a (size before relaxing)
 .comment       0x00000039        0x0 CMakeFiles/stm32f407IGH6_26_9_20_0.dir/func/Src/func_can.c.obj
                                 0x3a (size before relaxing)
 .comment       0x00000039        0x0 /home/llsjjz/gnu_toolchain/xpack-arm-none-eabi-gcc-15.2.1-1.1/bin/../lib/gcc/arm-none-eabi/15.2.1/thumb/v7e-m+fp/hard/libgcc.a(_udivmoddi4.o)
                                 0x3a (size before relaxing)
 .comment       0x00000039        0x0 /home/llsjjz/gnu_toolchain/xpack-arm-none-eabi-gcc-15.2.1-1.1/bin/../lib/gcc/arm-none-eabi/15.2.1/../../../../arm-none-eabi/lib/thumb/v7e-m+fp/hard/libg_nano.a(libc_a-memset.o)
                                 0x3a (size before relaxing)
 .comment       0x00000039        0x0 /home/llsjjz/gnu_toolchain/xpack-arm-none-eabi-gcc-15.2.1-1.1/bin/../lib/gcc/arm-none-eabi/15.2.1/../../../../arm-none-eabi/lib/thumb/v7e-m+fp/hard/libg_nano.a(libc_a-init.o)
                                 0x3a (size before relaxing)

.debug_info     0x00000000     0xa9c7
 .debug_info    0x00000000      0x512 cmake/stm32cubemx/CMakeFiles/STM32_Drivers.dir/__/__/Core/Src/system_stm32f4xx.c.obj
 .debug_info    0x00000512      0xf49 cmake/stm32cubemx/CMakeFiles/STM32_Drivers.dir/__/__/Drivers/STM32F4xx_HAL_Driver/Src/stm32f4xx_hal_can.c.obj
 .debug_info    0x0000145b      0x8c3 cmake/stm32cubemx/CMakeFiles/STM32_Drivers.dir/__/__/Drivers/STM32F4xx_HAL_Driver/Src/stm32f4xx_hal_rcc.c.obj
 .debug_info    0x00001d1e      0x6c3 cmake/stm32cubemx/CMakeFiles/STM32_Drivers.dir/__/__/Drivers/STM32F4xx_HAL_Driver/Src/stm32f4xx_hal_gpio.c.obj
 .debug_info    0x000023e1      0x8e7 cmake/stm32cubemx/CMakeFiles/STM32_Drivers.dir/__/__/Drivers/STM32F4xx_HAL_Driver/Src/stm32f4xx_hal_dma.c.obj
 .debug_info    0x00002cc8      0xd8c cmake/stm32cubemx/CMakeFiles/STM32_Drivers.dir/__/__/Drivers/STM32F4xx_HAL_Driver/Src/stm32f4xx_hal_cortex.c.obj
 .debug_info    0x00003a54      0x944 cmake/stm32cubemx/CMakeFiles/STM32_Drivers.dir/__/__/Drivers/STM32F4xx_HAL_Driver/Src/stm32f4xx_hal.c.obj
 .debug_info    0x00004398     0x2f4f cmake/stm32cubemx/CMakeFiles/STM32_Drivers.dir/__/__/Drivers/STM32F4xx_HAL_Driver/Src/stm32f4xx_hal_uart.c.obj
 .debug_info    0x000072e7      0x4d8 CMakeFiles/stm32f407IGH6_26_9_20_0.dir/Core/Src/main.c.obj
 .debug_info    0x000077bf      0x2ba CMakeFiles/stm32f407IGH6_26_9_20_0.dir/Core/Src/gpio.c.obj
 .debug_info    0x00007a79      0xabb CMakeFiles/stm32f407IGH6_26_9_20_0.dir/Core/Src/can.c.obj
 .debug_info    0x00008534      0xba9 CMakeFiles/stm32f407IGH6_26_9_20_0.dir/Core/Src/usart.c.obj
 .debug_info    0x000090dd      0xa1d CMakeFiles/stm32f407IGH6_26_9_20_0.dir/Core/Src/stm32f4xx_it.c.obj
 .debug_info    0x00009afa      0x269 CMakeFiles/stm32f407IGH6_26_9_20_0.dir/Core/Src/stm32f4xx_hal_msp.c.obj
 .debug_info    0x00009d63       0x30 CMakeFiles/stm32f407IGH6_26_9_20_0.dir/startup_stm32f407xx.s.obj
 .debug_info    0x00009d93       0xd8 CMakeFiles/stm32f407IGH6_26_9_20_0.dir/func/Src/func_main.c.obj
 .debug_info    0x00009e6b      0xb5c CMakeFiles/stm32f407IGH6_26_9_20_0.dir/func/Src/func_can.c.obj

.debug_abbrev   0x00000000     0x1f1f
 .debug_abbrev  0x00000000      0x11a cmake/stm32cubemx/CMakeFiles/STM32_Drivers.dir/__/__/Core/Src/system_stm32f4xx.c.obj
 .debug_abbrev  0x0000011a      0x258 cmake/stm32cubemx/CMakeFiles/STM32_Drivers.dir/__/__/Drivers/STM32F4xx_HAL_Driver/Src/stm32f4xx_hal_can.c.obj
 .debug_abbrev  0x00000372      0x2b7 cmake/stm32cubemx/CMakeFiles/STM32_Drivers.dir/__/__/Drivers/STM32F4xx_HAL_Driver/Src/stm32f4xx_hal_rcc.c.obj
 .debug_abbrev  0x00000629      0x1d4 cmake/stm32cubemx/CMakeFiles/STM32_Drivers.dir/__/__/Drivers/STM32F4xx_HAL_Driver/Src/stm32f4xx_hal_gpio.c.obj
 .debug_abbrev  0x000007fd      0x264 cmake/stm32cubemx/CMakeFiles/STM32_Drivers.dir/__/__/Drivers/STM32F4xx_HAL_Driver/Src/stm32f4xx_hal_dma.c.obj
 .debug_abbrev  0x00000a61      0x31d cmake/stm32cubemx/CMakeFiles/STM32_Drivers.dir/__/__/Drivers/STM32F4xx_HAL_Driver/Src/stm32f4xx_hal_cortex.c.obj
 .debug_abbrev  0x00000d7e      0x214 cmake/stm32cubemx/CMakeFiles/STM32_Drivers.dir/__/__/Drivers/STM32F4xx_HAL_Driver/Src/stm32f4xx_hal.c.obj
 .debug_abbrev  0x00000f92      0x30e cmake/stm32cubemx/CMakeFiles/STM32_Drivers.dir/__/__/Drivers/STM32F4xx_HAL_Driver/Src/stm32f4xx_hal_uart.c.obj
 .debug_abbrev  0x000012a0      0x1de CMakeFiles/stm32f407IGH6_26_9_20_0.dir/Core/Src/main.c.obj
 .debug_abbrev  0x0000147e       0xd8 CMakeFiles/stm32f407IGH6_26_9_20_0.dir/Core/Src/gpio.c.obj
 .debug_abbrev  0x00001556      0x21f CMakeFiles/stm32f407IGH6_26_9_20_0.dir/Core/Src/can.c.obj
 .debug_abbrev  0x00001775      0x218 CMakeFiles/stm32f407IGH6_26_9_20_0.dir/Core/Src/usart.c.obj
 .debug_abbrev  0x0000198d      0x1cc CMakeFiles/stm32f407IGH6_26_9_20_0.dir/Core/Src/stm32f4xx_it.c.obj
 .debug_abbrev  0x00001b59       0xd8 CMakeFiles/stm32f407IGH6_26_9_20_0.dir/Core/Src/stm32f4xx_hal_msp.c.obj
 .debug_abbrev  0x00001c31       0x24 CMakeFiles/stm32f407IGH6_26_9_20_0.dir/startup_stm32f407xx.s.obj
 .debug_abbrev  0x00001c55       0x85 CMakeFiles/stm32f407IGH6_26_9_20_0.dir/func/Src/func_main.c.obj
 .debug_abbrev  0x00001cda      0x245 CMakeFiles/stm32f407IGH6_26_9_20_0.dir/func/Src/func_can.c.obj

.debug_aranges  0x00000000      0x8f0
 .debug_aranges
                0x00000000       0x28 cmake/stm32cubemx/CMakeFiles/STM32_Drivers.dir/__/__/Core/Src/system_stm32f4xx.c.obj
 .debug_aranges
                0x00000028      0x138 cmake/stm32cubemx/CMakeFiles/STM32_Drivers.dir/__/__/Drivers/STM32F4xx_HAL_Driver/Src/stm32f4xx_hal_can.c.obj
 .debug_aranges
                0x00000160       0x88 cmake/stm32cubemx/CMakeFiles/STM32_Drivers.dir/__/__/Drivers/STM32F4xx_HAL_Driver/Src/stm32f4xx_hal_rcc.c.obj
 .debug_aranges
                0x000001e8       0x58 cmake/stm32cubemx/CMakeFiles/STM32_Drivers.dir/__/__/Drivers/STM32F4xx_HAL_Driver/Src/stm32f4xx_hal_gpio.c.obj
 .debug_aranges
                0x00000240       0x90 cmake/stm32cubemx/CMakeFiles/STM32_Drivers.dir/__/__/Drivers/STM32F4xx_HAL_Driver/Src/stm32f4xx_hal_dma.c.obj
 .debug_aranges
                0x000002d0      0x130 cmake/stm32cubemx/CMakeFiles/STM32_Drivers.dir/__/__/Drivers/STM32F4xx_HAL_Driver/Src/stm32f4xx_hal_cortex.c.obj
 .debug_aranges
                0x00000400       0xf0 cmake/stm32cubemx/CMakeFiles/STM32_Drivers.dir/__/__/Drivers/STM32F4xx_HAL_Driver/Src/stm32f4xx_hal.c.obj
 .debug_aranges
                0x000004f0      0x208 cmake/stm32cubemx/CMakeFiles/STM32_Drivers.dir/__/__/Drivers/STM32F4xx_HAL_Driver/Src/stm32f4xx_hal_uart.c.obj
 .debug_aranges
                0x000006f8       0x30 CMakeFiles/stm32f407IGH6_26_9_20_0.dir/Core/Src/main.c.obj
 .debug_aranges
                0x00000728       0x20 CMakeFiles/stm32f407IGH6_26_9_20_0.dir/Core/Src/gpio.c.obj
 .debug_aranges
                0x00000748       0x30 CMakeFiles/stm32f407IGH6_26_9_20_0.dir/Core/Src/can.c.obj
 .debug_aranges
                0x00000778       0x30 CMakeFiles/stm32f407IGH6_26_9_20_0.dir/Core/Src/usart.c.obj
 .debug_aranges
                0x000007a8       0x70 CMakeFiles/stm32f407IGH6_26_9_20_0.dir/Core/Src/stm32f4xx_it.c.obj
 .debug_aranges
                0x00000818       0x20 CMakeFiles/stm32f407IGH6_26_9_20_0.dir/Core/Src/stm32f4xx_hal_msp.c.obj
 .debug_aranges
                0x00000838       0x28 CMakeFiles/stm32f407IGH6_26_9_20_0.dir/startup_stm32f407xx.s.obj
 .debug_aranges
                0x00000860       0x28 CMakeFiles/stm32f407IGH6_26_9_20_0.dir/func/Src/func_main.c.obj
 .debug_aranges
                0x00000888       0x68 CMakeFiles/stm32f407IGH6_26_9_20_0.dir/func/Src/func_can.c.obj

.debug_rnglists
                0x00000000      0x6b9
 .debug_rnglists
                0x00000000       0x1a cmake/stm32cubemx/CMakeFiles/STM32_Drivers.dir/__/__/Core/Src/system_stm32f4xx.c.obj
 .debug_rnglists
                0x0000001a       0xed cmake/stm32cubemx/CMakeFiles/STM32_Drivers.dir/__/__/Drivers/STM32F4xx_HAL_Driver/Src/stm32f4xx_hal_can.c.obj
 .debug_rnglists
                0x00000107       0x66 cmake/stm32cubemx/CMakeFiles/STM32_Drivers.dir/__/__/Drivers/STM32F4xx_HAL_Driver/Src/stm32f4xx_hal_rcc.c.obj
 .debug_rnglists
                0x0000016d       0x3f cmake/stm32cubemx/CMakeFiles/STM32_Drivers.dir/__/__/Drivers/STM32F4xx_HAL_Driver/Src/stm32f4xx_hal_gpio.c.obj
 .debug_rnglists
                0x000001ac       0x70 cmake/stm32cubemx/CMakeFiles/STM32_Drivers.dir/__/__/Drivers/STM32F4xx_HAL_Driver/Src/stm32f4xx_hal_dma.c.obj
 .debug_rnglists
                0x0000021c       0xdf cmake/stm32cubemx/CMakeFiles/STM32_Drivers.dir/__/__/Drivers/STM32F4xx_HAL_Driver/Src/stm32f4xx_hal_cortex.c.obj
 .debug_rnglists
                0x000002fb       0xaf cmake/stm32cubemx/CMakeFiles/STM32_Drivers.dir/__/__/Drivers/STM32F4xx_HAL_Driver/Src/stm32f4xx_hal.c.obj
 .debug_rnglists
                0x000003aa      0x1bc cmake/stm32cubemx/CMakeFiles/STM32_Drivers.dir/__/__/Drivers/STM32F4xx_HAL_Driver/Src/stm32f4xx_hal_uart.c.obj
 .debug_rnglists
                0x00000566       0x20 CMakeFiles/stm32f407IGH6_26_9_20_0.dir/Core/Src/main.c.obj
 .debug_rnglists
                0x00000586       0x14 CMakeFiles/stm32f407IGH6_26_9_20_0.dir/Core/Src/gpio.c.obj
 .debug_rnglists
                0x0000059a       0x20 CMakeFiles/stm32f407IGH6_26_9_20_0.dir/Core/Src/can.c.obj
 .debug_rnglists
                0x000005ba       0x20 CMakeFiles/stm32f407IGH6_26_9_20_0.dir/Core/Src/usart.c.obj
 .debug_rnglists
                0x000005da       0x4f CMakeFiles/stm32f407IGH6_26_9_20_0.dir/Core/Src/stm32f4xx_it.c.obj
 .debug_rnglists
                0x00000629       0x13 CMakeFiles/stm32f407IGH6_26_9_20_0.dir/Core/Src/stm32f4xx_hal_msp.c.obj
 .debug_rnglists
                0x0000063c       0x19 CMakeFiles/stm32f407IGH6_26_9_20_0.dir/startup_stm32f407xx.s.obj
 .debug_rnglists
                0x00000655       0x19 CMakeFiles/stm32f407IGH6_26_9_20_0.dir/func/Src/func_main.c.obj
 .debug_rnglists
                0x0000066e       0x4b CMakeFiles/stm32f407IGH6_26_9_20_0.dir/func/Src/func_can.c.obj

.debug_macro    0x00000000    0x2063d
 .debug_macro   0x00000000      0x1c4 cmake/stm32cubemx/CMakeFiles/STM32_Drivers.dir/__/__/Core/Src/system_stm32f4xx.c.obj
 .debug_macro   0x000001c4      0xaea cmake/stm32cubemx/CMakeFiles/STM32_Drivers.dir/__/__/Core/Src/system_stm32f4xx.c.obj
 .debug_macro   0x00000cae       0x2e cmake/stm32cubemx/CMakeFiles/STM32_Drivers.dir/__/__/Core/Src/system_stm32f4xx.c.obj
 .debug_macro   0x00000cdc       0x2f cmake/stm32cubemx/CMakeFiles/STM32_Drivers.dir/__/__/Core/Src/system_stm32f4xx.c.obj
 .debug_macro   0x00000d0b       0x22 cmake/stm32cubemx/CMakeFiles/STM32_Drivers.dir/__/__/Core/Src/system_stm32f4xx.c.obj
 .debug_macro   0x00000d2d       0x8e cmake/stm32cubemx/CMakeFiles/STM32_Drivers.dir/__/__/Core/Src/system_stm32f4xx.c.obj
 .debug_macro   0x00000dbb       0x51 cmake/stm32cubemx/CMakeFiles/STM32_Drivers.dir/__/__/Core/Src/system_stm32f4xx.c.obj
 .debug_macro   0x00000e0c      0x103 cmake/stm32cubemx/CMakeFiles/STM32_Drivers.dir/__/__/Core/Src/system_stm32f4xx.c.obj
 .debug_macro   0x00000f0f       0x6a cmake/stm32cubemx/CMakeFiles/STM32_Drivers.dir/__/__/Core/Src/system_stm32f4xx.c.obj
 .debug_macro   0x00000f79      0x1df cmake/stm32cubemx/CMakeFiles/STM32_Drivers.dir/__/__/Core/Src/system_stm32f4xx.c.obj
 .debug_macro   0x00001158       0x1c cmake/stm32cubemx/CMakeFiles/STM32_Drivers.dir/__/__/Core/Src/system_stm32f4xx.c.obj
 .debug_macro   0x00001174       0x22 cmake/stm32cubemx/CMakeFiles/STM32_Drivers.dir/__/__/Core/Src/system_stm32f4xx.c.obj
 .debug_macro   0x00001196       0xfb cmake/stm32cubemx/CMakeFiles/STM32_Drivers.dir/__/__/Core/Src/system_stm32f4xx.c.obj
 .debug_macro   0x00001291     0x1011 cmake/stm32cubemx/CMakeFiles/STM32_Drivers.dir/__/__/Core/Src/system_stm32f4xx.c.obj
 .debug_macro   0x000022a2      0x11f cmake/stm32cubemx/CMakeFiles/STM32_Drivers.dir/__/__/Core/Src/system_stm32f4xx.c.obj
 .debug_macro   0x000023c1    0x15ea5 cmake/stm32cubemx/CMakeFiles/STM32_Drivers.dir/__/__/Core/Src/system_stm32f4xx.c.obj
 .debug_macro   0x00018266       0x6d cmake/stm32cubemx/CMakeFiles/STM32_Drivers.dir/__/__/Core/Src/system_stm32f4xx.c.obj
 .debug_macro   0x000182d3      0x29b cmake/stm32cubemx/CMakeFiles/STM32_Drivers.dir/__/__/Core/Src/system_stm32f4xx.c.obj
 .debug_macro   0x0001856e     0x3693 cmake/stm32cubemx/CMakeFiles/STM32_Drivers.dir/__/__/Core/Src/system_stm32f4xx.c.obj
 .debug_macro   0x0001bc01      0x190 cmake/stm32cubemx/CMakeFiles/STM32_Drivers.dir/__/__/Core/Src/system_stm32f4xx.c.obj
 .debug_macro   0x0001bd91       0x5c cmake/stm32cubemx/CMakeFiles/STM32_Drivers.dir/__/__/Core/Src/system_stm32f4xx.c.obj
 .debug_macro   0x0001bded      0x980 cmake/stm32cubemx/CMakeFiles/STM32_Drivers.dir/__/__/Core/Src/system_stm32f4xx.c.obj
 .debug_macro   0x0001c76d      0x9e9 cmake/stm32cubemx/CMakeFiles/STM32_Drivers.dir/__/__/Core/Src/system_stm32f4xx.c.obj
 .debug_macro   0x0001d156      0x115 cmake/stm32cubemx/CMakeFiles/STM32_Drivers.dir/__/__/Core/Src/system_stm32f4xx.c.obj
 .debug_macro   0x0001d26b      0x13e cmake/stm32cubemx/CMakeFiles/STM32_Drivers.dir/__/__/Core/Src/system_stm32f4xx.c.obj
 .debug_macro   0x0001d3a9       0xa5 cmake/stm32cubemx/CMakeFiles/STM32_Drivers.dir/__/__/Core/Src/system_stm32f4xx.c.obj
 .debug_macro   0x0001d44e      0x174 cmake/stm32cubemx/CMakeFiles/STM32_Drivers.dir/__/__/Core/Src/system_stm32f4xx.c.obj
 .debug_macro   0x0001d5c2      0x287 cmake/stm32cubemx/CMakeFiles/STM32_Drivers.dir/__/__/Core/Src/system_stm32f4xx.c.obj
 .debug_macro   0x0001d849       0x5f cmake/stm32cubemx/CMakeFiles/STM32_Drivers.dir/__/__/Core/Src/system_stm32f4xx.c.obj
 .debug_macro   0x0001d8a8      0x236 cmake/stm32cubemx/CMakeFiles/STM32_Drivers.dir/__/__/Core/Src/system_stm32f4xx.c.obj
 .debug_macro   0x0001dade      0x40f cmake/stm32cubemx/CMakeFiles/STM32_Drivers.dir/__/__/Core/Src/system_stm32f4xx.c.obj
 .debug_macro   0x0001deed      0x12c cmake/stm32cubemx/CMakeFiles/STM32_Drivers.dir/__/__/Core/Src/system_stm32f4xx.c.obj
 .debug_macro   0x0001e019      0x21e cmake/stm32cubemx/CMakeFiles/STM32_Drivers.dir/__/__/Core/Src/system_stm32f4xx.c.obj
 .debug_macro   0x0001e237       0x2e cmake/stm32cubemx/CMakeFiles/STM32_Drivers.dir/__/__/Core/Src/system_stm32f4xx.c.obj
 .debug_macro   0x0001e265      0x127 cmake/stm32cubemx/CMakeFiles/STM32_Drivers.dir/__/__/Core/Src/system_stm32f4xx.c.obj
 .debug_macro   0x0001e38c       0x7e cmake/stm32cubemx/CMakeFiles/STM32_Drivers.dir/__/__/Core/Src/system_stm32f4xx.c.obj
 .debug_macro   0x0001e40a       0x89 cmake/stm32cubemx/CMakeFiles/STM32_Drivers.dir/__/__/Core/Src/system_stm32f4xx.c.obj
 .debug_macro   0x0001e493      0x2aa cmake/stm32cubemx/CMakeFiles/STM32_Drivers.dir/__/__/Core/Src/system_stm32f4xx.c.obj
 .debug_macro   0x0001e73d      0x12d cmake/stm32cubemx/CMakeFiles/STM32_Drivers.dir/__/__/Core/Src/system_stm32f4xx.c.obj
 .debug_macro   0x0001e86a      0x1d3 cmake/stm32cubemx/CMakeFiles/STM32_Drivers.dir/__/__/Drivers/STM32F4xx_HAL_Driver/Src/stm32f4xx_hal_can.c.obj
 .debug_macro   0x0001ea3d      0x1e8 cmake/stm32cubemx/CMakeFiles/STM32_Drivers.dir/__/__/Drivers/STM32F4xx_HAL_Driver/Src/stm32f4xx_hal_rcc.c.obj
 .debug_macro   0x0001ec25      0x1ca cmake/stm32cubemx/CMakeFiles/STM32_Drivers.dir/__/__/Drivers/STM32F4xx_HAL_Driver/Src/stm32f4xx_hal_gpio.c.obj
 .debug_macro   0x0001edef      0x1ca cmake/stm32cubemx/CMakeFiles/STM32_Drivers.dir/__/__/Drivers/STM32F4xx_HAL_Driver/Src/stm32f4xx_hal_dma.c.obj
 .debug_macro   0x0001efb9      0x1c4 cmake/stm32cubemx/CMakeFiles/STM32_Drivers.dir/__/__/Drivers/STM32F4xx_HAL_Driver/Src/stm32f4xx_hal_cortex.c.obj
 .debug_macro   0x0001f17d      0x224 cmake/stm32cubemx/CMakeFiles/STM32_Drivers.dir/__/__/Drivers/STM32F4xx_HAL_Driver/Src/stm32f4xx_hal.c.obj
 .debug_macro   0x0001f3a1      0x1c5 cmake/stm32cubemx/CMakeFiles/STM32_Drivers.dir/__/__/Drivers/STM32F4xx_HAL_Driver/Src/stm32f4xx_hal_uart.c.obj
 .debug_macro   0x0001f566      0x203 CMakeFiles/stm32f407IGH6_26_9_20_0.dir/Core/Src/main.c.obj
 .debug_macro   0x0001f769       0x22 CMakeFiles/stm32f407IGH6_26_9_20_0.dir/Core/Src/main.c.obj
 .debug_macro   0x0001f78b      0x1d8 CMakeFiles/stm32f407IGH6_26_9_20_0.dir/Core/Src/gpio.c.obj
 .debug_macro   0x0001f963      0x1d8 CMakeFiles/stm32f407IGH6_26_9_20_0.dir/Core/Src/can.c.obj
 .debug_macro   0x0001fb3b      0x1d8 CMakeFiles/stm32f407IGH6_26_9_20_0.dir/Core/Src/usart.c.obj
 .debug_macro   0x0001fd13      0x1d8 CMakeFiles/stm32f407IGH6_26_9_20_0.dir/Core/Src/stm32f4xx_it.c.obj
 .debug_macro   0x0001feeb      0x1ce CMakeFiles/stm32f407IGH6_26_9_20_0.dir/Core/Src/stm32f4xx_hal_msp.c.obj
 .debug_macro   0x000200b9      0x2cc CMakeFiles/stm32f407IGH6_26_9_20_0.dir/func/Src/func_main.c.obj
 .debug_macro   0x00020385       0x7b CMakeFiles/stm32f407IGH6_26_9_20_0.dir/func/Src/func_main.c.obj
 .debug_macro   0x00020400       0x16 CMakeFiles/stm32f407IGH6_26_9_20_0.dir/func/Src/func_main.c.obj
 .debug_macro   0x00020416       0x16 CMakeFiles/stm32f407IGH6_26_9_20_0.dir/func/Src/func_main.c.obj
 .debug_macro   0x0002042c      0x1f5 CMakeFiles/stm32f407IGH6_26_9_20_0.dir/func/Src/func_can.c.obj
 .debug_macro   0x00020621       0x1c CMakeFiles/stm32f407IGH6_26_9_20_0.dir/func/Src/func_can.c.obj

.debug_line     0x00000000     0xbd23
 .debug_line    0x00000000      0x773 cmake/stm32cubemx/CMakeFiles/STM32_Drivers.dir/__/__/Core/Src/system_stm32f4xx.c.obj
 .debug_line    0x00000773     0x11ae cmake/stm32cubemx/CMakeFiles/STM32_Drivers.dir/__/__/Drivers/STM32F4xx_HAL_Driver/Src/stm32f4xx_hal_can.c.obj
 .debug_line    0x00001921      0xdfc cmake/stm32cubemx/CMakeFiles/STM32_Drivers.dir/__/__/Drivers/STM32F4xx_HAL_Driver/Src/stm32f4xx_hal_rcc.c.obj
 .debug_line    0x0000271d      0xb48 cmake/stm32cubemx/CMakeFiles/STM32_Drivers.dir/__/__/Drivers/STM32F4xx_HAL_Driver/Src/stm32f4xx_hal_gpio.c.obj
 .debug_line    0x00003265      0xf6c cmake/stm32cubemx/CMakeFiles/STM32_Drivers.dir/__/__/Drivers/STM32F4xx_HAL_Driver/Src/stm32f4xx_hal_dma.c.obj
 .debug_line    0x000041d1      0xcd1 cmake/stm32cubemx/CMakeFiles/STM32_Drivers.dir/__/__/Drivers/STM32F4xx_HAL_Driver/Src/stm32f4xx_hal_cortex.c.obj
 .debug_line    0x00004ea2      0x9f2 cmake/stm32cubemx/CMakeFiles/STM32_Drivers.dir/__/__/Drivers/STM32F4xx_HAL_Driver/Src/stm32f4xx_hal.c.obj
 .debug_line    0x00005894     0x2537 cmake/stm32cubemx/CMakeFiles/STM32_Drivers.dir/__/__/Drivers/STM32F4xx_HAL_Driver/Src/stm32f4xx_hal_uart.c.obj
 .debug_line    0x00007dcb      0x810 CMakeFiles/stm32f407IGH6_26_9_20_0.dir/Core/Src/main.c.obj
 .debug_line    0x000085db      0x6fd CMakeFiles/stm32f407IGH6_26_9_20_0.dir/Core/Src/gpio.c.obj
 .debug_line    0x00008cd8      0x772 CMakeFiles/stm32f407IGH6_26_9_20_0.dir/Core/Src/can.c.obj
 .debug_line    0x0000944a      0x780 CMakeFiles/stm32f407IGH6_26_9_20_0.dir/Core/Src/usart.c.obj
 .debug_line    0x00009bca      0x7dc CMakeFiles/stm32f407IGH6_26_9_20_0.dir/Core/Src/stm32f4xx_it.c.obj
 .debug_line    0x0000a3a6      0x6fd CMakeFiles/stm32f407IGH6_26_9_20_0.dir/Core/Src/stm32f4xx_hal_msp.c.obj
 .debug_line    0x0000aaa3       0x7a CMakeFiles/stm32f407IGH6_26_9_20_0.dir/startup_stm32f407xx.s.obj
 .debug_line    0x0000ab1d      0x829 CMakeFiles/stm32f407IGH6_26_9_20_0.dir/func/Src/func_main.c.obj
 .debug_line    0x0000b346      0x9dd CMakeFiles/stm32f407IGH6_26_9_20_0.dir/func/Src/func_can.c.obj

.debug_str      0x00000000    0xc52a0
 .debug_str     0x00000000    0xc52a0 cmake/stm32cubemx/CMakeFiles/STM32_Drivers.dir/__/__/Core/Src/system_stm32f4xx.c.obj
                              0xbf180 (size before relaxing)
 .debug_str     0x000c52a0        0x0 cmake/stm32cubemx/CMakeFiles/STM32_Drivers.dir/__/__/Drivers/STM32F4xx_HAL_Driver/Src/stm32f4xx_hal_can.c.obj
                              0xbf87a (size before relaxing)
 .debug_str     0x000c52a0        0x0 cmake/stm32cubemx/CMakeFiles/STM32_Drivers.dir/__/__/Drivers/STM32F4xx_HAL_Driver/Src/stm32f4xx_hal_rcc.c.obj
                              0xbf5b4 (size before relaxing)
 .debug_str     0x000c52a0        0x0 cmake/stm32cubemx/CMakeFiles/STM32_Drivers.dir/__/__/Drivers/STM32F4xx_HAL_Driver/Src/stm32f4xx_hal_gpio.c.obj
                              0xbf2fb (size before relaxing)
 .debug_str     0x000c52a0        0x0 cmake/stm32cubemx/CMakeFiles/STM32_Drivers.dir/__/__/Drivers/STM32F4xx_HAL_Driver/Src/stm32f4xx_hal_dma.c.obj
                              0xbf59a (size before relaxing)
 .debug_str     0x000c52a0        0x0 cmake/stm32cubemx/CMakeFiles/STM32_Drivers.dir/__/__/Drivers/STM32F4xx_HAL_Driver/Src/stm32f4xx_hal_cortex.c.obj
                              0xbfa80 (size before relaxing)
 .debug_str     0x000c52a0        0x0 cmake/stm32cubemx/CMakeFiles/STM32_Drivers.dir/__/__/Drivers/STM32F4xx_HAL_Driver/Src/stm32f4xx_hal.c.obj
                              0xbfd04 (size before relaxing)
 .debug_str     0x000c52a0        0x0 cmake/stm32cubemx/CMakeFiles/STM32_Drivers.dir/__/__/Drivers/STM32F4xx_HAL_Driver/Src/stm32f4xx_hal_uart.c.obj
                              0xbfb95 (size before relaxing)
 .debug_str     0x000c52a0        0x0 CMakeFiles/stm32f407IGH6_26_9_20_0.dir/Core/Src/main.c.obj
                              0xbf349 (size before relaxing)
 .debug_str     0x000c52a0        0x0 CMakeFiles/stm32f407IGH6_26_9_20_0.dir/Core/Src/gpio.c.obj
                              0xbf0d0 (size before relaxing)
 .debug_str     0x000c52a0        0x0 CMakeFiles/stm32f407IGH6_26_9_20_0.dir/Core/Src/can.c.obj
                              0xbf97d (size before relaxing)
 .debug_str     0x000c52a0        0x0 CMakeFiles/stm32f407IGH6_26_9_20_0.dir/Core/Src/usart.c.obj
                              0xbfb8c (size before relaxing)
 .debug_str     0x000c52a0        0x0 CMakeFiles/stm32f407IGH6_26_9_20_0.dir/Core/Src/stm32f4xx_it.c.obj
                              0xbf796 (size before relaxing)
 .debug_str     0x000c52a0        0x0 CMakeFiles/stm32f407IGH6_26_9_20_0.dir/Core/Src/stm32f4xx_hal_msp.c.obj
                              0xbf0d0 (size before relaxing)
 .debug_str     0x000c52a0        0x0 CMakeFiles/stm32f407IGH6_26_9_20_0.dir/startup_stm32f407xx.s.obj
                                 0xb0 (size before relaxing)
 .debug_str     0x000c52a0        0x0 CMakeFiles/stm32f407IGH6_26_9_20_0.dir/func/Src/func_main.c.obj
                              0xc2261 (size before relaxing)
 .debug_str     0x000c52a0        0x0 CMakeFiles/stm32f407IGH6_26_9_20_0.dir/func/Src/func_can.c.obj
                              0xbf69f (size before relaxing)

.debug_frame    0x00000000     0x2224
 .debug_frame   0x00000000       0x58 cmake/stm32cubemx/CMakeFiles/STM32_Drivers.dir/__/__/Core/Src/system_stm32f4xx.c.obj
 .debug_frame   0x00000058      0x5a0 cmake/stm32cubemx/CMakeFiles/STM32_Drivers.dir/__/__/Drivers/STM32F4xx_HAL_Driver/Src/stm32f4xx_hal_can.c.obj
 .debug_frame   0x000005f8      0x1f4 cmake/stm32cubemx/CMakeFiles/STM32_Drivers.dir/__/__/Drivers/STM32F4xx_HAL_Driver/Src/stm32f4xx_hal_rcc.c.obj
 .debug_frame   0x000007ec      0x14c cmake/stm32cubemx/CMakeFiles/STM32_Drivers.dir/__/__/Drivers/STM32F4xx_HAL_Driver/Src/stm32f4xx_hal_gpio.c.obj
 .debug_frame   0x00000938      0x250 cmake/stm32cubemx/CMakeFiles/STM32_Drivers.dir/__/__/Drivers/STM32F4xx_HAL_Driver/Src/stm32f4xx_hal_dma.c.obj
 .debug_frame   0x00000b88      0x508 cmake/stm32cubemx/CMakeFiles/STM32_Drivers.dir/__/__/Drivers/STM32F4xx_HAL_Driver/Src/stm32f4xx_hal_cortex.c.obj
 .debug_frame   0x00001090      0x374 cmake/stm32cubemx/CMakeFiles/STM32_Drivers.dir/__/__/Drivers/STM32F4xx_HAL_Driver/Src/stm32f4xx_hal.c.obj
 .debug_frame   0x00001404      0x954 cmake/stm32cubemx/CMakeFiles/STM32_Drivers.dir/__/__/Drivers/STM32F4xx_HAL_Driver/Src/stm32f4xx_hal_uart.c.obj
 .debug_frame   0x00001d58       0x68 CMakeFiles/stm32f407IGH6_26_9_20_0.dir/Core/Src/main.c.obj
 .debug_frame   0x00001dc0       0x38 CMakeFiles/stm32f407IGH6_26_9_20_0.dir/Core/Src/gpio.c.obj
 .debug_frame   0x00001df8       0x74 CMakeFiles/stm32f407IGH6_26_9_20_0.dir/Core/Src/can.c.obj
 .debug_frame   0x00001e6c       0x74 CMakeFiles/stm32f407IGH6_26_9_20_0.dir/Core/Src/usart.c.obj
 .debug_frame   0x00001ee0      0x13c CMakeFiles/stm32f407IGH6_26_9_20_0.dir/Core/Src/stm32f4xx_it.c.obj
 .debug_frame   0x0000201c       0x38 CMakeFiles/stm32f407IGH6_26_9_20_0.dir/Core/Src/stm32f4xx_hal_msp.c.obj
 .debug_frame   0x00002054       0x48 CMakeFiles/stm32f407IGH6_26_9_20_0.dir/func/Src/func_main.c.obj
 .debug_frame   0x0000209c      0x188 CMakeFiles/stm32f407IGH6_26_9_20_0.dir/func/Src/func_can.c.obj

.debug_line_str
                0x00000000       0x94
 .debug_line_str
                0x00000000       0x94 CMakeFiles/stm32f407IGH6_26_9_20_0.dir/startup_stm32f407xx.s.obj
