Archive member included to satisfy reference by file (symbol)

/home/llsjjz/gnu_toolchain/xpack-arm-none-eabi-gcc-15.2.1-1.1/bin/../lib/gcc/arm-none-eabi/15.2.1/thumb/v7e-m+fp/hard/libgcc.a(_aeabi_uldivmod.o)
                              cmake/stm32cubemx/CMakeFiles/STM32_Drivers.dir/__/__/Drivers/STM32F4xx_HAL_Driver/Src/stm32f4xx_hal_rcc.c.obj (__aeabi_uldivmod)
/home/llsjjz/gnu_toolchain/xpack-arm-none-eabi-gcc-15.2.1-1.1/bin/../lib/gcc/arm-none-eabi/15.2.1/thumb/v7e-m+fp/hard/libgcc.a(_udivmoddi4.o)
                              /home/llsjjz/gnu_toolchain/xpack-arm-none-eabi-gcc-15.2.1-1.1/bin/../lib/gcc/arm-none-eabi/15.2.1/thumb/v7e-m+fp/hard/libgcc.a(_aeabi_uldivmod.o) (__udivmoddi4)
/home/llsjjz/gnu_toolchain/xpack-arm-none-eabi-gcc-15.2.1-1.1/bin/../lib/gcc/arm-none-eabi/15.2.1/thumb/v7e-m+fp/hard/libgcc.a(_dvmd_tls.o)
                              /home/llsjjz/gnu_toolchain/xpack-arm-none-eabi-gcc-15.2.1-1.1/bin/../lib/gcc/arm-none-eabi/15.2.1/thumb/v7e-m+fp/hard/libgcc.a(_aeabi_uldivmod.o) (__aeabi_ldiv0)
/home/llsjjz/gnu_toolchain/xpack-arm-none-eabi-gcc-15.2.1-1.1/bin/../lib/gcc/arm-none-eabi/15.2.1/../../../../arm-none-eabi/lib/thumb/v7e-m+fp/hard/libg_nano.a(libc_a-atexit.o)
                              /home/llsjjz/gnu_toolchain/xpack-arm-none-eabi-gcc-15.2.1-1.1/bin/../lib/gcc/arm-none-eabi/15.2.1/../../../../arm-none-eabi/lib/thumb/v7e-m+fp/hard/crt0.o (atexit)
/home/llsjjz/gnu_toolchain/xpack-arm-none-eabi-gcc-15.2.1-1.1/bin/../lib/gcc/arm-none-eabi/15.2.1/../../../../arm-none-eabi/lib/thumb/v7e-m+fp/hard/libg_nano.a(libc_a-exit.o)
                              /home/llsjjz/gnu_toolchain/xpack-arm-none-eabi-gcc-15.2.1-1.1/bin/../lib/gcc/arm-none-eabi/15.2.1/../../../../arm-none-eabi/lib/thumb/v7e-m+fp/hard/crt0.o (exit)
/home/llsjjz/gnu_toolchain/xpack-arm-none-eabi-gcc-15.2.1-1.1/bin/../lib/gcc/arm-none-eabi/15.2.1/../../../../arm-none-eabi/lib/thumb/v7e-m+fp/hard/libg_nano.a(libc_a-findfp.o)
                              /home/llsjjz/gnu_toolchain/xpack-arm-none-eabi-gcc-15.2.1-1.1/bin/../lib/gcc/arm-none-eabi/15.2.1/../../../../arm-none-eabi/lib/thumb/v7e-m+fp/hard/libg_nano.a(libc_a-exit.o) (__stdio_exit_handler)
/home/llsjjz/gnu_toolchain/xpack-arm-none-eabi-gcc-15.2.1-1.1/bin/../lib/gcc/arm-none-eabi/15.2.1/../../../../arm-none-eabi/lib/thumb/v7e-m+fp/hard/libg_nano.a(libc_a-fwalk.o)
                              /home/llsjjz/gnu_toolchain/xpack-arm-none-eabi-gcc-15.2.1-1.1/bin/../lib/gcc/arm-none-eabi/15.2.1/../../../../arm-none-eabi/lib/thumb/v7e-m+fp/hard/libg_nano.a(libc_a-findfp.o) (_fwalk_sglue)
/home/llsjjz/gnu_toolchain/xpack-arm-none-eabi-gcc-15.2.1-1.1/bin/../lib/gcc/arm-none-eabi/15.2.1/../../../../arm-none-eabi/lib/thumb/v7e-m+fp/hard/libg_nano.a(libc_a-stdio.o)
                              /home/llsjjz/gnu_toolchain/xpack-arm-none-eabi-gcc-15.2.1-1.1/bin/../lib/gcc/arm-none-eabi/15.2.1/../../../../arm-none-eabi/lib/thumb/v7e-m+fp/hard/libg_nano.a(libc_a-findfp.o) (__sread)
/home/llsjjz/gnu_toolchain/xpack-arm-none-eabi-gcc-15.2.1-1.1/bin/../lib/gcc/arm-none-eabi/15.2.1/../../../../arm-none-eabi/lib/thumb/v7e-m+fp/hard/libg_nano.a(libc_a-memset.o)
                              /home/llsjjz/gnu_toolchain/xpack-arm-none-eabi-gcc-15.2.1-1.1/bin/../lib/gcc/arm-none-eabi/15.2.1/../../../../arm-none-eabi/lib/thumb/v7e-m+fp/hard/crt0.o (memset)
/home/llsjjz/gnu_toolchain/xpack-arm-none-eabi-gcc-15.2.1-1.1/bin/../lib/gcc/arm-none-eabi/15.2.1/../../../../arm-none-eabi/lib/thumb/v7e-m+fp/hard/libg_nano.a(libc_a-closer.o)
                              /home/llsjjz/gnu_toolchain/xpack-arm-none-eabi-gcc-15.2.1-1.1/bin/../lib/gcc/arm-none-eabi/15.2.1/../../../../arm-none-eabi/lib/thumb/v7e-m+fp/hard/libg_nano.a(libc_a-stdio.o) (_close_r)
/home/llsjjz/gnu_toolchain/xpack-arm-none-eabi-gcc-15.2.1-1.1/bin/../lib/gcc/arm-none-eabi/15.2.1/../../../../arm-none-eabi/lib/thumb/v7e-m+fp/hard/libg_nano.a(libc_a-reent.o)
                              /home/llsjjz/gnu_toolchain/xpack-arm-none-eabi-gcc-15.2.1-1.1/bin/../lib/gcc/arm-none-eabi/15.2.1/../../../../arm-none-eabi/lib/thumb/v7e-m+fp/hard/libg_nano.a(libc_a-closer.o) (errno)
/home/llsjjz/gnu_toolchain/xpack-arm-none-eabi-gcc-15.2.1-1.1/bin/../lib/gcc/arm-none-eabi/15.2.1/../../../../arm-none-eabi/lib/thumb/v7e-m+fp/hard/libg_nano.a(libc_a-impure.o)
                              /home/llsjjz/gnu_toolchain/xpack-arm-none-eabi-gcc-15.2.1-1.1/bin/../lib/gcc/arm-none-eabi/15.2.1/../../../../arm-none-eabi/lib/thumb/v7e-m+fp/hard/libg_nano.a(libc_a-reent.o) (_impure_ptr)
/home/llsjjz/gnu_toolchain/xpack-arm-none-eabi-gcc-15.2.1-1.1/bin/../lib/gcc/arm-none-eabi/15.2.1/../../../../arm-none-eabi/lib/thumb/v7e-m+fp/hard/libg_nano.a(libc_a-lseekr.o)
                              /home/llsjjz/gnu_toolchain/xpack-arm-none-eabi-gcc-15.2.1-1.1/bin/../lib/gcc/arm-none-eabi/15.2.1/../../../../arm-none-eabi/lib/thumb/v7e-m+fp/hard/libg_nano.a(libc_a-stdio.o) (_lseek_r)
[...]
Memory Configuration

Name             Origin             Length             Attributes
RAM              0x20000000         0x00020000         xrw
CCMRAM           0x10000000         0x00010000         xrw
FLASH            0x08000000         0x00100000         xr
*default*        0x00000000         0xffffffff

Linker script and memory map

LOAD /home/llsjjz/gnu_toolchain/xpack-arm-none-eabi-gcc-15.2.1-1.1/bin/../lib/gcc/arm-none-eabi/15.2.1/thumb/v7e-m+fp/hard/crti.o
LOAD /home/llsjjz/gnu_toolchain/xpack-arm-none-eabi-gcc-15.2.1-1.1/bin/../lib/gcc/arm-none-eabi/15.2.1/thumb/v7e-m+fp/hard/crtbegin.o
LOAD /home/llsjjz/gnu_toolchain/xpack-arm-none-eabi-gcc-15.2.1-1.1/bin/../lib/gcc/arm-none-eabi/15.2.1/../../../../arm-none-eabi/lib/thumb/v7e-m+fp/hard/crt0.o
LOAD cmake/stm32cubemx/CMakeFiles/STM32_Drivers.dir/__/__/Core/Src/system_stm32f4xx.c.obj
LOAD cmake/stm32cubemx/CMakeFiles/STM32_Drivers.dir/__/__/Drivers/STM32F4xx_HAL_Driver/Src/stm32f4xx_hal_can.c.obj
LOAD cmake/stm32cubemx/CMakeFiles/STM32_Drivers.dir/__/__/Drivers/STM32F4xx_HAL_Driver/Src/stm32f4xx_hal_rcc.c.obj
LOAD cmake/stm32cubemx/CMakeFiles/STM32_Drivers.dir/__/__/Drivers/STM32F4xx_HAL_Driver/Src/stm32f4xx_hal_rcc_ex.c.obj
LOAD cmake/stm32cubemx/CMakeFiles/STM32_Drivers.dir/__/__/Drivers/STM32F4xx_HAL_Driver/Src/stm32f4xx_hal_flash.c.obj
LOAD cmake/stm32cubemx/CMakeFiles/STM32_Drivers.dir/__/__/Drivers/STM32F4xx_HAL_Driver/Src/stm32f4xx_hal_flash_ex.c.obj
LOAD cmake/stm32cubemx/CMakeFiles/STM32_Drivers.dir/__/__/Drivers/STM32F4xx_HAL_Driver/Src/stm32f4xx_hal_flash_ramfunc.c.obj
LOAD cmake/stm32cubemx/CMakeFiles/STM32_Drivers.dir/__/__/Drivers/STM32F4xx_HAL_Driver/Src/stm32f4xx_hal_gpio.c.obj
LOAD cmake/stm32cubemx/CMakeFiles/STM32_Drivers.dir/__/__/Drivers/STM32F4xx_HAL_Driver/Src/stm32f4xx_hal_dma_ex.c.obj
LOAD cmake/stm32cubemx/CMakeFiles/STM32_Drivers.dir/__/__/Drivers/STM32F4xx_HAL_Driver/Src/stm32f4xx_hal_dma.c.obj
LOAD cmake/stm32cubemx/CMakeFiles/STM32_Drivers.dir/__/__/Drivers/STM32F4xx_HAL_Driver/Src/stm32f4xx_hal_pwr.c.obj
LOAD cmake/stm32cubemx/CMakeFiles/STM32_Drivers.dir/__/__/Drivers/STM32F4xx_HAL_Driver/Src/stm32f4xx_hal_pwr_ex.c.obj
LOAD cmake/stm32cubemx/CMakeFiles/STM32_Drivers.dir/__/__/Drivers/STM32F4xx_HAL_Driver/Src/stm32f4xx_hal_cortex.c.obj
LOAD cmake/stm32cubemx/CMakeFiles/STM32_Drivers.dir/__/__/Drivers/STM32F4xx_HAL_Driver/Src/stm32f4xx_hal.c.obj
LOAD cmake/stm32cubemx/CMakeFiles/STM32_Drivers.dir/__/__/Drivers/STM32F4xx_HAL_Driver/Src/stm32f4xx_hal_exti.c.obj
LOAD cmake/stm32cubemx/CMakeFiles/STM32_Drivers.dir/__/__/Drivers/STM32F4xx_HAL_Driver/Src/stm32f4xx_hal_uart.c.obj
LOAD CMakeFiles/stm32f407IGH6_26_9_20_0.dir/Core/Src/main.c.obj
LOAD CMakeFiles/stm32f407IGH6_26_9_20_0.dir/Core/Src/gpio.c.obj
LOAD CMakeFiles/stm32f407IGH6_26_9_20_0.dir/Core/Src/can.c.obj
LOAD CMakeFiles/stm32f407IGH6_26_9_20_0.dir/Core/Src/usart.c.obj
LOAD CMakeFiles/stm32f407IGH6_26_9_20_0.dir/Core/Src/stm32f4xx_it.c.obj
LOAD CMakeFiles/stm32f407IGH6_26_9_20_0.dir/Core/Src/stm32f4xx_hal_msp.c.obj
LOAD CMakeFiles/stm32f407IGH6_26_9_20_0.dir/Core/Src/sysmem.c.obj
LOAD CMakeFiles/stm32f407IGH6_26_9_20_0.dir/Core/Src/syscalls.c.obj
LOAD CMakeFiles/stm32f407IGH6_26_9_20_0.dir/startup_stm32f407xx.s.obj
LOAD CMakeFiles/stm32f407IGH6_26_9_20_0.dir/func/Src/func_main.c.obj
LOAD CMakeFiles/stm32f407IGH6_26_9_20_0.dir/func/Src/func_can.c.obj
LOAD /home/llsjjz/gnu_toolchain/xpack-arm-none-eabi-gcc-15.2.1-1.1/bin/../lib/gcc/arm-none-eabi/15.2.1/../../../../arm-none-eabi/lib/thumb/v7e-m+fp/hard/libm.a
START GROUP
LOAD /home/llsjjz/gnu_toolchain/xpack-arm-none-eabi-gcc-15.2.1-1.1/bin/../lib/gcc/arm-none-eabi/15.2.1/thumb/v7e-m+fp/hard/libgcc.a
LOAD /home/llsjjz/gnu_toolchain/xpack-arm-none-eabi-gcc-15.2.1-1.1/bin/../lib/gcc/arm-none-eabi/15.2.1/../../../../arm-none-eabi/lib/thumb/v7e-m+fp/hard/libg_nano.a
LOAD /home/llsjjz/gnu_toolchain/xpack-arm-none-eabi-gcc-15.2.1-1.1/bin/../lib/gcc/arm-none-eabi/15.2.1/../../../../arm-none-eabi/lib/thumb/v7e-m+fp/hard/libc_nano.a
END GROUP
START GROUP
LOAD /home/llsjjz/gnu_toolchain/xpack-arm-none-eabi-gcc-15.2.1-1.1/bin/../lib/gcc/arm-none-eabi/15.2.1/thumb/v7e-m+fp/hard/libgcc.a
LOAD /home/llsjjz/gnu_toolchain/xpack-arm-none-eabi-gcc-15.2.1-1.1/bin/../lib/gcc/arm-none-eabi/15.2.1/../../../../arm-none-eabi/lib/thumb/v7e-m+fp/hard/libc_nano.a
END GROUP
LOAD /home/llsjjz/gnu_toolchain/xpack-arm-none-eabi-gcc-15.2.1-1.1/bin/../lib/gcc/arm-none-eabi/15.2.1/thumb/v7e-m+fp/hard/crtend.o
LOAD /home/llsjjz/gnu_toolchain/xpack-arm-none-eabi-gcc-15.2.1-1.1/bin/../lib/gcc/arm-none-eabi/15.2.1/thumb/v7e-m+fp/hard/crtn.o
                0x20020000                        _estack = (ORIGIN (RAM) + LENGTH (RAM))
                0x2001fc00                        _sstack = (_estack - _Min_Stack_Size)
                0x00000200                        _Min_Heap_Size = 0x200
                0x00000400                        _Min_Stack_Size = 0x400

.isr_vector     0x08000000      0x188
                0x08000000                        . = ALIGN (0x4)
 *(.isr_vector)
 .isr_vector    0x08000000      0x188 CMakeFiles/stm32f407IGH6_26_9_20_0.dir/startup_stm32f407xx.s.obj
                0x08000000                g_pfnVectors
                0x08000188                        . = ALIGN (0x4)

.text           0x08000188     0x30d4
                0x08000188                        . = ALIGN (0x4)
 *(.text)
 .text          0x08000188       0x30 /home/llsjjz/gnu_toolchain/xpack-arm-none-eabi-gcc-15.2.1-1.1/bin/../lib/gcc/arm-none-eabi/15.2.1/thumb/v7e-m+fp/hard/libgcc.a(_aeabi_uldivmod.o)
                0x08000188                __aeabi_uldivmod
 .text          0x080001b8        0x4 /home/llsjjz/gnu_toolchain/xpack-arm-none-eabi-gcc-15.2.1-1.1/bin/../lib/gcc/arm-none-eabi/15.2.1/thumb/v7e-m+fp/hard/libgcc.a(_dvmd_tls.o)
                0x080001b8                __aeabi_ldiv0
                0x080001b8                __aeabi_idiv0
 *(.text*)
 .text.__do_global_dtors_aux
                0x080001bc       0x28 /home/llsjjz/gnu_toolchain/xpack-arm-none-eabi-gcc-15.2.1-1.1/bin/../lib/gcc/arm-none-eabi/15.2.1/thumb/v7e-m+fp/hard/crtbegin.o
 .text.frame_dummy
                0x080001e4       0x1c /home/llsjjz/gnu_toolchain/xpack-arm-none-eabi-gcc-15.2.1-1.1/bin/../lib/gcc/arm-none-eabi/15.2.1/thumb/v7e-m+fp/hard/crtbegin.o
 .text.SystemInit
                0x08000200       0x20 cmake/stm32cubemx/CMakeFiles/STM32_Drivers.dir/__/__/Core/Src/system_stm32f4xx.c.obj
                0x08000200                SystemInit
 .text.HAL_CAN_Init
                0x08000220      0x1f6 cmake/stm32cubemx/CMakeFiles/STM32_Drivers.dir/__/__/Drivers/STM32F4xx_HAL_Driver/Src/stm32f4xx_hal_can.c.obj
                0x08000220                HAL_CAN_Init
 .text.HAL_CAN_GetRxMessage
                0x08000416      0x242 cmake/stm32cubemx/CMakeFiles/STM32_Drivers.dir/__/__/Drivers/STM32F4xx_HAL_Driver/Src/stm32f4xx_hal_can.c.obj
                0x08000416                HAL_CAN_GetRxMessage
 .text.HAL_CAN_IRQHandler
                0x08000658      0x36e cmake/stm32cubemx/CMakeFiles/STM32_Drivers.dir/__/__/Drivers/STM32F4xx_HAL_Driver/Src/stm32f4xx_hal_can.c.obj
                0x08000658                HAL_CAN_IRQHandler
 .text.HAL_CAN_TxMailbox0CompleteCallback
                0x080009c6       0x12 cmake/stm32cubemx/CMakeFiles/STM32_Drivers.dir/__/__/Drivers/STM32F4xx_HAL_Driver/Src/stm32f4xx_hal_can.c.obj
                0x080009c6                HAL_CAN_TxMailbox0CompleteCallback
 .text.HAL_CAN_TxMailbox1CompleteCallback
                0x080009d8       0x12 cmake/stm32cubemx/CMakeFiles/STM32_Drivers.dir/__/__/Drivers/STM32F4xx_HAL_Driver/Src/stm32f4xx_hal_can.c.obj
                0x080009d8                HAL_CAN_TxMailbox1CompleteCallback
 .text.HAL_CAN_TxMailbox2CompleteCallback
                0x080009ea       0x12 cmake/stm32cubemx/CMakeFiles/STM32_Drivers.dir/__/__/Drivers/STM32F4xx_HAL_Driver/Src/stm32f4xx_hal_can.c.obj
                0x080009ea                HAL_CAN_TxMailbox2CompleteCallback
 .text.HAL_CAN_TxMailbox0AbortCallback
                0x080009fc       0x12 cmake/stm32cubemx/CMakeFiles/STM32_Drivers.dir/__/__/Drivers/STM32F4xx_HAL_Driver/Src/stm32f4xx_hal_can.c.obj
                0x080009fc                HAL_CAN_TxMailbox0AbortCallback
 .text.HAL_CAN_TxMailbox1AbortCallback
                0x08000a0e       0x12 cmake/stm32cubemx/CMakeFiles/STM32_Drivers.dir/__/__/Drivers/STM32F4xx_HAL_Driver/Src/stm32f4xx_hal_can.c.obj
                0x08000a0e                HAL_CAN_TxMailbox1AbortCallback
 .text.HAL_CAN_TxMailbox2AbortCallback
                0x08000a20       0x12 cmake/stm32cubemx/CMakeFiles/STM32_Drivers.dir/__/__/Drivers/STM32F4xx_HAL_Driver/Src/stm32f4xx_hal_can.c.obj
                0x08000a20                HAL_CAN_TxMailbox2AbortCallback
 .text.HAL_CAN_RxFifo0FullCallback
                0x08000a32       0x12 cmake/stm32cubemx/CMakeFiles/STM32_Drivers.dir/__/__/Drivers/STM32F4xx_HAL_Driver/Src/stm32f4xx_hal_can.c.obj
                0x08000a32                HAL_CAN_RxFifo0FullCallback
 .text.HAL_CAN_RxFifo1MsgPendingCallback
                0x08000a44       0x12 cmake/stm32cubemx/CMakeFiles/STM32_Drivers.dir/__/__/Drivers/STM32F4xx_HAL_Driver/Src/stm32f4xx_hal_can.c.obj
                0x08000a44                HAL_CAN_RxFifo1MsgPendingCallback
 .text.HAL_CAN_RxFifo1FullCallback
                0x08000a56       0x12 cmake/stm32cubemx/CMakeFiles/STM32_Drivers.dir/__/__/Drivers/STM32F4xx_HAL_Driver/Src/stm32f4xx_hal_can.c.obj
                0x08000a56                HAL_CAN_RxFifo1FullCallback
 .text.HAL_CAN_SleepCallback
                0x08000a68       0x12 cmake/stm32cubemx/CMakeFiles/STM32_Drivers.dir/__/__/Drivers/STM32F4xx_HAL_Driver/Src/stm32f4xx_hal_can.c.obj
                0x08000a68                HAL_CAN_SleepCallback
 .text.HAL_CAN_WakeUpFromRxMsgCallback
                0x08000a7a       0x12 cmake/stm32cubemx/CMakeFiles/STM32_Drivers.dir/__/__/Drivers/STM32F4xx_HAL_Driver/Src/stm32f4xx_hal_can.c.obj
                0x08000a7a                HAL_CAN_WakeUpFromRxMsgCallback
 .text.HAL_CAN_ErrorCallback
                0x08000a8c       0x12 cmake/stm32cubemx/CMakeFiles/STM32_Drivers.dir/__/__/Drivers/STM32F4xx_HAL_Driver/Src/stm32f4xx_hal_can.c.obj
                0x08000a8c                HAL_CAN_ErrorCallback
 *fill*         0x08000a9e        0x2 
 .text.HAL_RCC_OscConfig
                0x08000aa0      0x4f0 cmake/stm32cubemx/CMakeFiles/STM32_Drivers.dir/__/__/Drivers/STM32F4xx_HAL_Driver/Src/stm32f4xx_hal_rcc.c.obj
                0x08000aa0                HAL_RCC_OscConfig
 .text.HAL_RCC_ClockConfig
                0x08000f90      0x1cc cmake/stm32cubemx/CMakeFiles/STM32_Drivers.dir/__/__/Drivers/STM32F4xx_HAL_Driver/Src/stm32f4xx_hal_rcc.c.obj
                0x08000f90                HAL_RCC_ClockConfig
 .text.HAL_RCC_GetSysClockFreq
                0x0800115c      0x188 cmake/stm32cubemx/CMakeFiles/STM32_Drivers.dir/__/__/Drivers/STM32F4xx_HAL_Driver/Src/stm32f4xx_hal_rcc.c.obj
                0x0800115c                HAL_RCC_GetSysClockFreq
 .text.HAL_RCC_GetHCLKFreq
                0x080012e4       0x14 cmake/stm32cubemx/CMakeFiles/STM32_Drivers.dir/__/__/Drivers/STM32F4xx_HAL_Driver/Src/stm32f4xx_hal_rcc.c.obj
                0x080012e4                HAL_RCC_GetHCLKFreq
 .text.HAL_RCC_GetPCLK1Freq
                0x080012f8       0x28 cmake/stm32cubemx/CMakeFiles/STM32_Drivers.dir/__/__/Drivers/STM32F4xx_HAL_Driver/Src/stm32f4xx_hal_rcc.c.obj
                0x080012f8                HAL_RCC_GetPCLK1Freq
 .text.HAL_RCC_GetPCLK2Freq
                0x08001320       0x28 cmake/stm32cubemx/CMakeFiles/STM32_Drivers.dir/__/__/Drivers/STM32F4xx_HAL_Driver/Src/stm32f4xx_hal_rcc.c.obj
                0x08001320                HAL_RCC_GetPCLK2Freq
 .text.HAL_GPIO_Init
                0x08001348      0x334 cmake/stm32cubemx/CMakeFiles/STM32_Drivers.dir/__/__/Drivers/STM32F4xx_HAL_Driver/Src/stm32f4xx_hal_gpio.c.obj
                0x08001348                HAL_GPIO_Init
 .text.HAL_DMA_Abort
                0x0800167c       0xe0 cmake/stm32cubemx/CMakeFiles/STM32_Drivers.dir/__/__/Drivers/STM32F4xx_HAL_Driver/Src/stm32f4xx_hal_dma.c.obj
                0x0800167c                HAL_DMA_Abort
 .text.HAL_DMA_Abort_IT
                0x0800175c       0x42 cmake/stm32cubemx/CMakeFiles/STM32_Drivers.dir/__/__/Drivers/STM32F4xx_HAL_Driver/Src/stm32f4xx_hal_dma.c.obj
                0x0800175c                HAL_DMA_Abort_IT
 *fill*         0x0800179e        0x2 
 .text.__NVIC_SetPriorityGrouping
                0x080017a0       0x48 cmake/stm32cubemx/CMakeFiles/STM32_Drivers.dir/__/__/Drivers/STM32F4xx_HAL_Driver/Src/stm32f4xx_hal_cortex.c.obj
 .text.__NVIC_GetPriorityGrouping
                0x080017e8       0x1c cmake/stm32cubemx/CMakeFiles/STM32_Drivers.dir/__/__/Drivers/STM32F4xx_HAL_Driver/Src/stm32f4xx_hal_cortex.c.obj
 .text.__NVIC_EnableIRQ
                0x08001804       0x38 cmake/stm32cubemx/CMakeFiles/STM32_Drivers.dir/__/__/Drivers/STM32F4xx_HAL_Driver/Src/stm32f4xx_hal_cortex.c.obj
 .text.__NVIC_SetPriority
                0x0800183c       0x54 cmake/stm32cubemx/CMakeFiles/STM32_Drivers.dir/__/__/Drivers/STM32F4xx_HAL_Driver/Src/stm32f4xx_hal_cortex.c.obj
 .text.NVIC_EncodePriority
                0x08001890       0x6e cmake/stm32cubemx/CMakeFiles/STM32_Drivers.dir/__/__/Drivers/STM32F4xx_HAL_Driver/Src/stm32f4xx_hal_cortex.c.obj
 *fill*         0x080018fe        0x2 
 .text.SysTick_Config
                0x08001900       0x44 cmake/stm32cubemx/CMakeFiles/STM32_Drivers.dir/__/__/Drivers/STM32F4xx_HAL_Driver/Src/stm32f4xx_hal_cortex.c.obj
 .text.HAL_NVIC_SetPriorityGrouping
                0x08001944       0x16 cmake/stm32cubemx/CMakeFiles/STM32_Drivers.dir/__/__/Drivers/STM32F4xx_HAL_Driver/Src/stm32f4xx_hal_cortex.c.obj
                0x08001944                HAL_NVIC_SetPriorityGrouping
 .text.HAL_NVIC_SetPriority
                0x0800195a       0x38 cmake/stm32cubemx/CMakeFiles/STM32_Drivers.dir/__/__/Drivers/STM32F4xx_HAL_Driver/Src/stm32f4xx_hal_cortex.c.obj
                0x0800195a                HAL_NVIC_SetPriority
 .text.HAL_NVIC_EnableIRQ
                0x08001992       0x1c cmake/stm32cubemx/CMakeFiles/STM32_Drivers.dir/__/__/Drivers/STM32F4xx_HAL_Driver/Src/stm32f4xx_hal_cortex.c.obj
                0x08001992                HAL_NVIC_EnableIRQ
 .text.HAL_SYSTICK_Config
                0x080019ae       0x18 cmake/stm32cubemx/CMakeFiles/STM32_Drivers.dir/__/__/Drivers/STM32F4xx_HAL_Driver/Src/stm32f4xx_hal_cortex.c.obj
                0x080019ae                HAL_SYSTICK_Config
 *fill*         0x080019c6        0x2 
 .text.HAL_Init
                0x080019c8       0x44 cmake/stm32cubemx/CMakeFiles/STM32_Drivers.dir/__/__/Drivers/STM32F4xx_HAL_Driver/Src/stm32f4xx_hal.c.obj
                0x080019c8                HAL_Init
 .text.HAL_InitTick
                0x08001a0c       0x60 cmake/stm32cubemx/CMakeFiles/STM32_Drivers.dir/__/__/Drivers/STM32F4xx_HAL_Driver/Src/stm32f4xx_hal.c.obj
                0x08001a0c                HAL_InitTick
 .text.HAL_IncTick
                0x08001a6c       0x24 cmake/stm32cubemx/CMakeFiles/STM32_Drivers.dir/__/__/Drivers/STM32F4xx_HAL_Driver/Src/stm32f4xx_hal.c.obj
                0x08001a6c                HAL_IncTick
 .text.HAL_GetTick
                0x08001a90       0x14 cmake/stm32cubemx/CMakeFiles/STM32_Drivers.dir/__/__/Drivers/STM32F4xx_HAL_Driver/Src/stm32f4xx_hal.c.obj
                0x08001a90                HAL_GetTick
 .text.HAL_UART_Init
                0x08001aa4       0xa0 cmake/stm32cubemx/CMakeFiles/STM32_Drivers.dir/__/__/Drivers/STM32F4xx_HAL_Driver/Src/stm32f4xx_hal_uart.c.obj
                0x08001aa4                HAL_UART_Init
 .text.HAL_UART_IRQHandler
                0x08001b44      0x550 cmake/stm32cubemx/CMakeFiles/STM32_Drivers.dir/__/__/Drivers/STM32F4xx_HAL_Driver/Src/stm32f4xx_hal_uart.c.obj
                0x08001b44                HAL_UART_IRQHandler
 .text.HAL_UART_TxCpltCallback
                0x08002094       0x12 cmake/stm32cubemx/CMakeFiles/STM32_Drivers.dir/__/__/Drivers/STM32F4xx_HAL_Driver/Src/stm32f4xx_hal_uart.c.obj
                0x08002094                HAL_UART_TxCpltCallback
 .text.HAL_UART_RxCpltCallback
                0x080020a6       0x12 cmake/stm32cubemx/CMakeFiles/STM32_Drivers.dir/__/__/Drivers/STM32F4xx_HAL_Driver/Src/stm32f4xx_hal_uart.c.obj
                0x080020a6                HAL_UART_RxCpltCallback
 .text.HAL_UART_ErrorCallback
                0x080020b8       0x12 cmake/stm32cubemx/CMakeFiles/STM32_Drivers.dir/__/__/Drivers/STM32F4xx_HAL_Driver/Src/stm32f4xx_hal_uart.c.obj
                0x080020b8                HAL_UART_ErrorCallback
 .text.HAL_UARTEx_RxEventCallback
                0x080020ca       0x16 cmake/stm32cubemx/CMakeFiles/STM32_Drivers.dir/__/__/Drivers/STM32F4xx_HAL_Driver/Src/stm32f4xx_hal_uart.c.obj
                0x080020ca                HAL_UARTEx_RxEventCallback
 .text.UART_EndRxTransfer
                0x080020e0       0xc4 cmake/stm32cubemx/CMakeFiles/STM32_Drivers.dir/__/__/Drivers/STM32F4xx_HAL_Driver/Src/stm32f4xx_hal_uart.c.obj
 .text.UART_DMAAbortOnError
                0x080021a4       0x22 cmake/stm32cubemx/CMakeFiles/STM32_Drivers.dir/__/__/Drivers/STM32F4xx_HAL_Driver/Src/stm32f4xx_hal_uart.c.obj
 .text.UART_Transmit_IT
                0x080021c6       0x9e cmake/stm32cubemx/CMakeFiles/STM32_Drivers.dir/__/__/Drivers/STM32F4xx_HAL_Driver/Src/stm32f4xx_hal_uart.c.obj
 .text.UART_EndTransmit_IT
                0x08002264       0x30 cmake/stm32cubemx/CMakeFiles/STM32_Drivers.dir/__/__/Drivers/STM32F4xx_HAL_Driver/Src/stm32f4xx_hal_uart.c.obj
 .text.UART_Receive_IT
                0x08002294      0x17c cmake/stm32cubemx/CMakeFiles/STM32_Drivers.dir/__/__/Drivers/STM32F4xx_HAL_Driver/Src/stm32f4xx_hal_uart.c.obj
 .text.UART_SetConfig
                0x08002410      0x4e8 cmake/stm32cubemx/CMakeFiles/STM32_Drivers.dir/__/__/Drivers/STM32F4xx_HAL_Driver/Src/stm32f4xx_hal_uart.c.obj
 .text.main     0x080028f8       0x1c CMakeFiles/stm32f407IGH6_26_9_20_0.dir/Core/Src/main.c.obj
                0x080028f8                main
 .text.SystemClock_Config
                0x08002914       0xd4 CMakeFiles/stm32f407IGH6_26_9_20_0.dir/Core/Src/main.c.obj
                0x08002914                SystemClock_Config
 .text.Error_Handler
                0x080029e8        0xc CMakeFiles/stm32f407IGH6_26_9_20_0.dir/Core/Src/main.c.obj
                0x080029e8                Error_Handler
 .text.MX_GPIO_Init
                0x080029f4       0xa0 CMakeFiles/stm32f407IGH6_26_9_20_0.dir/Core/Src/gpio.c.obj
                0x080029f4                MX_GPIO_Init
 .text.MX_CAN1_Init
                0x08002a94       0x6c CMakeFiles/stm32f407IGH6_26_9_20_0.dir/Core/Src/can.c.obj
                0x08002a94                MX_CAN1_Init
 .text.HAL_CAN_MspInit
                0x08002b00       0xa0 CMakeFiles/stm32f407IGH6_26_9_20_0.dir/Core/Src/can.c.obj
                0x08002b00                HAL_CAN_MspInit
 .text.MX_USART1_UART_Init
                0x08002ba0       0x54 CMakeFiles/stm32f407IGH6_26_9_20_0.dir/Core/Src/usart.c.obj
                0x08002ba0                MX_USART1_UART_Init
 .text.HAL_UART_MspInit
                0x08002bf4       0xe0 CMakeFiles/stm32f407IGH6_26_9_20_0.dir/Core/Src/usart.c.obj
                0x08002bf4                HAL_UART_MspInit
 .text.NMI_Handler
                0x08002cd4        0x8 CMakeFiles/stm32f407IGH6_26_9_20_0.dir/Core/Src/stm32f4xx_it.c.obj
                0x08002cd4                NMI_Handler
 .text.HardFault_Handler
                0x08002cdc        0x8 CMakeFiles/stm32f407IGH6_26_9_20_0.dir/Core/Src/stm32f4xx_it.c.obj
                0x08002cdc                HardFault_Handler
 .text.MemManage_Handler
                0x08002ce4        0x8 CMakeFiles/stm32f407IGH6_26_9_20_0.dir/Core/Src/stm32f4xx_it.c.obj
                0x08002ce4                MemManage_Handler
 .text.BusFault_Handler
                0x08002cec        0x8 CMakeFiles/stm32f407IGH6_26_9_20_0.dir/Core/Src/stm32f4xx_it.c.obj
                0x08002cec                BusFault_Handler
 .text.UsageFault_Handler
                0x08002cf4        0x8 CMakeFiles/stm32f407IGH6_26_9_20_0.dir/Core/Src/stm32f4xx_it.c.obj
                0x08002cf4                UsageFault_Handler
 .text.SVC_Handler
                0x08002cfc        0xc CMakeFiles/stm32f407IGH6_26_9_20_0.dir/Core/Src/stm32f4xx_it.c.obj
                0x08002cfc                SVC_Handler
 .text.DebugMon_Handler
                0x08002d08        0xc CMakeFiles/stm32f407IGH6_26_9_20_0.dir/Core/Src/stm32f4xx_it.c.obj
                0x08002d08                DebugMon_Handler
 .text.PendSV_Handler
                0x08002d14        0xc CMakeFiles/stm32f407IGH6_26_9_20_0.dir/Core/Src/stm32f4xx_it.c.obj
                0x08002d14                PendSV_Handler
 .text.SysTick_Handler
                0x08002d20        0xc CMakeFiles/stm32f407IGH6_26_9_20_0.dir/Core/Src/stm32f4xx_it.c.obj
                0x08002d20                SysTick_Handler
 .text.CAN1_RX0_IRQHandler
                0x08002d2c       0x14 CMakeFiles/stm32f407IGH6_26_9_20_0.dir/Core/Src/stm32f4xx_it.c.obj
                0x08002d2c                CAN1_RX0_IRQHandler
 .text.USART1_IRQHandler
                0x08002d40       0x14 CMakeFiles/stm32f407IGH6_26_9_20_0.dir/Core/Src/stm32f4xx_it.c.obj
                0x08002d40                USART1_IRQHandler
 .text.HAL_MspInit
                0x08002d54       0x4c CMakeFiles/stm32f407IGH6_26_9_20_0.dir/Core/Src/stm32f4xx_hal_msp.c.obj
                0x08002d54                HAL_MspInit
 .text.Reset_Handler
                0x08002da0       0x50 CMakeFiles/stm32f407IGH6_26_9_20_0.dir/startup_stm32f407xx.s.obj
                0x08002da0                Reset_Handler
 .text.Default_Handler
                0x08002df0        0x2 CMakeFiles/stm32f407IGH6_26_9_20_0.dir/startup_stm32f407xx.s.obj
                0x08002df0                RTC_Alarm_IRQHandler
                0x08002df0                HASH_RNG_IRQHandler
                0x08002df0                EXTI2_IRQHandler
                0x08002df0                TIM8_CC_IRQHandler
                0x08002df0                TIM1_CC_IRQHandler
                0x08002df0                DMA2_Stream5_IRQHandler
                0x08002df0                DMA1_Stream5_IRQHandler
                0x08002df0                PVD_IRQHandler
                0x08002df0                SDIO_IRQHandler
                0x08002df0                TAMP_STAMP_IRQHandler
                0x08002df0                CAN2_RX1_IRQHandler
                0x08002df0                EXTI3_IRQHandler
                0x08002df0                TIM8_TRG_COM_TIM14_IRQHandler
                0x08002df0                TIM1_UP_TIM10_IRQHandler
                0x08002df0                TIM8_UP_TIM13_IRQHandler
                0x08002df0                I2C3_ER_IRQHandler
                0x08002df0                EXTI0_IRQHandler
                0x08002df0                I2C2_EV_IRQHandler
                0x08002df0                DMA1_Stream2_IRQHandler
                0x08002df0                FPU_IRQHandler
                0x08002df0                OTG_HS_WKUP_IRQHandler
                0x08002df0                CAN2_SCE_IRQHandler
                0x08002df0                DMA2_Stream2_IRQHandler
                0x08002df0                SPI1_IRQHandler
                0x08002df0                TIM6_DAC_IRQHandler
                0x08002df0                TIM1_BRK_TIM9_IRQHandler
                0x08002df0                DCMI_IRQHandler
                0x08002df0                CAN2_RX0_IRQHandler
                0x08002df0                DMA2_Stream3_IRQHandler
                0x08002df0                USART6_IRQHandler
                0x08002df0                USART3_IRQHandler
                0x08002df0                CAN1_RX1_IRQHandler
                0x08002df0                UART5_IRQHandler
                0x08002df0                DMA2_Stream0_IRQHandler
                0x08002df0                TIM4_IRQHandler
                0x08002df0                I2C1_EV_IRQHandler
                0x08002df0                DMA1_Stream6_IRQHandler
                0x08002df0                DMA1_Stream1_IRQHandler
                0x08002df0                UART4_IRQHandler
                0x08002df0                TIM3_IRQHandler
                0x08002df0                RCC_IRQHandler
                0x08002df0                TIM8_BRK_TIM12_IRQHandler
                0x08002df0                Default_Handler
                0x08002df0                EXTI15_10_IRQHandler
                0x08002df0                ADC_IRQHandler
                0x08002df0                DMA1_Stream7_IRQHandler
                0x08002df0                TIM7_IRQHandler
                0x08002df0                CAN2_TX_IRQHandler
                0x08002df0                TIM5_IRQHandler
                0x08002df0                DMA2_Stream7_IRQHandler
                0x08002df0                I2C3_EV_IRQHandler
                0x08002df0                EXTI9_5_IRQHandler
                0x08002df0                RTC_WKUP_IRQHandler
                0x08002df0                ETH_WKUP_IRQHandler
                0x08002df0                SPI2_IRQHandler
                0x08002df0                OTG_HS_EP1_IN_IRQHandler
                0x08002df0                DMA1_Stream0_IRQHandler
                0x08002df0                CAN1_TX_IRQHandler
                0x08002df0                EXTI4_IRQHandler
                0x08002df0                FSMC_IRQHandler
                0x08002df0                ETH_IRQHandler
                0x08002df0                OTG_HS_EP1_OUT_IRQHandler
                0x08002df0                WWDG_IRQHandler
                0x08002df0                TIM2_IRQHandler
                0x08002df0                OTG_FS_WKUP_IRQHandler
                0x08002df0                TIM1_TRG_COM_TIM11_IRQHandler
                0x08002df0                OTG_HS_IRQHandler
                0x08002df0                EXTI1_IRQHandler
                0x08002df0                USART2_IRQHandler
                0x08002df0                I2C2_ER_IRQHandler
                0x08002df0                DMA2_Stream1_IRQHandler
                0x08002df0                CAN1_SCE_IRQHandler
                0x08002df0                FLASH_IRQHandler
                0x08002df0                DMA2_Stream4_IRQHandler
                0x08002df0                OTG_FS_IRQHandler
                0x08002df0                SPI3_IRQHandler
                0x08002df0                DMA1_Stream4_IRQHandler
                0x08002df0                I2C1_ER_IRQHandler
                0x08002df0                DMA2_Stream6_IRQHandler
                0x08002df0                DMA1_Stream3_IRQHandler
 *fill*         0x08002df2        0x2 
 .text.HAL_CAN_RxFifo0MsgPendingCallback
                0x08002df4       0xd8 CMakeFiles/stm32f407IGH6_26_9_20_0.dir/func/Src/func_can.c.obj
                0x08002df4                HAL_CAN_RxFifo0MsgPendingCallback
 .text.__udivmoddi4
                0x08002ecc      0x320 /home/llsjjz/gnu_toolchain/xpack-arm-none-eabi-gcc-15.2.1-1.1/bin/../lib/gcc/arm-none-eabi/15.2.1/thumb/v7e-m+fp/hard/libgcc.a(_udivmoddi4.o)
                0x08002ecc                __udivmoddi4
 .text.memset   0x080031ec       0x10 /home/llsjjz/gnu_toolchain/xpack-arm-none-eabi-gcc-15.2.1-1.1/bin/../lib/gcc/arm-none-eabi/15.2.1/../../../../arm-none-eabi/lib/thumb/v7e-m+fp/hard/libg_nano.a(libc_a-memset.o)
                0x080031ec                memset
 .text.__libc_init_array
                0x080031fc       0x48 /home/llsjjz/gnu_toolchain/xpack-arm-none-eabi-gcc-15.2.1-1.1/bin/../lib/gcc/arm-none-eabi/15.2.1/../../../../arm-none-eabi/lib/thumb/v7e-m+fp/hard/libg_nano.a(libc_a-init.o)
                0x080031fc                __libc_init_array
 *(.glue_7)
 .glue_7        0x08003244        0x0 linker stubs
 *(.glue_7t)
 .glue_7t       0x08003244        0x0 linker stubs
 *(.eh_frame)
 .eh_frame      0x08003244        0x0 /home/llsjjz/gnu_toolchain/xpack-arm-none-eabi-gcc-15.2.1-1.1/bin/../lib/gcc/arm-none-eabi/15.2.1/thumb/v7e-m+fp/hard/crtbegin.o
 *(.init)
 .init          0x08003244        0x4 /home/llsjjz/gnu_toolchain/xpack-arm-none-eabi-gcc-15.2.1-1.1/bin/../lib/gcc/arm-none-eabi/15.2.1/thumb/v7e-m+fp/hard/crti.o
                0x08003244                _init
 .init          0x08003248        0x8 /home/llsjjz/gnu_toolchain/xpack-arm-none-eabi-gcc-15.2.1-1.1/bin/../lib/gcc/arm-none-eabi/15.2.1/thumb/v7e-m+fp/hard/crtn.o
 *(.fini)
 .fini          0x08003250        0x4 /home/llsjjz/gnu_toolchain/xpack-arm-none-eabi-gcc-15.2.1-1.1/bin/../lib/gcc/arm-none-eabi/15.2.1/thumb/v7e-m+fp/hard/crti.o
                0x08003250                _fini
 .fini          0x08003254        0x8 /home/llsjjz/gnu_toolchain/xpack-arm-none-eabi-gcc-15.2.1-1.1/bin/../lib/gcc/arm-none-eabi/15.2.1/thumb/v7e-m+fp/hard/crtn.o
                0x0800325c                        . = ALIGN (0x4)
                0x0800325c                        _etext = .

.vfp11_veneer   0x0800325c        0x0
 .vfp11_veneer  0x0800325c        0x0 linker stubs

.v4_bx          0x0800325c        0x0
 .v4_bx         0x0800325c        0x0 linker stubs

.iplt           0x0800325c        0x0
 .iplt          0x0800325c        0x0 /home/llsjjz/gnu_toolchain/xpack-arm-none-eabi-gcc-15.2.1-1.1/bin/../lib/gcc/arm-none-eabi/15.2.1/thumb/v7e-m+fp/hard/crtbegin.o

.rodata         0x0800325c       0x18
                0x0800325c                        . = ALIGN (0x4)
 *(.rodata)
 *(.rodata*)
 .rodata.AHBPrescTable
                0x0800325c       0x10 cmake/stm32cubemx/CMakeFiles/STM32_Drivers.dir/__/__/Core/Src/system_stm32f4xx.c.obj
                0x0800325c                AHBPrescTable
 .rodata.APBPrescTable
                0x0800326c        0x8 cmake/stm32cubemx/CMakeFiles/STM32_Drivers.dir/__/__/Core/Src/system_stm32f4xx.c.obj
                0x0800326c                APBPrescTable
                0x08003274                        . = ALIGN (0x4)

.ARM.extab      0x08003274        0x0
                0x08003274                        . = ALIGN (0x4)
 *(.ARM.extab* .gnu.linkonce.armextab.*)
                0x08003274                        . = ALIGN (0x4)

.ARM            0x08003274        0x8
                0x08003274                        . = ALIGN (0x4)
                0x08003274                        __exidx_start = .
 *(.ARM.exidx*)
 .ARM.exidx.text.__udivmoddi4
                0x08003274        0x8 /home/llsjjz/gnu_toolchain/xpack-arm-none-eabi-gcc-15.2.1-1.1/bin/../lib/gcc/arm-none-eabi/15.2.1/thumb/v7e-m+fp/hard/libgcc.a(_udivmoddi4.o)
                0x0800327c                        __exidx_end = .
                0x0800327c                        . = ALIGN (0x4)

.preinit_array  0x0800327c        0x0
                0x0800327c                        . = ALIGN (0x4)
                0x0800327c                        PROVIDE (__preinit_array_start = .)
 *(.preinit_array*)
                0x0800327c                        PROVIDE (__preinit_array_end = .)
                0x0800327c                        . = ALIGN (0x4)

.init_array     0x0800327c        0x4
                0x0800327c                        . = ALIGN (0x4)
                0x0800327c                        PROVIDE (__init_array_start = .)
 *(SORT_BY_NAME(.init_array.*))
 *(.init_array*)
 .init_array    0x0800327c        0x4 /home/llsjjz/gnu_toolchain/xpack-arm-none-eabi-gcc-15.2.1-1.1/bin/../lib/gcc/arm-none-eabi/15.2.1/thumb/v7e-m+fp/hard/crtbegin.o
                0x08003280                        PROVIDE (__init_array_end = .)
                0x08003280                        . = ALIGN (0x4)

.fini_array     0x08003280        0x4
                0x08003280                        . = ALIGN (0x4)
                0x08003280                        PROVIDE (__fini_array_start = .)
 *(SORT_BY_NAME(.fini_array.*))
 *(.fini_array*)
 .fini_array    0x08003280        0x4 /home/llsjjz/gnu_toolchain/xpack-arm-none-eabi-gcc-15.2.1-1.1/bin/../lib/gcc/arm-none-eabi/15.2.1/thumb/v7e-m+fp/hard/crtbegin.o
                0x08003284                        PROVIDE (__fini_array_end = .)
                0x08003284                        . = ALIGN (0x4)
                0x08003284                        _siccmram = LOADADDR (.ccmram)

.rel.dyn        0x08003284        0x0
 .rel.iplt      0x08003284        0x0 /home/llsjjz/gnu_toolchain/xpack-arm-none-eabi-gcc-15.2.1-1.1/bin/../lib/gcc/arm-none-eabi/15.2.1/thumb/v7e-m+fp/hard/crtbegin.o

.ccmram         0x10000000        0x0 load address 0x08003284
                0x10000000                        . = ALIGN (0x4)
                0x10000000                        _sccmram = .
 *(.ccmram)
 *(.ccmram*)
                0x10000000                        . = ALIGN (0x4)
                0x10000000                        _eccmram = .
                0x08003284                        _sidata = LOADADDR (.data)

.data           0x20000000        0xc load address 0x08003284
                0x20000000                        . = ALIGN (0x4)
                0x20000000                        _sdata = .
 *(.data)
 *(.data*)
 .data.SystemCoreClock
                0x20000000        0x4 cmake/stm32cubemx/CMakeFiles/STM32_Drivers.dir/__/__/Core/Src/system_stm32f4xx.c.obj
                0x20000000                SystemCoreClock
 .data.uwTickPrio
                0x20000004        0x4 cmake/stm32cubemx/CMakeFiles/STM32_Drivers.dir/__/__/Drivers/STM32F4xx_HAL_Driver/Src/stm32f4xx_hal.c.obj
                0x20000004                uwTickPrio
 .data.uwTickFreq
                0x20000008        0x1 cmake/stm32cubemx/CMakeFiles/STM32_Drivers.dir/__/__/Drivers/STM32F4xx_HAL_Driver/Src/stm32f4xx_hal.c.obj
                0x20000008                uwTickFreq
 *(.RamFunc)
 *(.RamFunc*)
                0x2000000c                        . = ALIGN (0x4)
 *fill*         0x20000009        0x3 

.igot.plt       0x2000000c        0x0 load address 0x08003290
 .igot.plt      0x2000000c        0x0 /home/llsjjz/gnu_toolchain/xpack-arm-none-eabi-gcc-15.2.1-1.1/bin/../lib/gcc/arm-none-eabi/15.2.1/thumb/v7e-m+fp/hard/crtbegin.o

.tdata          0x2000000c        0x0 load address 0x08003290
 *(.tdata .tdata.* .gnu.linkonce.td.*)
                0x2000000c                        . = ALIGN (0x4)
                0x2000000c                        _edata = .
                [!provide]                        PROVIDE (__data_end = .)
                [!provide]                        PROVIDE (__tdata_end = .)
                [!provide]                        PROVIDE (__tdata_start = ADDR (.tdata))
                [!provide]                        PROVIDE (__tdata_size = (__tdata_end - __tdata_start))
                [!provide]                        PROVIDE (__data_start = ADDR (.data))
                [!provide]                        PROVIDE (__data_size = (__data_end - __data_start))
                [!provide]                        PROVIDE (__tdata_source = LOADADDR (.tdata))
                [!provide]                        PROVIDE (__tdata_source_end = (LOADADDR (.tdata) + SIZEOF (.tdata)))
                [!provide]                        PROVIDE (__tdata_source_size = (__tdata_source_end - __tdata_source))
                [!provide]                        PROVIDE (__data_source = LOADADDR (.data))
                [!provide]                        PROVIDE (__data_source_end = __tdata_source_end)
                [!provide]                        PROVIDE (__data_source_size = (__data_source_end - __data_source))

.tbss           0x2000000c        0x0 load address 0x08003290
                0x2000000c                        _sbss = .
                0x2000000c                        __bss_start__ = _sbss
 *(.tbss .tbss.*)
                0x2000000c                        . = ALIGN (0x4)
                [!provide]                        PROVIDE (__tbss_end = .)
                [!provide]                        PROVIDE (__tbss_start = ADDR (.tbss))
                [!provide]                        PROVIDE (__tbss_size = (__tbss_end - __tbss_start))
                [!provide]                        PROVIDE (__tbss_offset = (ADDR (.tbss) - ADDR (.tdata)))
                [!provide]                        PROVIDE (__tls_base = __tdata_start)
                [!provide]                        PROVIDE (__tls_end = __tbss_end)
                [!provide]                        PROVIDE (__tls_size = (__tls_end - __tls_base))
                [!provide]                        PROVIDE (__tls_align = MAX (ALIGNOF (.tdata), ALIGNOF (.tbss)))
                [!provide]                        PROVIDE (__tls_size_align = (((__tls_size + __tls_align) - 0x1) & ~ ((__tls_align - 0x1))))
                [!provide]                        PROVIDE (__arm32_tls_tcb_offset = MAX (0x8, __tls_align))
                [!provide]                        PROVIDE (__arm64_tls_tcb_offset = MAX (0x10, __tls_align))

.bss            0x2000000c       0xb8 load address 0x08003290
 *(.bss)
 *(.bss*)
 .bss.completed.1
                0x2000000c        0x1 /home/llsjjz/gnu_toolchain/xpack-arm-none-eabi-gcc-15.2.1-1.1/bin/../lib/gcc/arm-none-eabi/15.2.1/thumb/v7e-m+fp/hard/crtbegin.o
 *fill*         0x2000000d        0x3 
 .bss.object.0  0x20000010       0x18 /home/llsjjz/gnu_toolchain/xpack-arm-none-eabi-gcc-15.2.1-1.1/bin/../lib/gcc/arm-none-eabi/15.2.1/thumb/v7e-m+fp/hard/crtbegin.o
 .bss.uwTick    0x20000028        0x4 cmake/stm32cubemx/CMakeFiles/STM32_Drivers.dir/__/__/Drivers/STM32F4xx_HAL_Driver/Src/stm32f4xx_hal.c.obj
                0x20000028                uwTick
 .bss.hcan1     0x2000002c       0x28 CMakeFiles/stm32f407IGH6_26_9_20_0.dir/Core/Src/can.c.obj
                0x2000002c                hcan1
 .bss.huart1    0x20000054       0x48 CMakeFiles/stm32f407IGH6_26_9_20_0.dir/Core/Src/usart.c.obj
                0x20000054                huart1
 .bss.motor_info
                0x2000009c       0x28 CMakeFiles/stm32f407IGH6_26_9_20_0.dir/func/Src/func_can.c.obj
                0x2000009c                motor_info
 *(COMMON)
                0x200000c4                        . = ALIGN (0x4)
                0x200000c4                        _ebss = .
                0x200000c4                        __bss_end__ = _ebss
                [!provide]                        PROVIDE (__bss_end = .)
                [!provide]                        PROVIDE (__non_tls_bss_start = ADDR (.bss))
                [!provide]                        PROVIDE (__bss_start = __tbss_start)
                [!provide]                        PROVIDE (__bss_size = (__bss_end - __bss_start))

._user_heap_stack
                0x200000c4      0x604 load address 0x08003290
                0x200000c8                        . = ALIGN (0x8)
 *fill*         0x200000c4        0x4 
                [!provide]                        PROVIDE (end = .)
                0x200000c8                        PROVIDE (_end = .)
                0x200002c8                        . = (. + _Min_Heap_Size)
 *fill*         0x200000c8      0x200 
                0x200006c8                        . = (. + _Min_Stack_Size)
 *fill*         0x200002c8      0x400 
                0x200006c8                        . = ALIGN (0x8)

/DISCARD/
 libc.a:*(*)
 libm.a:*(*)
 libgcc.a:*(*)
OUTPUT(stm32f407IGH6_26_9_20_0.elf elf32-littlearm)
LOAD linker stubs

.ARM.attributes
                0x00000000       0x30
 .ARM.attributes
                0x00000000       0x22 /home/llsjjz/gnu_toolchain/xpack-arm-none-eabi-gcc-15.2.1-1.1/bin/../lib/gcc/arm-none-eabi/15.2.1/thumb/v7e-m+fp/hard/crti.o
 .ARM.attributes
                0x00000022       0x34 /home/llsjjz/gnu_toolchain/xpack-arm-none-eabi-gcc-15.2.1-1.1/bin/../lib/gcc/arm-none-eabi/15.2.1/thumb/v7e-m+fp/hard/crtbegin.o
 .ARM.attributes
                0x00000056       0x34 cmake/stm32cubemx/CMakeFiles/STM32_Drivers.dir/__/__/Core/Src/system_stm32f4xx.c.obj
 .ARM.attributes
                0x0000008a       0x34 cmake/stm32cubemx/CMakeFiles/STM32_Drivers.dir/__/__/Drivers/STM32F4xx_HAL_Driver/Src/stm32f4xx_hal_can.c.obj
 .ARM.attributes
                0x000000be       0x34 cmake/stm32cubemx/CMakeFiles/STM32_Drivers.dir/__/__/Drivers/STM32F4xx_HAL_Driver/Src/stm32f4xx_hal_rcc.c.obj
 .ARM.attributes
                0x000000f2       0x34 cmake/stm32cubemx/CMakeFiles/STM32_Drivers.dir/__/__/Drivers/STM32F4xx_HAL_Driver/Src/stm32f4xx_hal_gpio.c.obj
 .ARM.attributes
                0x00000126       0x34 cmake/stm32cubemx/CMakeFiles/STM32_Drivers.dir/__/__/Drivers/STM32F4xx_HAL_Driver/Src/stm32f4xx_hal_dma.c.obj
 .ARM.attributes
                0x0000015a       0x34 cmake/stm32cubemx/CMakeFiles/STM32_Drivers.dir/__/__/Drivers/STM32F4xx_HAL_Driver/Src/stm32f4xx_hal_cortex.c.obj
 .ARM.attributes
                0x0000018e       0x34 cmake/stm32cubemx/CMakeFiles/STM32_Drivers.dir/__/__/Drivers/STM32F4xx_HAL_Driver/Src/stm32f4xx_hal.c.obj
 .ARM.attributes
                0x000001c2       0x34 cmake/stm32cubemx/CMakeFiles/STM32_Drivers.dir/__/__/Drivers/STM32F4xx_HAL_Driver/Src/stm32f4xx_hal_uart.c.obj
 .ARM.attributes
                0x000001f6       0x34 CMakeFiles/stm32f407IGH6_26_9_20_0.dir/Core/Src/main.c.obj
 .ARM.attributes
                0x0000022a       0x34 CMakeFiles/stm32f407IGH6_26_9_20_0.dir/Core/Src/gpio.c.obj
 .ARM.attributes
                0x0000025e       0x34 CMakeFiles/stm32f407IGH6_26_9_20_0.dir/Core/Src/can.c.obj
 .ARM.attributes
                0x00000292       0x34 CMakeFiles/stm32f407IGH6_26_9_20_0.dir/Core/Src/usart.c.obj
 .ARM.attributes
                0x000002c6       0x34 CMakeFiles/stm32f407IGH6_26_9_20_0.dir/Core/Src/stm32f4xx_it.c.obj
 .ARM.attributes
                0x000002fa       0x34 CMakeFiles/stm32f407IGH6_26_9_20_0.dir/Core/Src/stm32f4xx_hal_msp.c.obj
 .ARM.attributes
                0x0000032e       0x21 CMakeFiles/stm32f407IGH6_26_9_20_0.dir/startup_stm32f407xx.s.obj
 .ARM.attributes
                0x0000034f       0x34 CMakeFiles/stm32f407IGH6_26_9_20_0.dir/func/Src/func_can.c.obj
 .ARM.attributes
                0x00000383       0x22 /home/llsjjz/gnu_toolchain/xpack-arm-none-eabi-gcc-15.2.1-1.1/bin/../lib/gcc/arm-none-eabi/15.2.1/thumb/v7e-m+fp/hard/libgcc.a(_aeabi_uldivmod.o)
 .ARM.attributes
                0x000003a5       0x34 /home/llsjjz/gnu_toolchain/xpack-arm-none-eabi-gcc-15.2.1-1.1/bin/../lib/gcc/arm-none-eabi/15.2.1/thumb/v7e-m+fp/hard/libgcc.a(_udivmoddi4.o)
 .ARM.attributes
                0x000003d9       0x22 /home/llsjjz/gnu_toolchain/xpack-arm-none-eabi-gcc-15.2.1-1.1/bin/../lib/gcc/arm-none-eabi/15.2.1/thumb/v7e-m+fp/hard/libgcc.a(_dvmd_tls.o)
 .ARM.attributes
                0x000003fb       0x34 /home/llsjjz/gnu_toolchain/xpack-arm-none-eabi-gcc-15.2.1-1.1/bin/../lib/gcc/arm-none-eabi/15.2.1/../../../../arm-none-eabi/lib/thumb/v7e-m+fp/hard/libg_nano.a(libc_a-memset.o)
 .ARM.attributes
                0x0000042f       0x34 /home/llsjjz/gnu_toolchain/xpack-arm-none-eabi-gcc-15.2.1-1.1/bin/../lib/gcc/arm-none-eabi/15.2.1/../../../../arm-none-eabi/lib/thumb/v7e-m+fp/hard/libg_nano.a(libc_a-init.o)
 .ARM.attributes
                0x00000463       0x22 /home/llsjjz/gnu_toolchain/xpack-arm-none-eabi-gcc-15.2.1-1.1/bin/../lib/gcc/arm-none-eabi/15.2.1/thumb/v7e-m+fp/hard/crtn.o

.comment        0x00000000       0x39
 .comment       0x00000000       0x39 /home/llsjjz/gnu_toolchain/xpack-arm-none-eabi-gcc-15.2.1-1.1/bin/../lib/gcc/arm-none-eabi/15.2.1/thumb/v7e-m+fp/hard/crtbegin.o
                                 0x3a (size before relaxing)
 .comment       0x00000039        0x0 cmake/stm32cubemx/CMakeFiles/STM32_Drivers.dir/__/__/Core/Src/system_stm32f4xx.c.obj
                                 0x3a (size before relaxing)
 .comment       0x00000039        0x0 cmake/stm32cubemx/CMakeFiles/STM32_Drivers.dir/__/__/Drivers/STM32F4xx_HAL_Driver/Src/stm32f4xx_hal_can.c.obj
                                 0x3a (size before relaxing)
 .comment       0x00000039        0x0 cmake/stm32cubemx/CMakeFiles/STM32_Drivers.dir/__/__/Drivers/STM32F4xx_HAL_Driver/Src/stm32f4xx_hal_rcc.c.obj
                                 0x3a (size before relaxing)
 .comment       0x00000039        0x0 cmake/stm32cubemx/CMakeFiles/STM32_Drivers.dir/__/__/Drivers/STM32F4xx_HAL_Driver/Src/stm32f4xx_hal_gpio.c.obj
                                 0x3a (size before relaxing)
 .comment       0x00000039        0x0 cmake/stm32cubemx/CMakeFiles/STM32_Drivers.dir/__/__/Drivers/STM32F4xx_HAL_Driver/Src/stm32f4xx_hal_dma.c.obj
                                 0x3a (size before relaxing)
 .comment       0x00000039        0x0 cmake/stm32cubemx/CMakeFiles/STM32_Drivers.dir/__/__/Drivers/STM32F4xx_HAL_Driver/Src/stm32f4xx_hal_cortex.c.obj
                                 0x3a (size before relaxing)
 .comment       0x00000039        0x0 cmake/stm32cubemx/CMakeFiles/STM32_Drivers.dir/__/__/Drivers/STM32F4xx_HAL_Driver/Src/stm32f4xx_hal.c.obj
                                 0x3a (size before relaxing)
 .comment       0x00000039        0x0 cmake/stm32cubemx/CMakeFiles/STM32_Drivers.dir/__/__/Drivers/STM32F4xx_HAL_Driver/Src/stm32f4xx_hal_uart.c.obj
                                 0x3a (size before relaxing)
 .comment       0x00000039        0x0 CMakeFiles/stm32f407IGH6_26_9_20_0.dir/Core/Src/main.c.obj
                                 0x3a (size before relaxing)
 .comment       0x00000039        0x0 CMakeFiles/stm32f407IGH6_26_9_20_0.dir/Core/Src/gpio.c.obj
                                 0x3a (size before relaxing)
 .comment       0x00000039        0x0 CMakeFiles/stm32f407IGH6_26_9_20_0.dir/Core/Src/can.c.obj
                                 0x3a (size before relaxing)
 .comment       0x00000039        0x0 CMakeFiles/stm32f407IGH6_26_9_20_0.dir/Core/Src/usart.c.obj
                                 0x3a (size before relaxing)
 .comment       0x00000039        0x0 CMakeFiles/stm32f407IGH6_26_9_20_0.dir/Core/Src/stm32f4xx_it.c.obj
                                 0x3a (size before relaxing)
 .comment       0x00000039        0x0 CMakeFiles/stm32f407IGH6_26_9_20_0.dir/Core/Src/stm32f4xx_hal_msp.c.obj
                                 0x3a (size before relaxing)
 .comment       0x00000039        0x0 CMakeFiles/stm32f407IGH6_26_9_20_0.dir/func/Src/func_can.c.obj
                                 0x3a (size before relaxing)
 .comment       0x00000039        0x0 /home/llsjjz/gnu_toolchain/xpack-arm-none-eabi-gcc-15.2.1-1.1/bin/../lib/gcc/arm-none-eabi/15.2.1/thumb/v7e-m+fp/hard/libgcc.a(_udivmoddi4.o)
                                 0x3a (size before relaxing)
 .comment       0x00000039        0x0 /home/llsjjz/gnu_toolchain/xpack-arm-none-eabi-gcc-15.2.1-1.1/bin/../lib/gcc/arm-none-eabi/15.2.1/../../../../arm-none-eabi/lib/thumb/v7e-m+fp/hard/libg_nano.a(libc_a-memset.o)
                                 0x3a (size before relaxing)
 .comment       0x00000039        0x0 /home/llsjjz/gnu_toolchain/xpack-arm-none-eabi-gcc-15.2.1-1.1/bin/../lib/gcc/arm-none-eabi/15.2.1/../../../../arm-none-eabi/lib/thumb/v7e-m+fp/hard/libg_nano.a(libc_a-init.o)
                                 0x3a (size before relaxing)

.debug_info     0x00000000     0xa5f1
 .debug_info    0x00000000      0x512 cmake/stm32cubemx/CMakeFiles/STM32_Drivers.dir/__/__/Core/Src/system_stm32f4xx.c.obj
 .debug_info    0x00000512      0xf49 cmake/stm32cubemx/CMakeFiles/STM32_Drivers.dir/__/__/Drivers/STM32F4xx_HAL_Driver/Src/stm32f4xx_hal_can.c.obj
 .debug_info    0x0000145b      0x8c3 cmake/stm32cubemx/CMakeFiles/STM32_Drivers.dir/__/__/Drivers/STM32F4xx_HAL_Driver/Src/stm32f4xx_hal_rcc.c.obj
 .debug_info    0x00001d1e      0x6c3 cmake/stm32cubemx/CMakeFiles/STM32_Drivers.dir/__/__/Drivers/STM32F4xx_HAL_Driver/Src/stm32f4xx_hal_gpio.c.obj
 .debug_info    0x000023e1      0x8e7 cmake/stm32cubemx/CMakeFiles/STM32_Drivers.dir/__/__/Drivers/STM32F4xx_HAL_Driver/Src/stm32f4xx_hal_dma.c.obj
 .debug_info    0x00002cc8      0xd8c cmake/stm32cubemx/CMakeFiles/STM32_Drivers.dir/__/__/Drivers/STM32F4xx_HAL_Driver/Src/stm32f4xx_hal_cortex.c.obj
 .debug_info    0x00003a54      0x944 cmake/stm32cubemx/CMakeFiles/STM32_Drivers.dir/__/__/Drivers/STM32F4xx_HAL_Driver/Src/stm32f4xx_hal.c.obj
 .debug_info    0x00004398     0x2f4f cmake/stm32cubemx/CMakeFiles/STM32_Drivers.dir/__/__/Drivers/STM32F4xx_HAL_Driver/Src/stm32f4xx_hal_uart.c.obj
 .debug_info    0x000072e7      0x4c3 CMakeFiles/stm32f407IGH6_26_9_20_0.dir/Core/Src/main.c.obj
 .debug_info    0x000077aa      0x2ba CMakeFiles/stm32f407IGH6_26_9_20_0.dir/Core/Src/gpio.c.obj
 .debug_info    0x00007a64      0xabb CMakeFiles/stm32f407IGH6_26_9_20_0.dir/Core/Src/can.c.obj
 .debug_info    0x0000851f      0xba9 CMakeFiles/stm32f407IGH6_26_9_20_0.dir/Core/Src/usart.c.obj
 .debug_info    0x000090c8      0xa1d CMakeFiles/stm32f407IGH6_26_9_20_0.dir/Core/Src/stm32f4xx_it.c.obj
 .debug_info    0x00009ae5      0x269 CMakeFiles/stm32f407IGH6_26_9_20_0.dir/Core/Src/stm32f4xx_hal_msp.c.obj
 .debug_info    0x00009d4e       0x30 CMakeFiles/stm32f407IGH6_26_9_20_0.dir/startup_stm32f407xx.s.obj
 .debug_info    0x00009d7e      0x873 CMakeFiles/stm32f407IGH6_26_9_20_0.dir/func/Src/func_can.c.obj

.debug_abbrev   0x00000000     0x1e16
 .debug_abbrev  0x00000000      0x11a cmake/stm32cubemx/CMakeFiles/STM32_Drivers.dir/__/__/Core/Src/system_stm32f4xx.c.obj
 .debug_abbrev  0x0000011a      0x258 cmake/stm32cubemx/CMakeFiles/STM32_Drivers.dir/__/__/Drivers/STM32F4xx_HAL_Driver/Src/stm32f4xx_hal_can.c.obj
 .debug_abbrev  0x00000372      0x2b7 cmake/stm32cubemx/CMakeFiles/STM32_Drivers.dir/__/__/Drivers/STM32F4xx_HAL_Driver/Src/stm32f4xx_hal_rcc.c.obj
 .debug_abbrev  0x00000629      0x1d4 cmake/stm32cubemx/CMakeFiles/STM32_Drivers.dir/__/__/Drivers/STM32F4xx_HAL_Driver/Src/stm32f4xx_hal_gpio.c.obj
 .debug_abbrev  0x000007fd      0x264 cmake/stm32cubemx/CMakeFiles/STM32_Drivers.dir/__/__/Drivers/STM32F4xx_HAL_Driver/Src/stm32f4xx_hal_dma.c.obj
 .debug_abbrev  0x00000a61      0x31d cmake/stm32cubemx/CMakeFiles/STM32_Drivers.dir/__/__/Drivers/STM32F4xx_HAL_Driver/Src/stm32f4xx_hal_cortex.c.obj
 .debug_abbrev  0x00000d7e      0x214 cmake/stm32cubemx/CMakeFiles/STM32_Drivers.dir/__/__/Drivers/STM32F4xx_HAL_Driver/Src/stm32f4xx_hal.c.obj
 .debug_abbrev  0x00000f92      0x30e cmake/stm32cubemx/CMakeFiles/STM32_Drivers.dir/__/__/Drivers/STM32F4xx_HAL_Driver/Src/stm32f4xx_hal_uart.c.obj
 .debug_abbrev  0x000012a0      0x1de CMakeFiles/stm32f407IGH6_26_9_20_0.dir/Core/Src/main.c.obj
 .debug_abbrev  0x0000147e       0xd8 CMakeFiles/stm32f407IGH6_26_9_20_0.dir/Core/Src/gpio.c.obj
 .debug_abbrev  0x00001556      0x21f CMakeFiles/stm32f407IGH6_26_9_20_0.dir/Core/Src/can.c.obj
 .debug_abbrev  0x00001775      0x218 CMakeFiles/stm32f407IGH6_26_9_20_0.dir/Core/Src/usart.c.obj
 .debug_abbrev  0x0000198d      0x1cc CMakeFiles/stm32f407IGH6_26_9_20_0.dir/Core/Src/stm32f4xx_it.c.obj
 .debug_abbrev  0x00001b59       0xd8 CMakeFiles/stm32f407IGH6_26_9_20_0.dir/Core/Src/stm32f4xx_hal_msp.c.obj
 .debug_abbrev  0x00001c31       0x24 CMakeFiles/stm32f407IGH6_26_9_20_0.dir/startup_stm32f407xx.s.obj
 .debug_abbrev  0x00001c55      0x1c1 CMakeFiles/stm32f407IGH6_26_9_20_0.dir/func/Src/func_can.c.obj

.debug_aranges  0x00000000      0x890
 .debug_aranges
                0x00000000       0x28 cmake/stm32cubemx/CMakeFiles/STM32_Drivers.dir/__/__/Core/Src/system_stm32f4xx.c.obj
 .debug_aranges
                0x00000028      0x138 cmake/stm32cubemx/CMakeFiles/STM32_Drivers.dir/__/__/Drivers/STM32F4xx_HAL_Driver/Src/stm32f4xx_hal_can.c.obj
 .debug_aranges
                0x00000160       0x88 cmake/stm32cubemx/CMakeFiles/STM32_Drivers.dir/__/__/Drivers/STM32F4xx_HAL_Driver/Src/stm32f4xx_hal_rcc.c.obj
 .debug_aranges
                0x000001e8       0x58 cmake/stm32cubemx/CMakeFiles/STM32_Drivers.dir/__/__/Drivers/STM32F4xx_HAL_Driver/Src/stm32f4xx_hal_gpio.c.obj
 .debug_aranges
                0x00000240       0x90 cmake/stm32cubemx/CMakeFiles/STM32_Drivers.dir/__/__/Drivers/STM32F4xx_HAL_Driver/Src/stm32f4xx_hal_dma.c.obj
 .debug_aranges
                0x000002d0      0x130 cmake/stm32cubemx/CMakeFiles/STM32_Drivers.dir/__/__/Drivers/STM32F4xx_HAL_Driver/Src/stm32f4xx_hal_cortex.c.obj
 .debug_aranges
                0x00000400       0xf0 cmake/stm32cubemx/CMakeFiles/STM32_Drivers.dir/__/__/Drivers/STM32F4xx_HAL_Driver/Src/stm32f4xx_hal.c.obj
 .debug_aranges
                0x000004f0      0x208 cmake/stm32cubemx/CMakeFiles/STM32_Drivers.dir/__/__/Drivers/STM32F4xx_HAL_Driver/Src/stm32f4xx_hal_uart.c.obj
 .debug_aranges
                0x000006f8       0x30 CMakeFiles/stm32f407IGH6_26_9_20_0.dir/Core/Src/main.c.obj
 .debug_aranges
                0x00000728       0x20 CMakeFiles/stm32f407IGH6_26_9_20_0.dir/Core/Src/gpio.c.obj
 .debug_aranges
                0x00000748       0x30 CMakeFiles/stm32f407IGH6_26_9_20_0.dir/Core/Src/can.c.obj
 .debug_aranges
                0x00000778       0x30 CMakeFiles/stm32f407IGH6_26_9_20_0.dir/Core/Src/usart.c.obj
 .debug_aranges
                0x000007a8       0x70 CMakeFiles/stm32f407IGH6_26_9_20_0.dir/Core/Src/stm32f4xx_it.c.obj
 .debug_aranges
                0x00000818       0x20 CMakeFiles/stm32f407IGH6_26_9_20_0.dir/Core/Src/stm32f4xx_hal_msp.c.obj
 .debug_aranges
                0x00000838       0x28 CMakeFiles/stm32f407IGH6_26_9_20_0.dir/startup_stm32f407xx.s.obj
 .debug_aranges
                0x00000860       0x30 CMakeFiles/stm32f407IGH6_26_9_20_0.dir/func/Src/func_can.c.obj

.debug_rnglists
                0x00000000      0x676
 .debug_rnglists
                0x00000000       0x1a cmake/stm32cubemx/CMakeFiles/STM32_Drivers.dir/__/__/Core/Src/system_stm32f4xx.c.obj
 .debug_rnglists
                0x0000001a       0xed cmake/stm32cubemx/CMakeFiles/STM32_Drivers.dir/__/__/Drivers/STM32F4xx_HAL_Driver/Src/stm32f4xx_hal_can.c.obj
 .debug_rnglists
                0x00000107       0x66 cmake/stm32cubemx/CMakeFiles/STM32_Drivers.dir/__/__/Drivers/STM32F4xx_HAL_Driver/Src/stm32f4xx_hal_rcc.c.obj
 .debug_rnglists
                0x0000016d       0x3f cmake/stm32cubemx/CMakeFiles/STM32_Drivers.dir/__/__/Drivers/STM32F4xx_HAL_Driver/Src/stm32f4xx_hal_gpio.c.obj
 .debug_rnglists
                0x000001ac       0x70 cmake/stm32cubemx/CMakeFiles/STM32_Drivers.dir/__/__/Drivers/STM32F4xx_HAL_Driver/Src/stm32f4xx_hal_dma.c.obj
 .debug_rnglists
                0x0000021c       0xdf cmake/stm32cubemx/CMakeFiles/STM32_Drivers.dir/__/__/Drivers/STM32F4xx_HAL_Driver/Src/stm32f4xx_hal_cortex.c.obj
 .debug_rnglists
                0x000002fb       0xaf cmake/stm32cubemx/CMakeFiles/STM32_Drivers.dir/__/__/Drivers/STM32F4xx_HAL_Driver/Src/stm32f4xx_hal.c.obj
 .debug_rnglists
                0x000003aa      0x1bc cmake/stm32cubemx/CMakeFiles/STM32_Drivers.dir/__/__/Drivers/STM32F4xx_HAL_Driver/Src/stm32f4xx_hal_uart.c.obj
 .debug_rnglists
                0x00000566       0x20 CMakeFiles/stm32f407IGH6_26_9_20_0.dir/Core/Src/main.c.obj
 .debug_rnglists
                0x00000586       0x14 CMakeFiles/stm32f407IGH6_26_9_20_0.dir/Core/Src/gpio.c.obj
 .debug_rnglists
                0x0000059a       0x20 CMakeFiles/stm32f407IGH6_26_9_20_0.dir/Core/Src/can.c.obj
 .debug_rnglists
                0x000005ba       0x20 CMakeFiles/stm32f407IGH6_26_9_20_0.dir/Core/Src/usart.c.obj
 .debug_rnglists
                0x000005da       0x4f CMakeFiles/stm32f407IGH6_26_9_20_0.dir/Core/Src/stm32f4xx_it.c.obj
 .debug_rnglists
                0x00000629       0x13 CMakeFiles/stm32f407IGH6_26_9_20_0.dir/Core/Src/stm32f4xx_hal_msp.c.obj
 .debug_rnglists
                0x0000063c       0x19 CMakeFiles/stm32f407IGH6_26_9_20_0.dir/startup_stm32f407xx.s.obj
 .debug_rnglists
                0x00000655       0x21 CMakeFiles/stm32f407IGH6_26_9_20_0.dir/func/Src/func_can.c.obj

.debug_macro    0x00000000    0x20274
 .debug_macro   0x00000000      0x1c4 cmake/stm32cubemx/CMakeFiles/STM32_Drivers.dir/__/__/Core/Src/system_stm32f4xx.c.obj
 .debug_macro   0x000001c4      0xaea cmake/stm32cubemx/CMakeFiles/STM32_Drivers.dir/__/__/Core/Src/system_stm32f4xx.c.obj
 .debug_macro   0x00000cae       0x2e cmake/stm32cubemx/CMakeFiles/STM32_Drivers.dir/__/__/Core/Src/system_stm32f4xx.c.obj
 .debug_macro   0x00000cdc       0x2f cmake/stm32cubemx/CMakeFiles/STM32_Drivers.dir/__/__/Core/Src/system_stm32f4xx.c.obj
 .debug_macro   0x00000d0b       0x22 cmake/stm32cubemx/CMakeFiles/STM32_Drivers.dir/__/__/Core/Src/system_stm32f4xx.c.obj
 .debug_macro   0x00000d2d       0x8e cmake/stm32cubemx/CMakeFiles/STM32_Drivers.dir/__/__/Core/Src/system_stm32f4xx.c.obj
 .debug_macro   0x00000dbb       0x51 cmake/stm32cubemx/CMakeFiles/STM32_Drivers.dir/__/__/Core/Src/system_stm32f4xx.c.obj
 .debug_macro   0x00000e0c      0x103 cmake/stm32cubemx/CMakeFiles/STM32_Drivers.dir/__/__/Core/Src/system_stm32f4xx.c.obj
 .debug_macro   0x00000f0f       0x6a cmake/stm32cubemx/CMakeFiles/STM32_Drivers.dir/__/__/Core/Src/system_stm32f4xx.c.obj
 .debug_macro   0x00000f79      0x1df cmake/stm32cubemx/CMakeFiles/STM32_Drivers.dir/__/__/Core/Src/system_stm32f4xx.c.obj
 .debug_macro   0x00001158       0x1c cmake/stm32cubemx/CMakeFiles/STM32_Drivers.dir/__/__/Core/Src/system_stm32f4xx.c.obj
 .debug_macro   0x00001174       0x22 cmake/stm32cubemx/CMakeFiles/STM32_Drivers.dir/__/__/Core/Src/system_stm32f4xx.c.obj
 .debug_macro   0x00001196       0xfb cmake/stm32cubemx/CMakeFiles/STM32_Drivers.dir/__/__/Core/Src/system_stm32f4xx.c.obj
 .debug_macro   0x00001291     0x1011 cmake/stm32cubemx/CMakeFiles/STM32_Drivers.dir/__/__/Core/Src/system_stm32f4xx.c.obj
 .debug_macro   0x000022a2      0x11f cmake/stm32cubemx/CMakeFiles/STM32_Drivers.dir/__/__/Core/Src/system_stm32f4xx.c.obj
 .debug_macro   0x000023c1    0x15ea5 cmake/stm32cubemx/CMakeFiles/STM32_Drivers.dir/__/__/Core/Src/system_stm32f4xx.c.obj
 .debug_macro   0x00018266       0x6d cmake/stm32cubemx/CMakeFiles/STM32_Drivers.dir/__/__/Core/Src/system_stm32f4xx.c.obj
 .debug_macro   0x000182d3      0x29b cmake/stm32cubemx/CMakeFiles/STM32_Drivers.dir/__/__/Core/Src/system_stm32f4xx.c.obj
 .debug_macro   0x0001856e     0x3693 cmake/stm32cubemx/CMakeFiles/STM32_Drivers.dir/__/__/Core/Src/system_stm32f4xx.c.obj
 .debug_macro   0x0001bc01      0x190 cmake/stm32cubemx/CMakeFiles/STM32_Drivers.dir/__/__/Core/Src/system_stm32f4xx.c.obj
 .debug_macro   0x0001bd91       0x5c cmake/stm32cubemx/CMakeFiles/STM32_Drivers.dir/__/__/Core/Src/system_stm32f4xx.c.obj
 .debug_macro   0x0001bded      0x980 cmake/stm32cubemx/CMakeFiles/STM32_Drivers.dir/__/__/Core/Src/system_stm32f4xx.c.obj
 .debug_macro   0x0001c76d      0x9e9 cmake/stm32cubemx/CMakeFiles/STM32_Drivers.dir/__/__/Core/Src/system_stm32f4xx.c.obj
 .debug_macro   0x0001d156      0x115 cmake/stm32cubemx/CMakeFiles/STM32_Drivers.dir/__/__/Core/Src/system_stm32f4xx.c.obj
 .debug_macro   0x0001d26b      0x13e cmake/stm32cubemx/CMakeFiles/STM32_Drivers.dir/__/__/Core/Src/system_stm32f4xx.c.obj
 .debug_macro   0x0001d3a9       0xa5 cmake/stm32cubemx/CMakeFiles/STM32_Drivers.dir/__/__/Core/Src/system_stm32f4xx.c.obj
 .debug_macro   0x0001d44e      0x174 cmake/stm32cubemx/CMakeFiles/STM32_Drivers.dir/__/__/Core/Src/system_stm32f4xx.c.obj
 .debug_macro   0x0001d5c2      0x287 cmake/stm32cubemx/CMakeFiles/STM32_Drivers.dir/__/__/Core/Src/system_stm32f4xx.c.obj
 .debug_macro   0x0001d849       0x5f cmake/stm32cubemx/CMakeFiles/STM32_Drivers.dir/__/__/Core/Src/system_stm32f4xx.c.obj
 .debug_macro   0x0001d8a8      0x236 cmake/stm32cubemx/CMakeFiles/STM32_Drivers.dir/__/__/Core/Src/system_stm32f4xx.c.obj
 .debug_macro   0x0001dade      0x40f cmake/stm32cubemx/CMakeFiles/STM32_Drivers.dir/__/__/Core/Src/system_stm32f4xx.c.obj
 .debug_macro   0x0001deed      0x12c cmake/stm32cubemx/CMakeFiles/STM32_Drivers.dir/__/__/Core/Src/system_stm32f4xx.c.obj
 .debug_macro   0x0001e019      0x21e cmake/stm32cubemx/CMakeFiles/STM32_Drivers.dir/__/__/Core/Src/system_stm32f4xx.c.obj
 .debug_macro   0x0001e237       0x2e cmake/stm32cubemx/CMakeFiles/STM32_Drivers.dir/__/__/Core/Src/system_stm32f4xx.c.obj
 .debug_macro   0x0001e265      0x127 cmake/stm32cubemx/CMakeFiles/STM32_Drivers.dir/__/__/Core/Src/system_stm32f4xx.c.obj
 .debug_macro   0x0001e38c       0x7e cmake/stm32cubemx/CMakeFiles/STM32_Drivers.dir/__/__/Core/Src/system_stm32f4xx.c.obj
 .debug_macro   0x0001e40a       0x89 cmake/stm32cubemx/CMakeFiles/STM32_Drivers.dir/__/__/Core/Src/system_stm32f4xx.c.obj
 .debug_macro   0x0001e493      0x2aa cmake/stm32cubemx/CMakeFiles/STM32_Drivers.dir/__/__/Core/Src/system_stm32f4xx.c.obj
 .debug_macro   0x0001e73d      0x12d cmake/stm32cubemx/CMakeFiles/STM32_Drivers.dir/__/__/Core/Src/system_stm32f4xx.c.obj
 .debug_macro   0x0001e86a      0x1d3 cmake/stm32cubemx/CMakeFiles/STM32_Drivers.dir/__/__/Drivers/STM32F4xx_HAL_Driver/Src/stm32f4xx_hal_can.c.obj
 .debug_macro   0x0001ea3d      0x1e8 cmake/stm32cubemx/CMakeFiles/STM32_Drivers.dir/__/__/Drivers/STM32F4xx_HAL_Driver/Src/stm32f4xx_hal_rcc.c.obj
 .debug_macro   0x0001ec25      0x1ca cmake/stm32cubemx/CMakeFiles/STM32_Drivers.dir/__/__/Drivers/STM32F4xx_HAL_Driver/Src/stm32f4xx_hal_gpio.c.obj
 .debug_macro   0x0001edef      0x1ca cmake/stm32cubemx/CMakeFiles/STM32_Drivers.dir/__/__/Drivers/STM32F4xx_HAL_Driver/Src/stm32f4xx_hal_dma.c.obj
 .debug_macro   0x0001efb9      0x1c4 cmake/stm32cubemx/CMakeFiles/STM32_Drivers.dir/__/__/Drivers/STM32F4xx_HAL_Driver/Src/stm32f4xx_hal_cortex.c.obj
 .debug_macro   0x0001f17d      0x224 cmake/stm32cubemx/CMakeFiles/STM32_Drivers.dir/__/__/Drivers/STM32F4xx_HAL_Driver/Src/stm32f4xx_hal.c.obj
 .debug_macro   0x0001f3a1      0x1c5 cmake/stm32cubemx/CMakeFiles/STM32_Drivers.dir/__/__/Drivers/STM32F4xx_HAL_Driver/Src/stm32f4xx_hal_uart.c.obj
 .debug_macro   0x0001f566      0x1f0 CMakeFiles/stm32f407IGH6_26_9_20_0.dir/Core/Src/main.c.obj
 .debug_macro   0x0001f756      0x1d8 CMakeFiles/stm32f407IGH6_26_9_20_0.dir/Core/Src/gpio.c.obj
 .debug_macro   0x0001f92e      0x1d8 CMakeFiles/stm32f407IGH6_26_9_20_0.dir/Core/Src/can.c.obj
 .debug_macro   0x0001fb06      0x1d8 CMakeFiles/stm32f407IGH6_26_9_20_0.dir/Core/Src/usart.c.obj
 .debug_macro   0x0001fcde      0x1d8 CMakeFiles/stm32f407IGH6_26_9_20_0.dir/Core/Src/stm32f4xx_it.c.obj
 .debug_macro   0x0001feb6      0x1ce CMakeFiles/stm32f407IGH6_26_9_20_0.dir/Core/Src/stm32f4xx_hal_msp.c.obj
 .debug_macro   0x00020084      0x1f0 CMakeFiles/stm32f407IGH6_26_9_20_0.dir/func/Src/func_can.c.obj

.debug_line     0x00000000     0xb2c9
 .debug_line    0x00000000      0x773 cmake/stm32cubemx/CMakeFiles/STM32_Drivers.dir/__/__/Core/Src/system_stm32f4xx.c.obj
 .debug_line    0x00000773     0x11ae cmake/stm32cubemx/CMakeFiles/STM32_Drivers.dir/__/__/Drivers/STM32F4xx_HAL_Driver/Src/stm32f4xx_hal_can.c.obj
 .debug_line    0x00001921      0xdfc cmake/stm32cubemx/CMakeFiles/STM32_Drivers.dir/__/__/Drivers/STM32F4xx_HAL_Driver/Src/stm32f4xx_hal_rcc.c.obj
 .debug_line    0x0000271d      0xb48 cmake/stm32cubemx/CMakeFiles/STM32_Drivers.dir/__/__/Drivers/STM32F4xx_HAL_Driver/Src/stm32f4xx_hal_gpio.c.obj
 .debug_line    0x00003265      0xf6c cmake/stm32cubemx/CMakeFiles/STM32_Drivers.dir/__/__/Drivers/STM32F4xx_HAL_Driver/Src/stm32f4xx_hal_dma.c.obj
 .debug_line    0x000041d1      0xcd1 cmake/stm32cubemx/CMakeFiles/STM32_Drivers.dir/__/__/Drivers/STM32F4xx_HAL_Driver/Src/stm32f4xx_hal_cortex.c.obj
 .debug_line    0x00004ea2      0x9f2 cmake/stm32cubemx/CMakeFiles/STM32_Drivers.dir/__/__/Drivers/STM32F4xx_HAL_Driver/Src/stm32f4xx_hal.c.obj
 .debug_line    0x00005894     0x2537 cmake/stm32cubemx/CMakeFiles/STM32_Drivers.dir/__/__/Drivers/STM32F4xx_HAL_Driver/Src/stm32f4xx_hal_uart.c.obj
 .debug_line    0x00007dcb      0x792 CMakeFiles/stm32f407IGH6_26_9_20_0.dir/Core/Src/main.c.obj
 .debug_line    0x0000855d      0x6fd CMakeFiles/stm32f407IGH6_26_9_20_0.dir/Core/Src/gpio.c.obj
 .debug_line    0x00008c5a      0x772 CMakeFiles/stm32f407IGH6_26_9_20_0.dir/Core/Src/can.c.obj
 .debug_line    0x000093cc      0x780 CMakeFiles/stm32f407IGH6_26_9_20_0.dir/Core/Src/usart.c.obj
 .debug_line    0x00009b4c      0x7dc CMakeFiles/stm32f407IGH6_26_9_20_0.dir/Core/Src/stm32f4xx_it.c.obj
 .debug_line    0x0000a328      0x6fd CMakeFiles/stm32f407IGH6_26_9_20_0.dir/Core/Src/stm32f4xx_hal_msp.c.obj
 .debug_line    0x0000aa25       0x7a CMakeFiles/stm32f407IGH6_26_9_20_0.dir/startup_stm32f407xx.s.obj
 .debug_line    0x0000aa9f      0x82a CMakeFiles/stm32f407IGH6_26_9_20_0.dir/func/Src/func_can.c.obj

.debug_str      0x00000000    0xc1ecf
 .debug_str     0x00000000    0xc1ecf cmake/stm32cubemx/CMakeFiles/STM32_Drivers.dir/__/__/Core/Src/system_stm32f4xx.c.obj
                              0xbf14f (size before relaxing)
 .debug_str     0x000c1ecf        0x0 cmake/stm32cubemx/CMakeFiles/STM32_Drivers.dir/__/__/Drivers/STM32F4xx_HAL_Driver/Src/stm32f4xx_hal_can.c.obj
                              0xbf849 (size before relaxing)
 .debug_str     0x000c1ecf        0x0 cmake/stm32cubemx/CMakeFiles/STM32_Drivers.dir/__/__/Drivers/STM32F4xx_HAL_Driver/Src/stm32f4xx_hal_rcc.c.obj
                              0xbf583 (size before relaxing)
 .debug_str     0x000c1ecf        0x0 cmake/stm32cubemx/CMakeFiles/STM32_Drivers.dir/__/__/Drivers/STM32F4xx_HAL_Driver/Src/stm32f4xx_hal_gpio.c.obj
                              0xbf2ca (size before relaxing)
 .debug_str     0x000c1ecf        0x0 cmake/stm32cubemx/CMakeFiles/STM32_Drivers.dir/__/__/Drivers/STM32F4xx_HAL_Driver/Src/stm32f4xx_hal_dma.c.obj
                              0xbf569 (size before relaxing)
 .debug_str     0x000c1ecf        0x0 cmake/stm32cubemx/CMakeFiles/STM32_Drivers.dir/__/__/Drivers/STM32F4xx_HAL_Driver/Src/stm32f4xx_hal_cortex.c.obj
                              0xbfa4f (size before relaxing)
 .debug_str     0x000c1ecf        0x0 cmake/stm32cubemx/CMakeFiles/STM32_Drivers.dir/__/__/Drivers/STM32F4xx_HAL_Driver/Src/stm32f4xx_hal.c.obj
                              0xbfcd3 (size before relaxing)
 .debug_str     0x000c1ecf        0x0 cmake/stm32cubemx/CMakeFiles/STM32_Drivers.dir/__/__/Drivers/STM32F4xx_HAL_Driver/Src/stm32f4xx_hal_uart.c.obj
                              0xbfb64 (size before relaxing)
 .debug_str     0x000c1ecf        0x0 CMakeFiles/stm32f407IGH6_26_9_20_0.dir/Core/Src/main.c.obj
                              0xbf29f (size before relaxing)
 .debug_str     0x000c1ecf        0x0 CMakeFiles/stm32f407IGH6_26_9_20_0.dir/Core/Src/gpio.c.obj
                              0xbf09f (size before relaxing)
 .debug_str     0x000c1ecf        0x0 CMakeFiles/stm32f407IGH6_26_9_20_0.dir/Core/Src/can.c.obj
                              0xbf94c (size before relaxing)
 .debug_str     0x000c1ecf        0x0 CMakeFiles/stm32f407IGH6_26_9_20_0.dir/Core/Src/usart.c.obj
                              0xbfb5b (size before relaxing)
 .debug_str     0x000c1ecf        0x0 CMakeFiles/stm32f407IGH6_26_9_20_0.dir/Core/Src/stm32f4xx_it.c.obj
                              0xbf765 (size before relaxing)
 .debug_str     0x000c1ecf        0x0 CMakeFiles/stm32f407IGH6_26_9_20_0.dir/Core/Src/stm32f4xx_hal_msp.c.obj
                              0xbf09f (size before relaxing)
 .debug_str     0x000c1ecf        0x0 CMakeFiles/stm32f407IGH6_26_9_20_0.dir/startup_stm32f407xx.s.obj
                                 0xb0 (size before relaxing)
 .debug_str     0x000c1ecf        0x0 CMakeFiles/stm32f407IGH6_26_9_20_0.dir/func/Src/func_can.c.obj
                              0xbf513 (size before relaxing)

.debug_frame    0x00000000     0x20d4
 .debug_frame   0x00000000       0x58 cmake/stm32cubemx/CMakeFiles/STM32_Drivers.dir/__/__/Core/Src/system_stm32f4xx.c.obj
 .debug_frame   0x00000058      0x5a0 cmake/stm32cubemx/CMakeFiles/STM32_Drivers.dir/__/__/Drivers/STM32F4xx_HAL_Driver/Src/stm32f4xx_hal_can.c.obj
 .debug_frame   0x000005f8      0x1f4 cmake/stm32cubemx/CMakeFiles/STM32_Drivers.dir/__/__/Drivers/STM32F4xx_HAL_Driver/Src/stm32f4xx_hal_rcc.c.obj
 .debug_frame   0x000007ec      0x14c cmake/stm32cubemx/CMakeFiles/STM32_Drivers.dir/__/__/Drivers/STM32F4xx_HAL_Driver/Src/stm32f4xx_hal_gpio.c.obj
 .debug_frame   0x00000938      0x250 cmake/stm32cubemx/CMakeFiles/STM32_Drivers.dir/__/__/Drivers/STM32F4xx_HAL_Driver/Src/stm32f4xx_hal_dma.c.obj
 .debug_frame   0x00000b88      0x508 cmake/stm32cubemx/CMakeFiles/STM32_Drivers.dir/__/__/Drivers/STM32F4xx_HAL_Driver/Src/stm32f4xx_hal_cortex.c.obj
 .debug_frame   0x00001090      0x374 cmake/stm32cubemx/CMakeFiles/STM32_Drivers.dir/__/__/Drivers/STM32F4xx_HAL_Driver/Src/stm32f4xx_hal.c.obj
 .debug_frame   0x00001404      0x954 cmake/stm32cubemx/CMakeFiles/STM32_Drivers.dir/__/__/Drivers/STM32F4xx_HAL_Driver/Src/stm32f4xx_hal_uart.c.obj
 .debug_frame   0x00001d58       0x68 CMakeFiles/stm32f407IGH6_26_9_20_0.dir/Core/Src/main.c.obj
 .debug_frame   0x00001dc0       0x38 CMakeFiles/stm32f407IGH6_26_9_20_0.dir/Core/Src/gpio.c.obj
 .debug_frame   0x00001df8       0x74 CMakeFiles/stm32f407IGH6_26_9_20_0.dir/Core/Src/can.c.obj
 .debug_frame   0x00001e6c       0x74 CMakeFiles/stm32f407IGH6_26_9_20_0.dir/Core/Src/usart.c.obj
 .debug_frame   0x00001ee0      0x13c CMakeFiles/stm32f407IGH6_26_9_20_0.dir/Core/Src/stm32f4xx_it.c.obj
 .debug_frame   0x0000201c       0x38 CMakeFiles/stm32f407IGH6_26_9_20_0.dir/Core/Src/stm32f4xx_hal_msp.c.obj
 .debug_frame   0x00002054       0x80 CMakeFiles/stm32f407IGH6_26_9_20_0.dir/func/Src/func_can.c.obj

.debug_line_str
                0x00000000       0x94
 .debug_line_str
                0x00000000       0x94 CMakeFiles/stm32f407IGH6_26_9_20_0.dir/startup_stm32f407xx.s.obj
